Archive member included because of file (symbol)

c:/program/altera/13.0/nios2eds/bin/gnu/h-i686-mingw32/bin/../lib/gcc/nios2-elf/4.1.2/../../../../nios2-elf/lib/mno-hw-mul\libsmallc.a(lib_a-puts.o)
                              obj/default/led.o (puts)
c:/program/altera/13.0/nios2eds/bin/gnu/h-i686-mingw32/bin/../lib/gcc/nios2-elf/4.1.2/../../../../nios2-elf/lib/mno-hw-mul\libsmallc.a(lib_a-strlen.o)
                              c:/program/altera/13.0/nios2eds/bin/gnu/h-i686-mingw32/bin/../lib/gcc/nios2-elf/4.1.2/../../../../nios2-elf/lib/mno-hw-mul\libsmallc.a(lib_a-puts.o) (strlen)
c:/program/altera/13.0/nios2eds/bin/gnu/h-i686-mingw32/bin/../lib/gcc/nios2-elf/4.1.2/../../../../nios2-elf/lib/mno-hw-mul\libsmallc.a(lib_a-fvwrite_small_dev.o)
                              c:/program/altera/13.0/nios2eds/bin/gnu/h-i686-mingw32/bin/../lib/gcc/nios2-elf/4.1.2/../../../../nios2-elf/lib/mno-hw-mul\libsmallc.a(lib_a-puts.o) (__sfvwrite_small_dev)
c:/program/altera/13.0/nios2eds/bin/gnu/h-i686-mingw32/bin/../lib/gcc/nios2-elf/4.1.2/../../../../nios2-elf/lib/mno-hw-mul\libsmallc.a(lib_a-impure.o)
                              c:/program/altera/13.0/nios2eds/bin/gnu/h-i686-mingw32/bin/../lib/gcc/nios2-elf/4.1.2/../../../../nios2-elf/lib/mno-hw-mul\libsmallc.a(lib_a-puts.o) (_impure_ptr)
c:/program/altera/13.0/nios2eds/bin/gnu/h-i686-mingw32/bin/../lib/gcc/nios2-elf/4.1.2/../../../../nios2-elf/lib/mno-hw-mul\libsmallc.a(lib_a-writer.o)
                              c:/program/altera/13.0/nios2eds/bin/gnu/h-i686-mingw32/bin/../lib/gcc/nios2-elf/4.1.2/../../../../nios2-elf/lib/mno-hw-mul\libsmallc.a(lib_a-fvwrite_small_dev.o) (_write_r)
c:/program/altera/13.0/nios2eds/bin/gnu/h-i686-mingw32/bin/../lib/gcc/nios2-elf/4.1.2/../../../../nios2-elf/lib/mno-hw-mul\libsmallc.a(lib_a-int_errno.o)
                              c:/program/altera/13.0/nios2eds/bin/gnu/h-i686-mingw32/bin/../lib/gcc/nios2-elf/4.1.2/../../../../nios2-elf/lib/mno-hw-mul\libsmallc.a(lib_a-writer.o) (errno)
../led_bsp/\libhal_bsp.a(alt_load.o)
                              ../led_bsp//obj/HAL/src/crt0.o (alt_load)
../led_bsp/\libhal_bsp.a(alt_write.o)
                              c:/program/altera/13.0/nios2eds/bin/gnu/h-i686-mingw32/bin/../lib/gcc/nios2-elf/4.1.2/../../../../nios2-elf/lib/mno-hw-mul\libsmallc.a(lib_a-writer.o) (write)
../led_bsp/\libhal_bsp.a(alt_sys_init.o)
                              ../led_bsp/\libhal_bsp.a(alt_write.o) (jtag_uart)
../led_bsp/\libhal_bsp.a(altera_avalon_jtag_uart_write.o)
                              ../led_bsp/\libhal_bsp.a(alt_write.o) (altera_avalon_jtag_uart_write)
../led_bsp/\libhal_bsp.a(alt_dcache_flush_all.o)
                              ../led_bsp/\libhal_bsp.a(alt_load.o) (alt_dcache_flush_all)
../led_bsp/\libhal_bsp.a(alt_errno.o)
                              ../led_bsp/\libhal_bsp.a(alt_write.o) (alt_errno)
../led_bsp/\libhal_bsp.a(alt_icache_flush_all.o)
                              ../led_bsp/\libhal_bsp.a(alt_load.o) (alt_icache_flush_all)
../led_bsp/\libhal_bsp.a(altera_nios2_qsys_irq.o)
                              ../led_bsp/\libhal_bsp.a(alt_sys_init.o) (altera_nios2_qsys_irq_init)

Allocating common symbols
Common symbol       size              file

errno               0x4               c:/program/altera/13.0/nios2eds/bin/gnu/h-i686-mingw32/bin/../lib/gcc/nios2-elf/4.1.2/../../../../nios2-elf/lib/mno-hw-mul\libsmallc.a(lib_a-int_errno.o)

Memory Configuration

Name             Origin             Length             Attributes
reset            0x00010000         0x00000020
onchip_memory    0x00010020         0x00009fe0
*default*        0x00000000         0xffffffff

Linker script and memory map

LOAD ../led_bsp//obj/HAL/src/crt0.o
                0x0001000c                exit = _exit
LOAD obj/default/led.o
LOAD c:/program/altera/13.0/nios2eds/bin/gnu/h-i686-mingw32/bin/../lib/gcc/nios2-elf/4.1.2/../../../../nios2-elf/lib/mno-hw-mul\libstdc++.a
LOAD c:/program/altera/13.0/nios2eds/bin/gnu/h-i686-mingw32/bin/../lib/gcc/nios2-elf/4.1.2/../../../../nios2-elf/lib/mno-hw-mul\libm.a
LOAD c:/program/altera/13.0/nios2eds/bin/gnu/h-i686-mingw32/bin/../lib/gcc/nios2-elf/4.1.2/mno-hw-mul\libgcc.a
START GROUP
LOAD c:/program/altera/13.0/nios2eds/bin/gnu/h-i686-mingw32/bin/../lib/gcc/nios2-elf/4.1.2/../../../../nios2-elf/lib/mno-hw-mul\libsmallc.a
LOAD c:/program/altera/13.0/nios2eds/bin/gnu/h-i686-mingw32/bin/../lib/gcc/nios2-elf/4.1.2/mno-hw-mul\libgcc.a
LOAD ../led_bsp/\libhal_bsp.a
END GROUP
LOAD c:/program/altera/13.0/nios2eds/bin/gnu/h-i686-mingw32/bin/../lib/gcc/nios2-elf/4.1.2/mno-hw-mul\libgcc.a
                0x00010000                __alt_mem_onchip_memory = 0x10000

.entry          0x00010000       0x20
 *(.entry)
 .entry         0x00010000       0x20 ../led_bsp//obj/HAL/src/crt0.o
                0x00010000                __reset
                0x0001000c                _exit

.exceptions     0x00010020        0x0
                0x00010020                PROVIDE (__ram_exceptions_start, ABSOLUTE (.))
                0x00010020                . = ALIGN (0x20)
 *(.irq)
 *(.exceptions.entry.label)
 *(.exceptions.entry.user)
 *(.exceptions.entry)
 *(.exceptions.irqtest.user)
 *(.exceptions.irqtest)
 *(.exceptions.irqhandler.user)
 *(.exceptions.irqhandler)
 *(.exceptions.irqreturn.user)
 *(.exceptions.irqreturn)
 *(.exceptions.notirq.label)
 *(.exceptions.notirq.user)
 *(.exceptions.notirq)
 *(.exceptions.soft.user)
 *(.exceptions.soft)
 *(.exceptions.unknown.user)
 *(.exceptions.unknown)
 *(.exceptions.exit.label)
 *(.exceptions.exit.user)
 *(.exceptions.exit)
 *(.exceptions)
                0x00010020                PROVIDE (__ram_exceptions_end, ABSOLUTE (.))
                0x00010020                PROVIDE (__flash_exceptions_start, LOADADDR (.exceptions))

.text           0x00010020      0x624
                0x00010020                PROVIDE (stext, ABSOLUTE (.))
 *(.interp)
 *(.hash)
 *(.dynsym)
 *(.dynstr)
 *(.gnu.version)
 *(.gnu.version_d)
 *(.gnu.version_r)
 *(.rel.init)
 *(.rela.init)
 *(.rel.text .rel.text.* .rel.gnu.linkonce.t.*)
 *(.rela.text .rela.text.* .rela.gnu.linkonce.t.*)
 *(.rel.fini)
 *(.rela.fini)
 *(.rel.rodata .rel.rodata.* .rel.gnu.linkonce.r.*)
 *(.rela.rodata .rela.rodata.* .rela.gnu.linkonce.r.*)
 *(.rel.data .rel.data.* .rel.gnu.linkonce.d.*)
 *(.rela.data .rela.data.* .rela.gnu.linkonce.d.*)
 *(.rel.tdata .rel.tdata.* .rel.gnu.linkonce.td.*)
 *(.rela.tdata .rela.tdata.* .rela.gnu.linkonce.td.*)
 *(.rel.tbss .rel.tbss.* .rel.gnu.linkonce.tb.*)
 *(.rela.tbss .rela.tbss.* .rela.gnu.linkonce.tb.*)
 *(.rel.ctors)
 *(.rela.ctors)
 *(.rel.dtors)
 *(.rela.dtors)
 *(.rel.got)
 *(.rela.got)
 *(.rel.sdata .rel.sdata.* .rel.gnu.linkonce.s.*)
 *(.rela.sdata .rela.sdata.* .rela.gnu.linkonce.s.*)
 *(.rel.sbss .rel.sbss.* .rel.gnu.linkonce.sb.*)
 *(.rela.sbss .rela.sbss.* .rela.gnu.linkonce.sb.*)
 *(.rel.sdata2 .rel.sdata2.* .rel.gnu.linkonce.s2.*)
 *(.rela.sdata2 .rela.sdata2.* .rela.gnu.linkonce.s2.*)
 *(.rel.sbss2 .rel.sbss2.* .rel.gnu.linkonce.sb2.*)
 *(.rela.sbss2 .rela.sbss2.* .rela.gnu.linkonce.sb2.*)
 *(.rel.bss .rel.bss.* .rel.gnu.linkonce.b.*)
 *(.rela.bss .rela.bss.* .rela.gnu.linkonce.b.*)
 *(.rel.plt)
 *(.rela.plt)
 *(.rel.dyn)
 *(.init)
 *(.plt)
 *(.text .stub .text.* .gnu.linkonce.t.*)
 .text          0x00010020       0x3c ../led_bsp//obj/HAL/src/crt0.o
                0x00010020                _start
 .text          0x0001005c       0xa8 obj/default/led.o
                0x0001005c                alt_main
                0x000100c0                delay
 .text          0x00010104       0xa4 c:/program/altera/13.0/nios2eds/bin/gnu/h-i686-mingw32/bin/../lib/gcc/nios2-elf/4.1.2/../../../../nios2-elf/lib/mno-hw-mul\libsmallc.a(lib_a-puts.o)
                0x00010104                _puts_r
                0x00010194                puts
 .text          0x000101a8       0x20 c:/program/altera/13.0/nios2eds/bin/gnu/h-i686-mingw32/bin/../lib/gcc/nios2-elf/4.1.2/../../../../nios2-elf/lib/mno-hw-mul\libsmallc.a(lib_a-strlen.o)
                0x000101a8                strlen
 .text          0x000101c8       0xbc c:/program/altera/13.0/nios2eds/bin/gnu/h-i686-mingw32/bin/../lib/gcc/nios2-elf/4.1.2/../../../../nios2-elf/lib/mno-hw-mul\libsmallc.a(lib_a-fvwrite_small_dev.o)
                0x000101c8                __sfvwrite_small_dev
 .text          0x00010284        0x0 c:/program/altera/13.0/nios2eds/bin/gnu/h-i686-mingw32/bin/../lib/gcc/nios2-elf/4.1.2/../../../../nios2-elf/lib/mno-hw-mul\libsmallc.a(lib_a-impure.o)
 .text          0x00010284       0x78 c:/program/altera/13.0/nios2eds/bin/gnu/h-i686-mingw32/bin/../lib/gcc/nios2-elf/4.1.2/../../../../nios2-elf/lib/mno-hw-mul\libsmallc.a(lib_a-writer.o)
                0x00010284                _write_r
 .text          0x000102fc        0x0 c:/program/altera/13.0/nios2eds/bin/gnu/h-i686-mingw32/bin/../lib/gcc/nios2-elf/4.1.2/../../../../nios2-elf/lib/mno-hw-mul\libsmallc.a(lib_a-int_errno.o)
 .text          0x000102fc       0xec ../led_bsp/\libhal_bsp.a(alt_load.o)
                0x000102fc                alt_load
 .text          0x000103e8      0x110 ../led_bsp/\libhal_bsp.a(alt_write.o)
                0x000103e8                write
 .text          0x000104f8       0x50 ../led_bsp/\libhal_bsp.a(alt_sys_init.o)
                0x000104f8                alt_irq_init
                0x0001052c                alt_sys_init
 .text          0x00010548       0xa4 ../led_bsp/\libhal_bsp.a(altera_avalon_jtag_uart_write.o)
                0x00010548                altera_avalon_jtag_uart_write
 .text          0x000105ec       0x1c ../led_bsp/\libhal_bsp.a(alt_dcache_flush_all.o)
                0x000105ec                alt_dcache_flush_all
 .text          0x00010608        0x0 ../led_bsp/\libhal_bsp.a(alt_errno.o)
 .text          0x00010608       0x1c ../led_bsp/\libhal_bsp.a(alt_icache_flush_all.o)
                0x00010608                alt_icache_flush_all
 .text          0x00010624       0x20 ../led_bsp/\libhal_bsp.a(altera_nios2_qsys_irq.o)
                0x00010624                altera_nios2_qsys_irq_init
 *(.gnu.warning.*)
 *(.fini)
                0x00010644                PROVIDE (__etext, ABSOLUTE (.))
                0x00010644                PROVIDE (_etext, ABSOLUTE (.))
                0x00010644                PROVIDE (etext, ABSOLUTE (.))
 *(.eh_frame_hdr)
                0x00010644                . = ALIGN (0x4)
                0x00010644                PROVIDE (__preinit_array_start, ABSOLUTE (.))
 *(.preinit_array)
                0x00010644                PROVIDE (__preinit_array_end, ABSOLUTE (.))
                0x00010644                PROVIDE (__init_array_start, ABSOLUTE (.))
 *(.init_array)
                0x00010644                PROVIDE (__init_array_end, ABSOLUTE (.))
                0x00010644                PROVIDE (__fini_array_start, ABSOLUTE (.))
 *(.fini_array)
                0x00010644                PROVIDE (__fini_array_end, ABSOLUTE (.))
 *(.eh_frame)
 *(.gcc_except_table)
 *(.dynamic)
                0x00010644                PROVIDE (__CTOR_LIST__, ABSOLUTE (.))
 *(.ctors)
 *(SORT(.ctors.*))
                0x00010644                PROVIDE (__CTOR_END__, ABSOLUTE (.))
                0x00010644                PROVIDE (__DTOR_LIST__, ABSOLUTE (.))
 *(.dtors)
 *(SORT(.dtors.*))
                0x00010644                PROVIDE (__DTOR_END__, ABSOLUTE (.))
 *(.jcr)
                0x00010644                . = ALIGN (0x4)

.rodata         0x00010644        0xc
                0x00010644                PROVIDE (__ram_rodata_start, ABSOLUTE (.))
                0x00010644                . = ALIGN (0x4)
 *(.rodata .rodata.* .gnu.linkonce.r.*)
 .rodata        0x00010644        0x8 obj/default/led.o
 .rodata.str1.4
                0x0001064c        0x4 c:/program/altera/13.0/nios2eds/bin/gnu/h-i686-mingw32/bin/../lib/gcc/nios2-elf/4.1.2/../../../../nios2-elf/lib/mno-hw-mul\libsmallc.a(lib_a-puts.o)
 *(.rodata1)
                0x00010650                . = ALIGN (0x4)
                0x00010650                PROVIDE (__ram_rodata_end, ABSOLUTE (.))
                0x00010644                PROVIDE (__flash_rodata_start, LOADADDR (.rodata))

.rwdata         0x00010650       0xf0 load address 0x00010740
                0x00010650                PROVIDE (__ram_rwdata_start, ABSOLUTE (.))
                0x00010650                . = ALIGN (0x4)
 *(.got.plt)
 *(.got)
 *(.data1)
 *(.data .data.* .gnu.linkonce.d.*)
 .data          0x00010650        0x0 ../led_bsp//obj/HAL/src/crt0.o
 .data          0x00010650        0x0 obj/default/led.o
 .data          0x00010650        0x0 c:/program/altera/13.0/nios2eds/bin/gnu/h-i686-mingw32/bin/../lib/gcc/nios2-elf/4.1.2/../../../../nios2-elf/lib/mno-hw-mul\libsmallc.a(lib_a-puts.o)
 .data          0x00010650        0x0 c:/program/altera/13.0/nios2eds/bin/gnu/h-i686-mingw32/bin/../lib/gcc/nios2-elf/4.1.2/../../../../nios2-elf/lib/mno-hw-mul\libsmallc.a(lib_a-strlen.o)
 .data          0x00010650        0x0 c:/program/altera/13.0/nios2eds/bin/gnu/h-i686-mingw32/bin/../lib/gcc/nios2-elf/4.1.2/../../../../nios2-elf/lib/mno-hw-mul\libsmallc.a(lib_a-fvwrite_small_dev.o)
 .data          0x00010650       0xe0 c:/program/altera/13.0/nios2eds/bin/gnu/h-i686-mingw32/bin/../lib/gcc/nios2-elf/4.1.2/../../../../nios2-elf/lib/mno-hw-mul\libsmallc.a(lib_a-impure.o)
 .data          0x00010730        0x0 c:/program/altera/13.0/nios2eds/bin/gnu/h-i686-mingw32/bin/../lib/gcc/nios2-elf/4.1.2/../../../../nios2-elf/lib/mno-hw-mul\libsmallc.a(lib_a-writer.o)
 .data          0x00010730        0x0 c:/program/altera/13.0/nios2eds/bin/gnu/h-i686-mingw32/bin/../lib/gcc/nios2-elf/4.1.2/../../../../nios2-elf/lib/mno-hw-mul\libsmallc.a(lib_a-int_errno.o)
 .data          0x00010730        0x0 ../led_bsp/\libhal_bsp.a(alt_load.o)
 .data          0x00010730        0x0 ../led_bsp/\libhal_bsp.a(alt_write.o)
 .data          0x00010730        0x0 ../led_bsp/\libhal_bsp.a(alt_sys_init.o)
 .data          0x00010730        0x0 ../led_bsp/\libhal_bsp.a(altera_avalon_jtag_uart_write.o)
 .data          0x00010730        0x0 ../led_bsp/\libhal_bsp.a(alt_dcache_flush_all.o)
 .data          0x00010730        0x0 ../led_bsp/\libhal_bsp.a(alt_errno.o)
 .data          0x00010730        0x0 ../led_bsp/\libhal_bsp.a(alt_icache_flush_all.o)
 .data          0x00010730        0x0 ../led_bsp/\libhal_bsp.a(altera_nios2_qsys_irq.o)
                0x00018730                _gp = ABSOLUTE ((. + 0x8000))
                0x00018730                PROVIDE (gp, _gp)
 *(.rwdata .rwdata.*)
 *(.sdata .sdata.* .gnu.linkonce.s.*)
 .sdata         0x00010730        0x8 c:/program/altera/13.0/nios2eds/bin/gnu/h-i686-mingw32/bin/../lib/gcc/nios2-elf/4.1.2/../../../../nios2-elf/lib/mno-hw-mul\libsmallc.a(lib_a-impure.o)
                0x00010730                _impure_ptr
                0x00010734                _global_impure_ptr
 .sdata         0x00010738        0x4 ../led_bsp/\libhal_bsp.a(alt_sys_init.o)
                0x00010738                jtag_uart
 .sdata         0x0001073c        0x4 ../led_bsp/\libhal_bsp.a(alt_errno.o)
                0x0001073c                alt_errno
 *(.sdata2 .sdata2.* .gnu.linkonce.s2.*)
                0x00010740                . = ALIGN (0x4)
                0x00010740                _edata = ABSOLUTE (.)
                0x00010740                PROVIDE (edata, ABSOLUTE (.))
                0x00010740                PROVIDE (__ram_rwdata_end, ABSOLUTE (.))
                0x00010740                PROVIDE (__flash_rwdata_start, LOADADDR (.rwdata))

.bss            0x00010830        0x4
                0x00010830                __bss_start = ABSOLUTE (.)
                0x00010830                PROVIDE (__sbss_start, ABSOLUTE (.))
                0x00010830                PROVIDE (___sbss_start, ABSOLUTE (.))
 *(.dynsbss)
 *(.sbss .sbss.* .gnu.linkonce.sb.*)
 .sbss          0x00010830        0x4 c:/program/altera/13.0/nios2eds/bin/gnu/h-i686-mingw32/bin/../lib/gcc/nios2-elf/4.1.2/../../../../nios2-elf/lib/mno-hw-mul\libsmallc.a(lib_a-int_errno.o)
                0x00010830                errno
 *(.sbss2 .sbss2.* .gnu.linkonce.sb2.*)
 *(.scommon)
                0x00010834                PROVIDE (__sbss_end, ABSOLUTE (.))
                0x00010834                PROVIDE (___sbss_end, ABSOLUTE (.))
 *(.dynbss)
 *(.bss .bss.* .gnu.linkonce.b.*)
 .bss           0x00010834        0x0 ../led_bsp//obj/HAL/src/crt0.o
 .bss           0x00010834        0x0 obj/default/led.o
 .bss           0x00010834        0x0 c:/program/altera/13.0/nios2eds/bin/gnu/h-i686-mingw32/bin/../lib/gcc/nios2-elf/4.1.2/../../../../nios2-elf/lib/mno-hw-mul\libsmallc.a(lib_a-puts.o)
 .bss           0x00010834        0x0 c:/program/altera/13.0/nios2eds/bin/gnu/h-i686-mingw32/bin/../lib/gcc/nios2-elf/4.1.2/../../../../nios2-elf/lib/mno-hw-mul\libsmallc.a(lib_a-strlen.o)
 .bss           0x00010834        0x0 c:/program/altera/13.0/nios2eds/bin/gnu/h-i686-mingw32/bin/../lib/gcc/nios2-elf/4.1.2/../../../../nios2-elf/lib/mno-hw-mul\libsmallc.a(lib_a-fvwrite_small_dev.o)
 .bss           0x00010834        0x0 c:/program/altera/13.0/nios2eds/bin/gnu/h-i686-mingw32/bin/../lib/gcc/nios2-elf/4.1.2/../../../../nios2-elf/lib/mno-hw-mul\libsmallc.a(lib_a-impure.o)
 .bss           0x00010834        0x0 c:/program/altera/13.0/nios2eds/bin/gnu/h-i686-mingw32/bin/../lib/gcc/nios2-elf/4.1.2/../../../../nios2-elf/lib/mno-hw-mul\libsmallc.a(lib_a-writer.o)
 .bss           0x00010834        0x0 c:/program/altera/13.0/nios2eds/bin/gnu/h-i686-mingw32/bin/../lib/gcc/nios2-elf/4.1.2/../../../../nios2-elf/lib/mno-hw-mul\libsmallc.a(lib_a-int_errno.o)
 .bss           0x00010834        0x0 ../led_bsp/\libhal_bsp.a(alt_load.o)
 .bss           0x00010834        0x0 ../led_bsp/\libhal_bsp.a(alt_write.o)
 .bss           0x00010834        0x0 ../led_bsp/\libhal_bsp.a(alt_sys_init.o)
 .bss           0x00010834        0x0 ../led_bsp/\libhal_bsp.a(altera_avalon_jtag_uart_write.o)
 .bss           0x00010834        0x0 ../led_bsp/\libhal_bsp.a(alt_dcache_flush_all.o)
 .bss           0x00010834        0x0 ../led_bsp/\libhal_bsp.a(alt_errno.o)
 .bss           0x00010834        0x0 ../led_bsp/\libhal_bsp.a(alt_icache_flush_all.o)
 .bss           0x00010834        0x0 ../led_bsp/\libhal_bsp.a(altera_nios2_qsys_irq.o)
 *(COMMON)
                0x00010834                . = ALIGN (0x4)
                0x00010834                __bss_end = ABSOLUTE (.)

.onchip_memory  0x00010834        0x0
                0x00010834                PROVIDE (_alt_partition_onchip_memory_start, ABSOLUTE (.))
 *(.onchip_memory. onchip_memory.*)
                0x00010834                . = ALIGN (0x4)
                0x00010834                PROVIDE (_alt_partition_onchip_memory_end, ABSOLUTE (.))
                0x00010834                _end = ABSOLUTE (.)
                0x00010834                end = ABSOLUTE (.)
                0x00010834                __alt_stack_base = ABSOLUTE (.)
                0x00010834                PROVIDE (_alt_partition_onchip_memory_load_addr, LOADADDR (.onchip_memory))

.stab
 *(.stab)

.stabstr
 *(.stabstr)

.stab.excl
 *(.stab.excl)

.stab.exclstr
 *(.stab.exclstr)

.stab.index
 *(.stab.index)

.stab.indexstr
 *(.stab.indexstr)

.comment        0x00000000       0x23
 *(.comment)
 .comment       0x00000000       0x23 obj/default/led.o
                                 0x24 (size before relaxing)
 .comment       0x00000000       0x24 c:/program/altera/13.0/nios2eds/bin/gnu/h-i686-mingw32/bin/../lib/gcc/nios2-elf/4.1.2/../../../../nios2-elf/lib/mno-hw-mul\libsmallc.a(lib_a-puts.o)
 .comment       0x00000000       0x24 c:/program/altera/13.0/nios2eds/bin/gnu/h-i686-mingw32/bin/../lib/gcc/nios2-elf/4.1.2/../../../../nios2-elf/lib/mno-hw-mul\libsmallc.a(lib_a-strlen.o)
 .comment       0x00000000       0x24 c:/program/altera/13.0/nios2eds/bin/gnu/h-i686-mingw32/bin/../lib/gcc/nios2-elf/4.1.2/../../../../nios2-elf/lib/mno-hw-mul\libsmallc.a(lib_a-fvwrite_small_dev.o)
 .comment       0x00000000       0x24 c:/program/altera/13.0/nios2eds/bin/gnu/h-i686-mingw32/bin/../lib/gcc/nios2-elf/4.1.2/../../../../nios2-elf/lib/mno-hw-mul\libsmallc.a(lib_a-impure.o)
 .comment       0x00000000       0x24 c:/program/altera/13.0/nios2eds/bin/gnu/h-i686-mingw32/bin/../lib/gcc/nios2-elf/4.1.2/../../../../nios2-elf/lib/mno-hw-mul\libsmallc.a(lib_a-writer.o)
 .comment       0x00000000       0x24 c:/program/altera/13.0/nios2eds/bin/gnu/h-i686-mingw32/bin/../lib/gcc/nios2-elf/4.1.2/../../../../nios2-elf/lib/mno-hw-mul\libsmallc.a(lib_a-int_errno.o)
 .comment       0x00000000       0x24 ../led_bsp/\libhal_bsp.a(alt_load.o)
 .comment       0x00000000       0x24 ../led_bsp/\libhal_bsp.a(alt_write.o)
 .comment       0x00000000       0x24 ../led_bsp/\libhal_bsp.a(alt_sys_init.o)
 .comment       0x00000000       0x24 ../led_bsp/\libhal_bsp.a(altera_avalon_jtag_uart_write.o)
 .comment       0x00000000       0x24 ../led_bsp/\libhal_bsp.a(alt_dcache_flush_all.o)
 .comment       0x00000000       0x24 ../led_bsp/\libhal_bsp.a(alt_errno.o)
 .comment       0x00000000       0x24 ../led_bsp/\libhal_bsp.a(alt_icache_flush_all.o)
 .comment       0x00000000       0x24 ../led_bsp/\libhal_bsp.a(altera_nios2_qsys_irq.o)

.debug
 *(.debug)

.line
 *(.line)

.debug_srcinfo
 *(.debug_srcinfo)

.debug_sfnames
 *(.debug_sfnames)

.debug_aranges  0x00000000      0x1a8
 *(.debug_aranges)
 .debug_aranges
                0x00000000       0x28 ../led_bsp//obj/HAL/src/crt0.o
 .debug_aranges
                0x00000028       0x20 obj/default/led.o
 .debug_aranges
                0x00000048       0x20 c:/program/altera/13.0/nios2eds/bin/gnu/h-i686-mingw32/bin/../lib/gcc/nios2-elf/4.1.2/../../../../nios2-elf/lib/mno-hw-mul\libsmallc.a(lib_a-puts.o)
 .debug_aranges
                0x00000068       0x20 c:/program/altera/13.0/nios2eds/bin/gnu/h-i686-mingw32/bin/../lib/gcc/nios2-elf/4.1.2/../../../../nios2-elf/lib/mno-hw-mul\libsmallc.a(lib_a-strlen.o)
 .debug_aranges
                0x00000088       0x20 c:/program/altera/13.0/nios2eds/bin/gnu/h-i686-mingw32/bin/../lib/gcc/nios2-elf/4.1.2/../../../../nios2-elf/lib/mno-hw-mul\libsmallc.a(lib_a-fvwrite_small_dev.o)
 .debug_aranges
                0x000000a8       0x20 c:/program/altera/13.0/nios2eds/bin/gnu/h-i686-mingw32/bin/../lib/gcc/nios2-elf/4.1.2/../../../../nios2-elf/lib/mno-hw-mul\libsmallc.a(lib_a-writer.o)
 .debug_aranges
                0x000000c8       0x20 ../led_bsp/\libhal_bsp.a(alt_load.o)
 .debug_aranges
                0x000000e8       0x20 ../led_bsp/\libhal_bsp.a(alt_write.o)
 .debug_aranges
                0x00000108       0x20 ../led_bsp/\libhal_bsp.a(alt_sys_init.o)
 .debug_aranges
                0x00000128       0x20 ../led_bsp/\libhal_bsp.a(altera_avalon_jtag_uart_write.o)
 .debug_aranges
                0x00000148       0x20 ../led_bsp/\libhal_bsp.a(alt_dcache_flush_all.o)
 .debug_aranges
                0x00000168       0x20 ../led_bsp/\libhal_bsp.a(alt_icache_flush_all.o)
 .debug_aranges
                0x00000188       0x20 ../led_bsp/\libhal_bsp.a(altera_nios2_qsys_irq.o)

.debug_pubnames
                0x00000000      0x264
 *(.debug_pubnames)
 .debug_pubnames
                0x00000000       0x29 obj/default/led.o
 .debug_pubnames
                0x00000029       0x27 c:/program/altera/13.0/nios2eds/bin/gnu/h-i686-mingw32/bin/../lib/gcc/nios2-elf/4.1.2/../../../../nios2-elf/lib/mno-hw-mul\libsmallc.a(lib_a-puts.o)
 .debug_pubnames
                0x00000050       0x1d c:/program/altera/13.0/nios2eds/bin/gnu/h-i686-mingw32/bin/../lib/gcc/nios2-elf/4.1.2/../../../../nios2-elf/lib/mno-hw-mul\libsmallc.a(lib_a-strlen.o)
 .debug_pubnames
                0x0000006d       0x2b c:/program/altera/13.0/nios2eds/bin/gnu/h-i686-mingw32/bin/../lib/gcc/nios2-elf/4.1.2/../../../../nios2-elf/lib/mno-hw-mul\libsmallc.a(lib_a-fvwrite_small_dev.o)
 .debug_pubnames
                0x00000098       0x39 c:/program/altera/13.0/nios2eds/bin/gnu/h-i686-mingw32/bin/../lib/gcc/nios2-elf/4.1.2/../../../../nios2-elf/lib/mno-hw-mul\libsmallc.a(lib_a-impure.o)
 .debug_pubnames
                0x000000d1       0x1f c:/program/altera/13.0/nios2eds/bin/gnu/h-i686-mingw32/bin/../lib/gcc/nios2-elf/4.1.2/../../../../nios2-elf/lib/mno-hw-mul\libsmallc.a(lib_a-writer.o)
 .debug_pubnames
                0x000000f0       0x1c c:/program/altera/13.0/nios2eds/bin/gnu/h-i686-mingw32/bin/../lib/gcc/nios2-elf/4.1.2/../../../../nios2-elf/lib/mno-hw-mul\libsmallc.a(lib_a-int_errno.o)
 .debug_pubnames
                0x0000010c       0x1f ../led_bsp/\libhal_bsp.a(alt_load.o)
 .debug_pubnames
                0x0000012b       0x1c ../led_bsp/\libhal_bsp.a(alt_write.o)
 .debug_pubnames
                0x00000147       0x42 ../led_bsp/\libhal_bsp.a(alt_sys_init.o)
 .debug_pubnames
                0x00000189       0x34 ../led_bsp/\libhal_bsp.a(altera_avalon_jtag_uart_write.o)
 .debug_pubnames
                0x000001bd       0x2b ../led_bsp/\libhal_bsp.a(alt_dcache_flush_all.o)
 .debug_pubnames
                0x000001e8       0x20 ../led_bsp/\libhal_bsp.a(alt_errno.o)
 .debug_pubnames
                0x00000208       0x2b ../led_bsp/\libhal_bsp.a(alt_icache_flush_all.o)
 .debug_pubnames
                0x00000233       0x31 ../led_bsp/\libhal_bsp.a(altera_nios2_qsys_irq.o)

.debug_info     0x00000000     0x2da8
 *(.debug_info .gnu.linkonce.wi.*)
 .debug_info    0x00000000       0x83 ../led_bsp//obj/HAL/src/crt0.o
 .debug_info    0x00000083      0x18e obj/default/led.o
 .debug_info    0x00000211      0x685 c:/program/altera/13.0/nios2eds/bin/gnu/h-i686-mingw32/bin/../lib/gcc/nios2-elf/4.1.2/../../../../nios2-elf/lib/mno-hw-mul\libsmallc.a(lib_a-puts.o)
 .debug_info    0x00000896       0xc2 c:/program/altera/13.0/nios2eds/bin/gnu/h-i686-mingw32/bin/../lib/gcc/nios2-elf/4.1.2/../../../../nios2-elf/lib/mno-hw-mul\libsmallc.a(lib_a-strlen.o)
 .debug_info    0x00000958      0x68e c:/program/altera/13.0/nios2eds/bin/gnu/h-i686-mingw32/bin/../lib/gcc/nios2-elf/4.1.2/../../../../nios2-elf/lib/mno-hw-mul\libsmallc.a(lib_a-fvwrite_small_dev.o)
 .debug_info    0x00000fe6      0x636 c:/program/altera/13.0/nios2eds/bin/gnu/h-i686-mingw32/bin/../lib/gcc/nios2-elf/4.1.2/../../../../nios2-elf/lib/mno-hw-mul\libsmallc.a(lib_a-impure.o)
 .debug_info    0x0000161c      0x68c c:/program/altera/13.0/nios2eds/bin/gnu/h-i686-mingw32/bin/../lib/gcc/nios2-elf/4.1.2/../../../../nios2-elf/lib/mno-hw-mul\libsmallc.a(lib_a-writer.o)
 .debug_info    0x00001ca8       0x8c c:/program/altera/13.0/nios2eds/bin/gnu/h-i686-mingw32/bin/../lib/gcc/nios2-elf/4.1.2/../../../../nios2-elf/lib/mno-hw-mul\libsmallc.a(lib_a-int_errno.o)
 .debug_info    0x00001d34      0x295 ../led_bsp/\libhal_bsp.a(alt_load.o)
 .debug_info    0x00001fc9      0x282 ../led_bsp/\libhal_bsp.a(alt_write.o)
 .debug_info    0x0000224b      0x2d0 ../led_bsp/\libhal_bsp.a(alt_sys_init.o)
 .debug_info    0x0000251b      0x2ee ../led_bsp/\libhal_bsp.a(altera_avalon_jtag_uart_write.o)
 .debug_info    0x00002809      0x164 ../led_bsp/\libhal_bsp.a(alt_dcache_flush_all.o)
 .debug_info    0x0000296d      0x16c ../led_bsp/\libhal_bsp.a(alt_errno.o)
 .debug_info    0x00002ad9      0x164 ../led_bsp/\libhal_bsp.a(alt_icache_flush_all.o)
 .debug_info    0x00002c3d      0x16b ../led_bsp/\libhal_bsp.a(altera_nios2_qsys_irq.o)

.debug_abbrev   0x00000000      0xacf
 *(.debug_abbrev)
 .debug_abbrev  0x00000000       0x12 ../led_bsp//obj/HAL/src/crt0.o
 .debug_abbrev  0x00000012       0x67 obj/default/led.o
 .debug_abbrev  0x00000079      0x180 c:/program/altera/13.0/nios2eds/bin/gnu/h-i686-mingw32/bin/../lib/gcc/nios2-elf/4.1.2/../../../../nios2-elf/lib/mno-hw-mul\libsmallc.a(lib_a-puts.o)
 .debug_abbrev  0x000001f9       0x7a c:/program/altera/13.0/nios2eds/bin/gnu/h-i686-mingw32/bin/../lib/gcc/nios2-elf/4.1.2/../../../../nios2-elf/lib/mno-hw-mul\libsmallc.a(lib_a-strlen.o)
 .debug_abbrev  0x00000273      0x179 c:/program/altera/13.0/nios2eds/bin/gnu/h-i686-mingw32/bin/../lib/gcc/nios2-elf/4.1.2/../../../../nios2-elf/lib/mno-hw-mul\libsmallc.a(lib_a-fvwrite_small_dev.o)
 .debug_abbrev  0x000003ec      0x13f c:/program/altera/13.0/nios2eds/bin/gnu/h-i686-mingw32/bin/../lib/gcc/nios2-elf/4.1.2/../../../../nios2-elf/lib/mno-hw-mul\libsmallc.a(lib_a-impure.o)
 .debug_abbrev  0x0000052b      0x16c c:/program/altera/13.0/nios2eds/bin/gnu/h-i686-mingw32/bin/../lib/gcc/nios2-elf/4.1.2/../../../../nios2-elf/lib/mno-hw-mul\libsmallc.a(lib_a-writer.o)
 .debug_abbrev  0x00000697       0x3b c:/program/altera/13.0/nios2eds/bin/gnu/h-i686-mingw32/bin/../lib/gcc/nios2-elf/4.1.2/../../../../nios2-elf/lib/mno-hw-mul\libsmallc.a(lib_a-int_errno.o)
 .debug_abbrev  0x000006d2       0x88 ../led_bsp/\libhal_bsp.a(alt_load.o)
 .debug_abbrev  0x0000075a       0xc3 ../led_bsp/\libhal_bsp.a(alt_write.o)
 .debug_abbrev  0x0000081d       0xe3 ../led_bsp/\libhal_bsp.a(alt_sys_init.o)
 .debug_abbrev  0x00000900       0xb4 ../led_bsp/\libhal_bsp.a(altera_avalon_jtag_uart_write.o)
 .debug_abbrev  0x000009b4       0x3f ../led_bsp/\libhal_bsp.a(alt_dcache_flush_all.o)
 .debug_abbrev  0x000009f3       0x5e ../led_bsp/\libhal_bsp.a(alt_errno.o)
 .debug_abbrev  0x00000a51       0x3f ../led_bsp/\libhal_bsp.a(alt_icache_flush_all.o)
 .debug_abbrev  0x00000a90       0x3f ../led_bsp/\libhal_bsp.a(altera_nios2_qsys_irq.o)

.debug_line     0x00000000     0x2242
 *(.debug_line)
 .debug_line    0x00000000       0x66 ../led_bsp//obj/HAL/src/crt0.o
 .debug_line    0x00000066      0x23f obj/default/led.o
 .debug_line    0x000002a5      0x2ac c:/program/altera/13.0/nios2eds/bin/gnu/h-i686-mingw32/bin/../lib/gcc/nios2-elf/4.1.2/../../../../nios2-elf/lib/mno-hw-mul\libsmallc.a(lib_a-puts.o)
 .debug_line    0x00000551      0x247 c:/program/altera/13.0/nios2eds/bin/gnu/h-i686-mingw32/bin/../lib/gcc/nios2-elf/4.1.2/../../../../nios2-elf/lib/mno-hw-mul\libsmallc.a(lib_a-strlen.o)
 .debug_line    0x00000798      0x2a3 c:/program/altera/13.0/nios2eds/bin/gnu/h-i686-mingw32/bin/../lib/gcc/nios2-elf/4.1.2/../../../../nios2-elf/lib/mno-hw-mul\libsmallc.a(lib_a-fvwrite_small_dev.o)
 .debug_line    0x00000a3b      0x227 c:/program/altera/13.0/nios2eds/bin/gnu/h-i686-mingw32/bin/../lib/gcc/nios2-elf/4.1.2/../../../../nios2-elf/lib/mno-hw-mul\libsmallc.a(lib_a-impure.o)
 .debug_line    0x00000c62      0x294 c:/program/altera/13.0/nios2eds/bin/gnu/h-i686-mingw32/bin/../lib/gcc/nios2-elf/4.1.2/../../../../nios2-elf/lib/mno-hw-mul\libsmallc.a(lib_a-writer.o)
 .debug_line    0x00000ef6      0x1dc c:/program/altera/13.0/nios2eds/bin/gnu/h-i686-mingw32/bin/../lib/gcc/nios2-elf/4.1.2/../../../../nios2-elf/lib/mno-hw-mul\libsmallc.a(lib_a-int_errno.o)
 .debug_line    0x000010d2      0x221 ../led_bsp/\libhal_bsp.a(alt_load.o)
 .debug_line    0x000012f3      0x2a9 ../led_bsp/\libhal_bsp.a(alt_write.o)
 .debug_line    0x0000159c      0x28e ../led_bsp/\libhal_bsp.a(alt_sys_init.o)
 .debug_line    0x0000182a      0x30e ../led_bsp/\libhal_bsp.a(altera_avalon_jtag_uart_write.o)
 .debug_line    0x00001b38      0x1bf ../led_bsp/\libhal_bsp.a(alt_dcache_flush_all.o)
 .debug_line    0x00001cf7      0x1b4 ../led_bsp/\libhal_bsp.a(alt_errno.o)
 .debug_line    0x00001eab      0x1bf ../led_bsp/\libhal_bsp.a(alt_icache_flush_all.o)
 .debug_line    0x0000206a      0x1d8 ../led_bsp/\libhal_bsp.a(altera_nios2_qsys_irq.o)

.debug_frame    0x00000000      0x288
 *(.debug_frame)
 .debug_frame   0x00000000       0x48 obj/default/led.o
 .debug_frame   0x00000048       0x3c c:/program/altera/13.0/nios2eds/bin/gnu/h-i686-mingw32/bin/../lib/gcc/nios2-elf/4.1.2/../../../../nios2-elf/lib/mno-hw-mul\libsmallc.a(lib_a-puts.o)
 .debug_frame   0x00000084       0x20 c:/program/altera/13.0/nios2eds/bin/gnu/h-i686-mingw32/bin/../lib/gcc/nios2-elf/4.1.2/../../../../nios2-elf/lib/mno-hw-mul\libsmallc.a(lib_a-strlen.o)
 .debug_frame   0x000000a4       0x30 c:/program/altera/13.0/nios2eds/bin/gnu/h-i686-mingw32/bin/../lib/gcc/nios2-elf/4.1.2/../../../../nios2-elf/lib/mno-hw-mul\libsmallc.a(lib_a-fvwrite_small_dev.o)
 .debug_frame   0x000000d4       0x2c c:/program/altera/13.0/nios2eds/bin/gnu/h-i686-mingw32/bin/../lib/gcc/nios2-elf/4.1.2/../../../../nios2-elf/lib/mno-hw-mul\libsmallc.a(lib_a-writer.o)
 .debug_frame   0x00000100       0x48 ../led_bsp/\libhal_bsp.a(alt_load.o)
 .debug_frame   0x00000148       0x48 ../led_bsp/\libhal_bsp.a(alt_write.o)
 .debug_frame   0x00000190       0x48 ../led_bsp/\libhal_bsp.a(alt_sys_init.o)
 .debug_frame   0x000001d8       0x2c ../led_bsp/\libhal_bsp.a(altera_avalon_jtag_uart_write.o)
 .debug_frame   0x00000204       0x2c ../led_bsp/\libhal_bsp.a(alt_dcache_flush_all.o)
 .debug_frame   0x00000230       0x2c ../led_bsp/\libhal_bsp.a(alt_icache_flush_all.o)
 .debug_frame   0x0000025c       0x2c ../led_bsp/\libhal_bsp.a(altera_nios2_qsys_irq.o)

.debug_str      0x00000000      0x769
 *(.debug_str)
 .debug_str     0x00000000       0x12 obj/default/led.o
 .debug_str     0x00000012      0x3ee c:/program/altera/13.0/nios2eds/bin/gnu/h-i686-mingw32/bin/../lib/gcc/nios2-elf/4.1.2/../../../../nios2-elf/lib/mno-hw-mul\libsmallc.a(lib_a-puts.o)
                                0x44d (size before relaxing)
 .debug_str     0x00000400       0xe5 c:/program/altera/13.0/nios2eds/bin/gnu/h-i686-mingw32/bin/../lib/gcc/nios2-elf/4.1.2/../../../../nios2-elf/lib/mno-hw-mul\libsmallc.a(lib_a-strlen.o)
                                0x181 (size before relaxing)
 .debug_str     0x000004e5       0x70 c:/program/altera/13.0/nios2eds/bin/gnu/h-i686-mingw32/bin/../lib/gcc/nios2-elf/4.1.2/../../../../nios2-elf/lib/mno-hw-mul\libsmallc.a(lib_a-fvwrite_small_dev.o)
                                0x467 (size before relaxing)
 .debug_str     0x00000555       0xf5 c:/program/altera/13.0/nios2eds/bin/gnu/h-i686-mingw32/bin/../lib/gcc/nios2-elf/4.1.2/../../../../nios2-elf/lib/mno-hw-mul\libsmallc.a(lib_a-impure.o)
                                0x45a (size before relaxing)
 .debug_str     0x0000064a       0x4f c:/program/altera/13.0/nios2eds/bin/gnu/h-i686-mingw32/bin/../lib/gcc/nios2-elf/4.1.2/../../../../nios2-elf/lib/mno-hw-mul\libsmallc.a(lib_a-writer.o)
                                0x44e (size before relaxing)
 .debug_str     0x00000699       0x40 c:/program/altera/13.0/nios2eds/bin/gnu/h-i686-mingw32/bin/../lib/gcc/nios2-elf/4.1.2/../../../../nios2-elf/lib/mno-hw-mul\libsmallc.a(lib_a-int_errno.o)
                                0x174 (size before relaxing)
 .debug_str     0x000006d9       0x12 ../led_bsp/\libhal_bsp.a(alt_load.o)
 .debug_str     0x000006eb       0x12 ../led_bsp/\libhal_bsp.a(alt_write.o)
 .debug_str     0x000006fd       0x12 ../led_bsp/\libhal_bsp.a(alt_sys_init.o)
 .debug_str     0x0000070f       0x12 ../led_bsp/\libhal_bsp.a(altera_avalon_jtag_uart_write.o)
 .debug_str     0x00000721       0x12 ../led_bsp/\libhal_bsp.a(alt_dcache_flush_all.o)
 .debug_str     0x00000733       0x12 ../led_bsp/\libhal_bsp.a(alt_errno.o)
 .debug_str     0x00000745       0x12 ../led_bsp/\libhal_bsp.a(alt_icache_flush_all.o)
 .debug_str     0x00000757       0x12 ../led_bsp/\libhal_bsp.a(altera_nios2_qsys_irq.o)

.debug_loc      0x00000000      0x4bd
 *(.debug_loc)
 .debug_loc     0x00000000       0x56 obj/default/led.o
 .debug_loc     0x00000056       0xa2 c:/program/altera/13.0/nios2eds/bin/gnu/h-i686-mingw32/bin/../lib/gcc/nios2-elf/4.1.2/../../../../nios2-elf/lib/mno-hw-mul\libsmallc.a(lib_a-puts.o)
 .debug_loc     0x000000f8       0x1e c:/program/altera/13.0/nios2eds/bin/gnu/h-i686-mingw32/bin/../lib/gcc/nios2-elf/4.1.2/../../../../nios2-elf/lib/mno-hw-mul\libsmallc.a(lib_a-strlen.o)
 .debug_loc     0x00000116      0x162 c:/program/altera/13.0/nios2eds/bin/gnu/h-i686-mingw32/bin/../lib/gcc/nios2-elf/4.1.2/../../../../nios2-elf/lib/mno-hw-mul\libsmallc.a(lib_a-fvwrite_small_dev.o)
 .debug_loc     0x00000278       0x97 c:/program/altera/13.0/nios2eds/bin/gnu/h-i686-mingw32/bin/../lib/gcc/nios2-elf/4.1.2/../../../../nios2-elf/lib/mno-hw-mul\libsmallc.a(lib_a-writer.o)
 .debug_loc     0x0000030f       0x56 ../led_bsp/\libhal_bsp.a(alt_load.o)
 .debug_loc     0x00000365       0x56 ../led_bsp/\libhal_bsp.a(alt_write.o)
 .debug_loc     0x000003bb       0x56 ../led_bsp/\libhal_bsp.a(alt_sys_init.o)
 .debug_loc     0x00000411       0x2b ../led_bsp/\libhal_bsp.a(altera_avalon_jtag_uart_write.o)
 .debug_loc     0x0000043c       0x2b ../led_bsp/\libhal_bsp.a(alt_dcache_flush_all.o)
 .debug_loc     0x00000467       0x2b ../led_bsp/\libhal_bsp.a(alt_icache_flush_all.o)
 .debug_loc     0x00000492       0x2b ../led_bsp/\libhal_bsp.a(altera_nios2_qsys_irq.o)

.debug_macinfo
 *(.debug_macinfo)

.debug_weaknames
 *(.debug_weaknames)

.debug_funcnames
 *(.debug_funcnames)

.debug_typenames
 *(.debug_typenames)

.debug_varnames
 *(.debug_varnames)

.debug_alt_sim_info
                0x00000000       0x10
 *(.debug_alt_sim_info)
 .debug_alt_sim_info
                0x00000000       0x10 ../led_bsp//obj/HAL/src/crt0.o
                0x0001a000                __alt_data_end = 0x1a000
                0x0001a000                PROVIDE (__alt_stack_pointer, __alt_data_end)
                0x00010834                PROVIDE (__alt_stack_limit, __alt_stack_base)
                0x00010834                PROVIDE (__alt_heap_start, end)
                0x0001a000                PROVIDE (__alt_heap_limit, 0x1a000)
OUTPUT(led.elf elf32-littlenios2)

.debug_ranges   0x00000000       0x20
 .debug_ranges  0x00000000       0x20 ../led_bsp//obj/HAL/src/crt0.o
