Archive member included because of file (symbol)

d:/altera/13.0/nios2eds/bin/gnu/h-i686-mingw32/bin/../lib/gcc/nios2-elf/4.1.2/../../../../nios2-elf/lib\libc.a(lib_a-memcpy.o)
                              obj/default/W5500.o (memcpy)
d:/altera/13.0/nios2eds/bin/gnu/h-i686-mingw32/bin/../lib/gcc/nios2-elf/4.1.2/../../../../nios2-elf/lib\libc.a(lib_a-printf.o)
                              obj/default/main.o (printf)
d:/altera/13.0/nios2eds/bin/gnu/h-i686-mingw32/bin/../lib/gcc/nios2-elf/4.1.2/../../../../nios2-elf/lib\libc.a(lib_a-putchar.o)
                              obj/default/main.o (putchar)
d:/altera/13.0/nios2eds/bin/gnu/h-i686-mingw32/bin/../lib/gcc/nios2-elf/4.1.2/../../../../nios2-elf/lib\libc.a(lib_a-vfprintf.o)
                              d:/altera/13.0/nios2eds/bin/gnu/h-i686-mingw32/bin/../lib/gcc/nios2-elf/4.1.2/../../../../nios2-elf/lib\libc.a(lib_a-printf.o) (___vfprintf_internal_r)
d:/altera/13.0/nios2eds/bin/gnu/h-i686-mingw32/bin/../lib/gcc/nios2-elf/4.1.2/../../../../nios2-elf/lib\libc.a(lib_a-wsetup.o)
                              d:/altera/13.0/nios2eds/bin/gnu/h-i686-mingw32/bin/../lib/gcc/nios2-elf/4.1.2/../../../../nios2-elf/lib\libc.a(lib_a-vfprintf.o) (__swsetup_r)
d:/altera/13.0/nios2eds/bin/gnu/h-i686-mingw32/bin/../lib/gcc/nios2-elf/4.1.2/../../../../nios2-elf/lib\libc.a(lib_a-dtoa.o)
                              d:/altera/13.0/nios2eds/bin/gnu/h-i686-mingw32/bin/../lib/gcc/nios2-elf/4.1.2/../../../../nios2-elf/lib\libc.a(lib_a-vfprintf.o) (_dtoa_r)
d:/altera/13.0/nios2eds/bin/gnu/h-i686-mingw32/bin/../lib/gcc/nios2-elf/4.1.2/../../../../nios2-elf/lib\libc.a(lib_a-fflush.o)
                              d:/altera/13.0/nios2eds/bin/gnu/h-i686-mingw32/bin/../lib/gcc/nios2-elf/4.1.2/../../../../nios2-elf/lib\libc.a(lib_a-vfprintf.o) (_fflush_r)
d:/altera/13.0/nios2eds/bin/gnu/h-i686-mingw32/bin/../lib/gcc/nios2-elf/4.1.2/../../../../nios2-elf/lib\libc.a(lib_a-findfp.o)
                              d:/altera/13.0/nios2eds/bin/gnu/h-i686-mingw32/bin/../lib/gcc/nios2-elf/4.1.2/../../../../nios2-elf/lib\libc.a(lib_a-vfprintf.o) (__sinit)
d:/altera/13.0/nios2eds/bin/gnu/h-i686-mingw32/bin/../lib/gcc/nios2-elf/4.1.2/../../../../nios2-elf/lib\libc.a(lib_a-freer.o)
                              d:/altera/13.0/nios2eds/bin/gnu/h-i686-mingw32/bin/../lib/gcc/nios2-elf/4.1.2/../../../../nios2-elf/lib\libc.a(lib_a-wsetup.o) (_free_r)
d:/altera/13.0/nios2eds/bin/gnu/h-i686-mingw32/bin/../lib/gcc/nios2-elf/4.1.2/../../../../nios2-elf/lib\libc.a(lib_a-fvwrite.o)
                              d:/altera/13.0/nios2eds/bin/gnu/h-i686-mingw32/bin/../lib/gcc/nios2-elf/4.1.2/../../../../nios2-elf/lib\libc.a(lib_a-vfprintf.o) (__sfvwrite_r)
d:/altera/13.0/nios2eds/bin/gnu/h-i686-mingw32/bin/../lib/gcc/nios2-elf/4.1.2/../../../../nios2-elf/lib\libc.a(lib_a-fwalk.o)
                              d:/altera/13.0/nios2eds/bin/gnu/h-i686-mingw32/bin/../lib/gcc/nios2-elf/4.1.2/../../../../nios2-elf/lib\libc.a(lib_a-fflush.o) (_fwalk_reent)
d:/altera/13.0/nios2eds/bin/gnu/h-i686-mingw32/bin/../lib/gcc/nios2-elf/4.1.2/../../../../nios2-elf/lib\libc.a(lib_a-impure.o)
                              d:/altera/13.0/nios2eds/bin/gnu/h-i686-mingw32/bin/../lib/gcc/nios2-elf/4.1.2/../../../../nios2-elf/lib\libc.a(lib_a-printf.o) (_impure_ptr)
d:/altera/13.0/nios2eds/bin/gnu/h-i686-mingw32/bin/../lib/gcc/nios2-elf/4.1.2/../../../../nios2-elf/lib\libc.a(lib_a-locale.o)
                              d:/altera/13.0/nios2eds/bin/gnu/h-i686-mingw32/bin/../lib/gcc/nios2-elf/4.1.2/../../../../nios2-elf/lib\libc.a(lib_a-vfprintf.o) (_localeconv_r)
d:/altera/13.0/nios2eds/bin/gnu/h-i686-mingw32/bin/../lib/gcc/nios2-elf/4.1.2/../../../../nios2-elf/lib\libc.a(lib_a-makebuf.o)
                              d:/altera/13.0/nios2eds/bin/gnu/h-i686-mingw32/bin/../lib/gcc/nios2-elf/4.1.2/../../../../nios2-elf/lib\libc.a(lib_a-wsetup.o) (__smakebuf_r)
d:/altera/13.0/nios2eds/bin/gnu/h-i686-mingw32/bin/../lib/gcc/nios2-elf/4.1.2/../../../../nios2-elf/lib\libc.a(lib_a-mallocr.o)
                              d:/altera/13.0/nios2eds/bin/gnu/h-i686-mingw32/bin/../lib/gcc/nios2-elf/4.1.2/../../../../nios2-elf/lib\libc.a(lib_a-findfp.o) (_malloc_r)
d:/altera/13.0/nios2eds/bin/gnu/h-i686-mingw32/bin/../lib/gcc/nios2-elf/4.1.2/../../../../nios2-elf/lib\libc.a(lib_a-memchr.o)
                              d:/altera/13.0/nios2eds/bin/gnu/h-i686-mingw32/bin/../lib/gcc/nios2-elf/4.1.2/../../../../nios2-elf/lib\libc.a(lib_a-vfprintf.o) (memchr)
d:/altera/13.0/nios2eds/bin/gnu/h-i686-mingw32/bin/../lib/gcc/nios2-elf/4.1.2/../../../../nios2-elf/lib\libc.a(lib_a-memmove.o)
                              d:/altera/13.0/nios2eds/bin/gnu/h-i686-mingw32/bin/../lib/gcc/nios2-elf/4.1.2/../../../../nios2-elf/lib\libc.a(lib_a-fvwrite.o) (memmove)
d:/altera/13.0/nios2eds/bin/gnu/h-i686-mingw32/bin/../lib/gcc/nios2-elf/4.1.2/../../../../nios2-elf/lib\libc.a(lib_a-memset.o)
[...]
Memory Configuration

Name             Origin             Length             Attributes
sdram_BEFORE_EXCEPTION 0x00000000         0x00000020
sdram            0x00000020         0x00ffffe0
reset            0x01001000         0x00000020
epcs             0x01001020         0x000007e0
*default*        0x00000000         0xffffffff

Linker script and memory map

LOAD ../w5500_test_bsp//obj/HAL/src/crt0.o
LOAD obj/default/W5500.o
LOAD obj/default/main.o
LOAD d:/altera/13.0/nios2eds/bin/gnu/h-i686-mingw32/bin/../lib/gcc/nios2-elf/4.1.2/../../../../nios2-elf/lib\libstdc++.a
LOAD d:/altera/13.0/nios2eds/bin/gnu/h-i686-mingw32/bin/../lib/gcc/nios2-elf/4.1.2/../../../../nios2-elf/lib\libm.a
LOAD d:/altera/13.0/nios2eds/bin/gnu/h-i686-mingw32/bin/../lib/gcc/nios2-elf/4.1.2\libgcc.a
START GROUP
LOAD d:/altera/13.0/nios2eds/bin/gnu/h-i686-mingw32/bin/../lib/gcc/nios2-elf/4.1.2/../../../../nios2-elf/lib\libc.a
LOAD d:/altera/13.0/nios2eds/bin/gnu/h-i686-mingw32/bin/../lib/gcc/nios2-elf/4.1.2\libgcc.a
LOAD ../w5500_test_bsp/\libhal_bsp.a
END GROUP
LOAD d:/altera/13.0/nios2eds/bin/gnu/h-i686-mingw32/bin/../lib/gcc/nios2-elf/4.1.2\libgcc.a
                0x00000000                __alt_mem_sdram = 0x0
                0x01001000                __alt_mem_epcs = 0x1001000

.entry          0x01001000        0x0
 *(.entry)
 .entry         0x01001000        0x0 ../w5500_test_bsp//obj/HAL/src/crt0.o
                0x01001000                __reset

.exceptions     0x00000020      0x194
                0x00000020                PROVIDE (__ram_exceptions_start, ABSOLUTE (.))
                0x00000020                . = ALIGN (0x20)
 *(.irq)
 *(.exceptions.entry.label)
 .exceptions.entry.label
                0x00000020        0x0 ../w5500_test_bsp/\libhal_bsp.a(alt_irq_entry.o)
                0x00000020                alt_irq_entry
 .exceptions.entry.label
                0x00000020        0x0 ../w5500_test_bsp/\libhal_bsp.a(alt_exception_entry.o)
                0x00000020                alt_exception
 *(.exceptions.entry.user)
 *(.exceptions.entry)
 .exceptions.entry
                0x00000020       0x54 ../w5500_test_bsp/\libhal_bsp.a(alt_exception_entry.o)
 *(.exceptions.irqtest.user)
 *(.exceptions.irqtest)
 .exceptions.irqtest
                0x00000074       0x10 ../w5500_test_bsp/\libhal_bsp.a(alt_irq_entry.o)
 *(.exceptions.irqhandler.user)
 *(.exceptions.irqhandler)
 .exceptions.irqhandler
                0x00000084        0x4 ../w5500_test_bsp/\libhal_bsp.a(alt_irq_entry.o)
 *(.exceptions.irqreturn.user)
 *(.exceptions.irqreturn)
 .exceptions.irqreturn
                0x00000088        0x4 ../w5500_test_bsp/\libhal_bsp.a(alt_irq_entry.o)
 *(.exceptions.notirq.label)
 .exceptions.notirq.label
                0x0000008c        0x0 ../w5500_test_bsp/\libhal_bsp.a(alt_irq_entry.o)
 *(.exceptions.notirq.user)
 *(.exceptions.notirq)
 .exceptions.notirq
                0x0000008c        0x8 ../w5500_test_bsp/\libhal_bsp.a(alt_exception_entry.o)
 *(.exceptions.soft.user)
 *(.exceptions.soft)
 *(.exceptions.unknown.user)
 *(.exceptions.unknown)
 .exceptions.unknown
                0x00000094        0x4 ../w5500_test_bsp/\libhal_bsp.a(alt_exception_entry.o)
 *(.exceptions.exit.label)
 .exceptions.exit.label
                0x00000098        0x0 ../w5500_test_bsp/\libhal_bsp.a(alt_irq_entry.o)
 .exceptions.exit.label
                0x00000098        0x0 ../w5500_test_bsp/\libhal_bsp.a(alt_exception_entry.o)
 *(.exceptions.exit.user)
 *(.exceptions.exit)
 .exceptions.exit
                0x00000098       0x54 ../w5500_test_bsp/\libhal_bsp.a(alt_exception_entry.o)
 *(.exceptions)
 .exceptions    0x000000ec       0xc8 ../w5500_test_bsp/\libhal_bsp.a(alt_irq_handler.o)
                0x000000ec                alt_irq_handler
                0x000001b4                PROVIDE (__ram_exceptions_end, ABSOLUTE (.))
                0x00000020                PROVIDE (__flash_exceptions_start, LOADADDR (.exceptions))

.text           0x000001b4     0xe6cc
                0x000001b4                PROVIDE (stext, ABSOLUTE (.))
 *(.interp)
 *(.hash)
 *(.dynsym)
 *(.dynstr)
 *(.gnu.version)
 *(.gnu.version_d)
 *(.gnu.version_r)
 *(.rel.init)
 *(.rela.init)
 *(.rel.text .rel.text.* .rel.gnu.linkonce.t.*)
 *(.rela.text .rela.text.* .rela.gnu.linkonce.t.*)
 *(.rel.fini)
 *(.rela.fini)
 *(.rel.rodata .rel.rodata.* .rel.gnu.linkonce.r.*)
 *(.rela.rodata .rela.rodata.* .rela.gnu.linkonce.r.*)
 *(.rel.data .rel.data.* .rel.gnu.linkonce.d.*)
 *(.rela.data .rela.data.* .rela.gnu.linkonce.d.*)
 *(.rel.tdata .rel.tdata.* .rel.gnu.linkonce.td.*)
 *(.rela.tdata .rela.tdata.* .rela.gnu.linkonce.td.*)
 *(.rel.tbss .rel.tbss.* .rel.gnu.linkonce.tb.*)
 *(.rela.tbss .rela.tbss.* .rela.gnu.linkonce.tb.*)
 *(.rel.ctors)
 *(.rela.ctors)
 *(.rel.dtors)
 *(.rela.dtors)
 *(.rel.got)
 *(.rela.got)
 *(.rel.sdata .rel.sdata.* .rel.gnu.linkonce.s.*)
 *(.rela.sdata .rela.sdata.* .rela.gnu.linkonce.s.*)
 *(.rel.sbss .rel.sbss.* .rel.gnu.linkonce.sb.*)
 *(.rela.sbss .rela.sbss.* .rela.gnu.linkonce.sb.*)
 *(.rel.sdata2 .rel.sdata2.* .rel.gnu.linkonce.s2.*)
 *(.rela.sdata2 .rela.sdata2.* .rela.gnu.linkonce.s2.*)
 *(.rel.sbss2 .rel.sbss2.* .rel.gnu.linkonce.sb2.*)
 *(.rela.sbss2 .rela.sbss2.* .rela.gnu.linkonce.sb2.*)
 *(.rel.bss .rel.bss.* .rel.gnu.linkonce.b.*)
 *(.rela.bss .rela.bss.* .rela.gnu.linkonce.b.*)
 *(.rel.plt)
 *(.rela.plt)
 *(.rel.dyn)
 *(.init)
 *(.plt)
 *(.text .stub .text.* .gnu.linkonce.t.*)
 .text          0x000001b4       0x48 ../w5500_test_bsp//obj/HAL/src/crt0.o
                0x000001b4                _start
 .text          0x000001fc     0x13ac obj/default/W5500.o
                0x000001fc                SPI_Read_Byte
                0x00000290                SPI_Send_Byte
                0x00000330                SPI_Send_Short
                0x00000374                Write_W5500_1Byte
                0x000003d4                Write_W5500_2Byte
                0x00000434                Write_W5500_nByte
                0x000004cc                Write_W5500_SOCK_1Byte
                0x00000540                Write_W5500_SOCK_2Byte
                0x000005b4                Write_W5500_SOCK_4Byte
                0x00000690                Read_W5500_1Byte
                0x000006f0                Read_W5500_SOCK_1Byte
                0x00000764                Read_W5500_SOCK_2Byte
                0x000007fc                Read_SOCK_Data_Buffer
                0x00000a14                Write_SOCK_Data_Buffer
                0x00000c38                W5500_Hardware_Reset
                0x00000ca0                W5500_Init
                0x00000d74                Detect_Gateway
                0x00000edc                Socket_Init
                0x00000f9c                Socket_Connect
                0x00001038                Socket_Listen
                0x0000110c                Socket_UDP
                0x00001198                W5500_Interrupt_Process
                0x000012b8                W5500_Initialization
                0x000012ec                Load_Net_Parameters
                0x00001470                W5500_Socket_Set
                0x00001538                Process_Socket_Data
 .text          0x000015a8      0x18c obj/default/main.o
                0x000015a8                main
                0x000016d4                Delay
 .text          0x00001734       0xa0 d:/altera/13.0/nios2eds/bin/gnu/h-i686-mingw32/bin/../lib/gcc/nios2-elf/4.1.2/../../../../nios2-elf/lib\libc.a(lib_a-memcpy.o)
                0x00001734                memcpy
 .text          0x000017d4       0x78 d:/altera/13.0/nios2eds/bin/gnu/h-i686-mingw32/bin/../lib/gcc/nios2-elf/4.1.2/../../../../nios2-elf/lib\libc.a(lib_a-printf.o)
                0x000017d4                printf
                0x00001818                _printf_r
 .text          0x0000184c       0x24 d:/altera/13.0/nios2eds/bin/gnu/h-i686-mingw32/bin/../lib/gcc/nios2-elf/4.1.2/../../../../nios2-elf/lib\libc.a(lib_a-putchar.o)
                0x0000184c                putchar
                0x00001868                _putchar_r
 .text          0x00001870     0x1f28 d:/altera/13.0/nios2eds/bin/gnu/h-i686-mingw32/bin/../lib/gcc/nios2-elf/4.1.2/../../../../nios2-elf/lib\libc.a(lib_a-vfprintf.o)
                0x000018c8                ___vfprintf_internal_r
                0x00003774                __vfprintf_internal
 .text          0x00003798      0x13c d:/altera/13.0/nios2eds/bin/gnu/h-i686-mingw32/bin/../lib/gcc/nios2-elf/4.1.2/../../../../nios2-elf/lib\libc.a(lib_a-wsetup.o)
                0x00003798                __swsetup_r
 .text          0x000038d4     0x17cc d:/altera/13.0/nios2eds/bin/gnu/h-i686-mingw32/bin/../lib/gcc/nios2-elf/4.1.2/../../../../nios2-elf/lib\libc.a(lib_a-dtoa.o)
                0x00003aec                _dtoa_r
 .text          0x000050a0      0x230 d:/altera/13.0/nios2eds/bin/gnu/h-i686-mingw32/bin/../lib/gcc/nios2-elf/4.1.2/../../../../nios2-elf/lib\libc.a(lib_a-fflush.o)
                0x000050a0                _fflush_r
                0x0000529c                fflush
 .text          0x000052d0      0x2c0 d:/altera/13.0/nios2eds/bin/gnu/h-i686-mingw32/bin/../lib/gcc/nios2-elf/4.1.2/../../../../nios2-elf/lib\libc.a(lib_a-findfp.o)
                0x00005328                __sfp_lock_acquire
                0x0000532c                __sfp_lock_release
                0x00005330                __sinit_lock_acquire
                0x00005334                __sinit_lock_release
                0x00005338                __sinit
                0x000053ec                __fp_unlock_all
                0x00005404                __fp_lock_all
                0x0000541c                _cleanup_r
                0x00005428                _cleanup
                0x00005438                __sfmoreglue
                0x000054a0                __sfp
 .text          0x00005590      0x440 d:/altera/13.0/nios2eds/bin/gnu/h-i686-mingw32/bin/../lib/gcc/nios2-elf/4.1.2/../../../../nios2-elf/lib\libc.a(lib_a-freer.o)
                0x00005590                _malloc_trim_r
                0x000056bc                _free_r
 .text          0x000059d0      0x49c d:/altera/13.0/nios2eds/bin/gnu/h-i686-mingw32/bin/../lib/gcc/nios2-elf/4.1.2/../../../../nios2-elf/lib\libc.a(lib_a-fvwrite.o)
                0x000059d0                __sfvwrite_r
 .text          0x00005e6c      0x180 d:/altera/13.0/nios2eds/bin/gnu/h-i686-mingw32/bin/../lib/gcc/nios2-elf/4.1.2/../../../../nios2-elf/lib\libc.a(lib_a-fwalk.o)
                0x00005e6c                _fwalk_reent
                0x00005f34                _fwalk
 .text          0x00005fec        0x0 d:/altera/13.0/nios2eds/bin/gnu/h-i686-mingw32/bin/../lib/gcc/nios2-elf/4.1.2/../../../../nios2-elf/lib\libc.a(lib_a-impure.o)
 .text          0x00005fec       0xc4 d:/altera/13.0/nios2eds/bin/gnu/h-i686-mingw32/bin/../lib/gcc/nios2-elf/4.1.2/../../../../nios2-elf/lib\libc.a(lib_a-locale.o)
                0x00005fec                __locale_charset
                0x00005ff4                _localeconv_r
                0x00006000                localeconv
                0x00006010                _setlocale_r
                0x00006094                setlocale
 .text          0x000060b0      0x194 d:/altera/13.0/nios2eds/bin/gnu/h-i686-mingw32/bin/../lib/gcc/nios2-elf/4.1.2/../../../../nios2-elf/lib\libc.a(lib_a-makebuf.o)
                0x000060b0                __smakebuf_r
 .text          0x00006244      0x740 d:/altera/13.0/nios2eds/bin/gnu/h-i686-mingw32/bin/../lib/gcc/nios2-elf/4.1.2/../../../../nios2-elf/lib\libc.a(lib_a-mallocr.o)
                0x00006244                _malloc_r
 .text          0x00006984       0xe4 d:/altera/13.0/nios2eds/bin/gnu/h-i686-mingw32/bin/../lib/gcc/nios2-elf/4.1.2/../../../../nios2-elf/lib\libc.a(lib_a-memchr.o)
                0x00006984                memchr
 .text          0x00006a68       0xe0 d:/altera/13.0/nios2eds/bin/gnu/h-i686-mingw32/bin/../lib/gcc/nios2-elf/4.1.2/../../../../nios2-elf/lib\libc.a(lib_a-memmove.o)
                0x00006a68                memmove
 .text          0x00006b48       0x98 d:/altera/13.0/nios2eds/bin/gnu/h-i686-mingw32/bin/../lib/gcc/nios2-elf/4.1.2/../../../../nios2-elf/lib\libc.a(lib_a-memset.o)
                0x00006b48                memset
 .text          0x00006be0      0xff4 d:/altera/13.0/nios2eds/bin/gnu/h-i686-mingw32/bin/../lib/gcc/nios2-elf/4.1.2/../../../../nios2-elf/lib\libc.a(lib_a-mprec.o)
                0x00006be0                _Bfree
                0x00006c08                __hi0bits
                0x00006c78                __lo0bits
                0x00006d3c                __mcmp
                0x00006d9c                __ulp
                0x00006e1c                __b2d
                0x00006f3c                __ratio
                0x00006fec                _mprec_log10
                0x00007080                __copybits
                0x000070d8                __any_on
                0x00007160                _Balloc
                0x0000721c                __d2b
                0x00007398                __mdiff
                0x00007524                __lshift
                0x00007670                __multiply
                0x00007858                __i2b
                0x00007894                __multadd
                0x00007994                __pow5mult
                0x00007ab4                __s2b
 .text          0x00007bd4      0x1ec d:/altera/13.0/nios2eds/bin/gnu/h-i686-mingw32/bin/../lib/gcc/nios2-elf/4.1.2/../../../../nios2-elf/lib\libc.a(lib_a-putc.o)
                0x00007bd4                putc
                0x00007cd8                _putc_r
 .text          0x00007dc0      0x5f4 d:/altera/13.0/nios2eds/bin/gnu/h-i686-mingw32/bin/../lib/gcc/nios2-elf/4.1.2/../../../../nios2-elf/lib\libc.a(lib_a-reallocr.o)
                0x00007dc0                _realloc_r
 .text          0x000083b4       0x40 d:/altera/13.0/nios2eds/bin/gnu/h-i686-mingw32/bin/../lib/gcc/nios2-elf/4.1.2/../../../../nios2-elf/lib\libc.a(lib_a-s_isinfd.o)
                0x000083b4                __isinfd
 .text          0x000083f4       0x30 d:/altera/13.0/nios2eds/bin/gnu/h-i686-mingw32/bin/../lib/gcc/nios2-elf/4.1.2/../../../../nios2-elf/lib\libc.a(lib_a-s_isnand.o)
                0x000083f4                __isnand
 .text          0x00008424       0x70 d:/altera/13.0/nios2eds/bin/gnu/h-i686-mingw32/bin/../lib/gcc/nios2-elf/4.1.2/../../../../nios2-elf/lib\libc.a(lib_a-sbrkr.o)
                0x00008424                _sbrk_r
 .text          0x00008494      0x14c d:/altera/13.0/nios2eds/bin/gnu/h-i686-mingw32/bin/../lib/gcc/nios2-elf/4.1.2/../../../../nios2-elf/lib\libc.a(lib_a-stdio.o)
                0x00008494                __sclose
                0x0000849c                __sseek
                0x00008504                __swrite
                0x00008580                __sread
 .text          0x000085e0       0xbc d:/altera/13.0/nios2eds/bin/gnu/h-i686-mingw32/bin/../lib/gcc/nios2-elf/4.1.2/../../../../nios2-elf/lib\libc.a(lib_a-strcmp.o)
                0x000085e0                strcmp
 .text          0x0000869c       0x74 d:/altera/13.0/nios2eds/bin/gnu/h-i686-mingw32/bin/../lib/gcc/nios2-elf/4.1.2/../../../../nios2-elf/lib\libc.a(lib_a-strlen.o)
                0x0000869c                strlen
 .text          0x00008710      0x14c d:/altera/13.0/nios2eds/bin/gnu/h-i686-mingw32/bin/../lib/gcc/nios2-elf/4.1.2/../../../../nios2-elf/lib\libc.a(lib_a-wbuf.o)
                0x00008710                __swbuf_r
                0x00008840                __swbuf
 .text          0x0000885c       0x78 d:/altera/13.0/nios2eds/bin/gnu/h-i686-mingw32/bin/../lib/gcc/nios2-elf/4.1.2/../../../../nios2-elf/lib\libc.a(lib_a-writer.o)
                0x0000885c                _write_r
 .text          0x000088d4       0xb4 d:/altera/13.0/nios2eds/bin/gnu/h-i686-mingw32/bin/../lib/gcc/nios2-elf/4.1.2/../../../../nios2-elf/lib\libc.a(lib_a-callocr.o)
                0x000088d4                _calloc_r
 .text          0x00008988       0x70 d:/altera/13.0/nios2eds/bin/gnu/h-i686-mingw32/bin/../lib/gcc/nios2-elf/4.1.2/../../../../nios2-elf/lib\libc.a(lib_a-closer.o)
                0x00008988                _close_r
 .text          0x000089f8      0x124 d:/altera/13.0/nios2eds/bin/gnu/h-i686-mingw32/bin/../lib/gcc/nios2-elf/4.1.2/../../../../nios2-elf/lib\libc.a(lib_a-fclose.o)
                0x000089f8                _fclose_r
                0x00008b08                fclose
 .text          0x00008b1c       0x74 d:/altera/13.0/nios2eds/bin/gnu/h-i686-mingw32/bin/../lib/gcc/nios2-elf/4.1.2/../../../../nios2-elf/lib\libc.a(lib_a-fstatr.o)
                0x00008b1c                _fstat_r
 .text          0x00008b90        0x0 d:/altera/13.0/nios2eds/bin/gnu/h-i686-mingw32/bin/../lib/gcc/nios2-elf/4.1.2/../../../../nios2-elf/lib\libc.a(lib_a-int_errno.o)
 .text          0x00008b90       0x70 d:/altera/13.0/nios2eds/bin/gnu/h-i686-mingw32/bin/../lib/gcc/nios2-elf/4.1.2/../../../../nios2-elf/lib\libc.a(lib_a-isattyr.o)
                0x00008b90                _isatty_r
 .text          0x00008c00       0x78 d:/altera/13.0/nios2eds/bin/gnu/h-i686-mingw32/bin/../lib/gcc/nios2-elf/4.1.2/../../../../nios2-elf/lib\libc.a(lib_a-lseekr.o)
                0x00008c00                _lseek_r
 .text          0x00008c78       0x78 d:/altera/13.0/nios2eds/bin/gnu/h-i686-mingw32/bin/../lib/gcc/nios2-elf/4.1.2/../../../../nios2-elf/lib\libc.a(lib_a-readr.o)
                0x00008c78                _read_r
 .text          0x00008cf0      0x5dc d:/altera/13.0/nios2eds/bin/gnu/h-i686-mingw32/bin/../lib/gcc/nios2-elf/4.1.2\libgcc.a(_udivdi3.o)
                0x00008cf0                __udivdi3
 .text          0x000092cc      0x5b0 d:/altera/13.0/nios2eds/bin/gnu/h-i686-mingw32/bin/../lib/gcc/nios2-elf/4.1.2\libgcc.a(_umoddi3.o)
                0x000092cc                __umoddi3
 .text          0x0000987c      0x504 d:/altera/13.0/nios2eds/bin/gnu/h-i686-mingw32/bin/../lib/gcc/nios2-elf/4.1.2\libgcc.a(_addsub_df.o)
                0x00009c8c                __subdf3
                0x00009d0c                __adddf3
 .text          0x00009d80      0x3c4 d:/altera/13.0/nios2eds/bin/gnu/h-i686-mingw32/bin/../lib/gcc/nios2-elf/4.1.2\libgcc.a(_mul_df.o)
                0x00009d80                __muldf3
 .text          0x0000a144      0x258 d:/altera/13.0/nios2eds/bin/gnu/h-i686-mingw32/bin/../lib/gcc/nios2-elf/4.1.2\libgcc.a(_div_df.o)
                0x0000a144                __divdf3
 .text          0x0000a39c       0x88 d:/altera/13.0/nios2eds/bin/gnu/h-i686-mingw32/bin/../lib/gcc/nios2-elf/4.1.2\libgcc.a(_eq_df.o)
                0x0000a39c                __eqdf2
 .text          0x0000a424       0x88 d:/altera/13.0/nios2eds/bin/gnu/h-i686-mingw32/bin/../lib/gcc/nios2-elf/4.1.2\libgcc.a(_ne_df.o)
                0x0000a424                __nedf2
 .text          0x0000a4ac       0x88 d:/altera/13.0/nios2eds/bin/gnu/h-i686-mingw32/bin/../lib/gcc/nios2-elf/4.1.2\libgcc.a(_gt_df.o)
                0x0000a4ac                __gtdf2
 .text          0x0000a534       0x88 d:/altera/13.0/nios2eds/bin/gnu/h-i686-mingw32/bin/../lib/gcc/nios2-elf/4.1.2\libgcc.a(_ge_df.o)
                0x0000a534                __gedf2
 .text          0x0000a5bc       0x88 d:/altera/13.0/nios2eds/bin/gnu/h-i686-mingw32/bin/../lib/gcc/nios2-elf/4.1.2\libgcc.a(_lt_df.o)
                0x0000a5bc                __ltdf2
 .text          0x0000a644       0xf8 d:/altera/13.0/nios2eds/bin/gnu/h-i686-mingw32/bin/../lib/gcc/nios2-elf/4.1.2\libgcc.a(_si_to_df.o)
                0x0000a644                __floatsidf
 .text          0x0000a73c       0xd8 d:/altera/13.0/nios2eds/bin/gnu/h-i686-mingw32/bin/../lib/gcc/nios2-elf/4.1.2\libgcc.a(_df_to_si.o)
                0x0000a73c                __fixdfsi
 .text          0x0000a814        0x0 d:/altera/13.0/nios2eds/bin/gnu/h-i686-mingw32/bin/../lib/gcc/nios2-elf/4.1.2\libgcc.a(_thenan_df.o)
 .text          0x0000a814      0x194 d:/altera/13.0/nios2eds/bin/gnu/h-i686-mingw32/bin/../lib/gcc/nios2-elf/4.1.2\libgcc.a(_usi_to_df.o)
                0x0000a814                __floatunsidf
 .text          0x0000a9a8      0x14c d:/altera/13.0/nios2eds/bin/gnu/h-i686-mingw32/bin/../lib/gcc/nios2-elf/4.1.2\libgcc.a(lib2-divmod.o)
                0x0000aa24                __divsi3
                0x0000aa84                __modsi3
                0x0000aae4                __udivsi3
                0x0000aaec                __umodsi3
 .text          0x0000aaf4       0x98 d:/altera/13.0/nios2eds/bin/gnu/h-i686-mingw32/bin/../lib/gcc/nios2-elf/4.1.2\libgcc.a(_muldi3.o)
                0x0000aaf4                __muldi3
 .text          0x0000ab8c        0x0 d:/altera/13.0/nios2eds/bin/gnu/h-i686-mingw32/bin/../lib/gcc/nios2-elf/4.1.2\libgcc.a(_clz.o)
 .text          0x0000ab8c       0x80 d:/altera/13.0/nios2eds/bin/gnu/h-i686-mingw32/bin/../lib/gcc/nios2-elf/4.1.2\libgcc.a(_clzsi2.o)
                0x0000ab8c                __clzsi2
 .text          0x0000ac0c      0x314 d:/altera/13.0/nios2eds/bin/gnu/h-i686-mingw32/bin/../lib/gcc/nios2-elf/4.1.2\libgcc.a(_pack_df.o)
                0x0000ac0c                __pack_d
 .text          0x0000af20      0x138 d:/altera/13.0/nios2eds/bin/gnu/h-i686-mingw32/bin/../lib/gcc/nios2-elf/4.1.2\libgcc.a(_unpack_df.o)
                0x0000af20                __unpack_d
 .text          0x0000b058       0xc8 d:/altera/13.0/nios2eds/bin/gnu/h-i686-mingw32/bin/../lib/gcc/nios2-elf/4.1.2\libgcc.a(_fpcmp_parts_df.o)
                0x0000b058                __fpcmp_parts_d
 .text          0x0000b120      0x15c ../w5500_test_bsp/\libhal_bsp.a(alt_close.o)
                0x0000b120                close
 .text          0x0000b27c       0x2c ../w5500_test_bsp/\libhal_bsp.a(alt_dev.o)
 .text          0x0000b2a8        0x0 ../w5500_test_bsp/\libhal_bsp.a(alt_errno.o)
 .text          0x0000b2a8      0x134 ../w5500_test_bsp/\libhal_bsp.a(alt_fstat.o)
                0x0000b2a8                fstat
 .text          0x0000b3dc      0x120 ../w5500_test_bsp/\libhal_bsp.a(alt_isatty.o)
                0x0000b3dc                isatty
 .text          0x0000b4fc      0x150 ../w5500_test_bsp/\libhal_bsp.a(alt_lseek.o)
                0x0000b4fc                lseek
 .text          0x0000b64c       0x6c ../w5500_test_bsp/\libhal_bsp.a(alt_main.o)
                0x0000b64c                alt_main
 .text          0x0000b6b8       0x40 ../w5500_test_bsp/\libhal_bsp.a(alt_malloc_lock.o)
                0x0000b6b8                __malloc_lock
                0x0000b6d8                __malloc_unlock
 .text          0x0000b6f8      0x180 ../w5500_test_bsp/\libhal_bsp.a(alt_read.o)
                0x0000b6f8                read
 .text          0x0000b878       0x60 ../w5500_test_bsp/\libhal_bsp.a(alt_release_fd.o)
                0x0000b878                alt_release_fd
 .text          0x0000b8d8       0xbc ../w5500_test_bsp/\libhal_bsp.a(alt_sbrk.o)
                0x0000b8d8                sbrk
 .text          0x0000b994      0x180 ../w5500_test_bsp/\libhal_bsp.a(alt_write.o)
                0x0000b994                write
 .text          0x0000bb14       0xbc ../w5500_test_bsp/\libhal_bsp.a(alt_sys_init.o)
                0x0000bb14                alt_irq_init
                0x0000bb48                alt_sys_init
 .text          0x0000bbd0      0x9e4 ../w5500_test_bsp/\libhal_bsp.a(altera_avalon_epcs_flash_controller.o)
                0x0000bbd0                alt_epcs_flash_init
                0x0000bfec                alt_epcs_flash_write
                0x0000c26c                alt_epcs_flash_get_info
                0x0000c2fc                alt_epcs_flash_erase_block
                0x0000c400                alt_epcs_flash_write_block
                0x0000c51c                alt_epcs_flash_read
 .text          0x0000c5b4       0xf8 ../w5500_test_bsp/\libhal_bsp.a(altera_avalon_uart_fd.o)
                0x0000c5b4                altera_avalon_uart_read_fd
                0x0000c60c                altera_avalon_uart_write_fd
                0x0000c664                altera_avalon_uart_close_fd
 .text          0x0000c6ac      0x400 ../w5500_test_bsp/\libhal_bsp.a(altera_avalon_uart_init.o)
                0x0000c6ac                altera_avalon_uart_init
                0x0000ca4c                altera_avalon_uart_close
 .text          0x0000caac      0x290 ../w5500_test_bsp/\libhal_bsp.a(altera_avalon_uart_read.o)
                0x0000caac                altera_avalon_uart_read
 .text          0x0000cd3c      0x228 ../w5500_test_bsp/\libhal_bsp.a(altera_avalon_uart_write.o)
                0x0000cd3c                altera_avalon_uart_write
 .text          0x0000cf64      0x6d4 ../w5500_test_bsp/\libhal_bsp.a(epcs_commands.o)
                0x0000cf64                epcs_read_status_register
                0x0000cfc4                epcs_sector_erase
                0x0000d12c                epcs_read_buffer
                0x0000d278                epcs_write_enable
                0x0000d2c8                epcs_write_status_register
                0x0000d32c                epcs_write_buffer
                0x0000d49c                epcs_read_electronic_signature
                0x0000d508                epcs_read_device_id
                0x0000d588                epcs_enter_4_bytes_mode
                0x0000d5e0                epcs_exit_4_bytes_mode
 .text          0x0000d638      0x114 ../w5500_test_bsp/\libhal_bsp.a(alt_dev_llist_insert.o)
                0x0000d638                alt_dev_llist_insert
 .text          0x0000d74c       0x64 ../w5500_test_bsp/\libhal_bsp.a(alt_do_ctors.o)
                0x0000d74c                _do_ctors
 .text          0x0000d7b0       0x64 ../w5500_test_bsp/\libhal_bsp.a(alt_do_dtors.o)
                0x0000d7b0                _do_dtors
 .text          0x0000d814       0xd0 ../w5500_test_bsp/\libhal_bsp.a(alt_flash_dev.o)
                0x0000d814                alt_flash_open_dev
                0x0000d890                alt_flash_close_dev
 .text          0x0000d8e4      0x1d4 ../w5500_test_bsp/\libhal_bsp.a(alt_iic.o)
                0x0000d8e4                alt_ic_isr_register
                0x0000d934                alt_ic_irq_enable
                0x0000d9d0                alt_ic_irq_disable
                0x0000da70                alt_ic_irq_enabled
 .text          0x0000dab8       0xf8 ../w5500_test_bsp/\libhal_bsp.a(alt_iic_isr_register.o)
                0x0000dab8                alt_iic_isr_register
 .text          0x0000dbb0      0x13c ../w5500_test_bsp/\libhal_bsp.a(alt_io_redirect.o)
                0x0000dc74                alt_io_redirect
 .text          0x0000dcec        0x0 ../w5500_test_bsp/\libhal_bsp.a(alt_irq_entry.o)
 .text          0x0000dcec        0x0 ../w5500_test_bsp/\libhal_bsp.a(alt_irq_handler.o)
 .text          0x0000dcec        0x0 ../w5500_test_bsp/\libhal_bsp.a(alt_irq_vars.o)
 .text          0x0000dcec      0x2c4 ../w5500_test_bsp/\libhal_bsp.a(alt_open.o)
                0x0000ddc8                open
 .text          0x0000dfb0       0x20 ../w5500_test_bsp/\libhal_bsp.a(altera_nios2_qsys_irq.o)
                0x0000dfb0                altera_nios2_qsys_irq_init
 .text          0x0000dfd0      0x238 ../w5500_test_bsp/\libhal_bsp.a(altera_avalon_spi.o)
                0x0000dfd0                alt_avalon_spi_command
 .text          0x0000e208        0x0 ../w5500_test_bsp/\libhal_bsp.a(alt_exception_entry.o)
 .text          0x0000e208       0x94 ../w5500_test_bsp/\libhal_bsp.a(alt_find_dev.o)
                0x0000e208                alt_find_dev
 .text          0x0000e29c      0x120 ../w5500_test_bsp/\libhal_bsp.a(alt_find_file.o)
                0x0000e29c                alt_find_file
 .text          0x0000e3bc       0xb8 ../w5500_test_bsp/\libhal_bsp.a(alt_get_fd.o)
                0x0000e3bc                alt_get_fd
 .text          0x0000e474       0x14 d:/altera/13.0/nios2eds/bin/gnu/h-i686-mingw32/bin/../lib/gcc/nios2-elf/4.1.2/../../../../nios2-elf/lib\libc.a(lib_a-atexit.o)
                0x0000e474                atexit
 .text          0x0000e488       0x38 d:/altera/13.0/nios2eds/bin/gnu/h-i686-mingw32/bin/../lib/gcc/nios2-elf/4.1.2/../../../../nios2-elf/lib\libc.a(lib_a-exit.o)
                0x0000e488                exit
 .text          0x0000e4c0       0x74 d:/altera/13.0/nios2eds/bin/gnu/h-i686-mingw32/bin/../lib/gcc/nios2-elf/4.1.2/../../../../nios2-elf/lib\libc.a(lib_a-memcmp.o)
                0x0000e4c0                memcmp
 .text          0x0000e534      0x134 d:/altera/13.0/nios2eds/bin/gnu/h-i686-mingw32/bin/../lib/gcc/nios2-elf/4.1.2/../../../../nios2-elf/lib\libc.a(lib_a-__atexit.o)
                0x0000e534                __register_exitproc
 .text          0x0000e668      0x1b4 d:/altera/13.0/nios2eds/bin/gnu/h-i686-mingw32/bin/../lib/gcc/nios2-elf/4.1.2/../../../../nios2-elf/lib\libc.a(lib_a-__call_atexit.o)
                0x0000e66c                __call_exitprocs
 .text          0x0000e81c       0x60 ../w5500_test_bsp/\libhal_bsp.a(alt_exit.o)
                0x0000e85c                _exit
 *(.gnu.warning.*)
 *(.fini)
                0x0000e87c                PROVIDE (__etext, ABSOLUTE (.))
                0x0000e87c                PROVIDE (_etext, ABSOLUTE (.))
                0x0000e87c                PROVIDE (etext, ABSOLUTE (.))
 *(.eh_frame_hdr)
                0x0000e87c                . = ALIGN (0x4)
                0x0000e87c                PROVIDE (__preinit_array_start, ABSOLUTE (.))
 *(.preinit_array)
                0x0000e87c                PROVIDE (__preinit_array_end, ABSOLUTE (.))
                0x0000e87c                PROVIDE (__init_array_start, ABSOLUTE (.))
 *(.init_array)
                0x0000e87c                PROVIDE (__init_array_end, ABSOLUTE (.))
                0x0000e87c                PROVIDE (__fini_array_start, ABSOLUTE (.))
 *(.fini_array)
                0x0000e87c                PROVIDE (__fini_array_end, ABSOLUTE (.))
 *(.eh_frame)
 *(.gcc_except_table)
 *(.dynamic)
                0x0000e87c                PROVIDE (__CTOR_LIST__, ABSOLUTE (.))
 *(.ctors)
 *(SORT(.ctors.*))
 .ctors.65535   0x0000e87c        0x4 d:/altera/13.0/nios2eds/bin/gnu/h-i686-mingw32/bin/../lib/gcc/nios2-elf/4.1.2/../../../../nios2-elf/lib\libc.a(lib_a-__call_atexit.o)
                0x0000e880                PROVIDE (__CTOR_END__, ABSOLUTE (.))
                0x0000e880                PROVIDE (__DTOR_LIST__, ABSOLUTE (.))
 *(.dtors)
 *(SORT(.dtors.*))
                0x0000e880                PROVIDE (__DTOR_END__, ABSOLUTE (.))
 *(.jcr)
                0x0000e880                . = ALIGN (0x4)

.rodata         0x0000e880      0x360
                0x0000e880                PROVIDE (__ram_rodata_start, ABSOLUTE (.))
                0x0000e880                . = ALIGN (0x4)
 *(.rodata .rodata.* .gnu.linkonce.r.*)
 .rodata        0x0000e880       0x24 obj/default/main.o
 .rodata.str1.4
                0x0000e8a4       0x5e d:/altera/13.0/nios2eds/bin/gnu/h-i686-mingw32/bin/../lib/gcc/nios2-elf/4.1.2/../../../../nios2-elf/lib\libc.a(lib_a-vfprintf.o)
                                 0x60 (size before relaxing)
 *fill*         0x0000e902        0x2 00
 .rodata        0x0000e904       0x20 d:/altera/13.0/nios2eds/bin/gnu/h-i686-mingw32/bin/../lib/gcc/nios2-elf/4.1.2/../../../../nios2-elf/lib\libc.a(lib_a-vfprintf.o)
 .rodata.str1.4
                0x0000e924       0x10 d:/altera/13.0/nios2eds/bin/gnu/h-i686-mingw32/bin/../lib/gcc/nios2-elf/4.1.2/../../../../nios2-elf/lib\libc.a(lib_a-dtoa.o)
                                 0x14 (size before relaxing)
 .rodata.str1.4
                0x0000e934        0x2 d:/altera/13.0/nios2eds/bin/gnu/h-i686-mingw32/bin/../lib/gcc/nios2-elf/4.1.2/../../../../nios2-elf/lib\libc.a(lib_a-impure.o)
                                  0x4 (size before relaxing)
 *fill*         0x0000e936        0x2 00
 .rodata.str1.4
                0x0000e938       0x10 d:/altera/13.0/nios2eds/bin/gnu/h-i686-mingw32/bin/../lib/gcc/nios2-elf/4.1.2/../../../../nios2-elf/lib\libc.a(lib_a-locale.o)
                                 0x18 (size before relaxing)
 .rodata        0x0000e948       0x30 d:/altera/13.0/nios2eds/bin/gnu/h-i686-mingw32/bin/../lib/gcc/nios2-elf/4.1.2/../../../../nios2-elf/lib\libc.a(lib_a-locale.o)
 .rodata        0x0000e978      0x124 d:/altera/13.0/nios2eds/bin/gnu/h-i686-mingw32/bin/../lib/gcc/nios2-elf/4.1.2/../../../../nios2-elf/lib\libc.a(lib_a-mprec.o)
                0x0000e978                __mprec_tens
                0x0000ea40                __mprec_bigtens
                0x0000ea68                __mprec_tinytens
 .rodata        0x0000ea9c       0x14 d:/altera/13.0/nios2eds/bin/gnu/h-i686-mingw32/bin/../lib/gcc/nios2-elf/4.1.2\libgcc.a(_thenan_df.o)
                0x0000ea9c                __thenan_df
 .rodata        0x0000eab0      0x100 d:/altera/13.0/nios2eds/bin/gnu/h-i686-mingw32/bin/../lib/gcc/nios2-elf/4.1.2\libgcc.a(_clz.o)
                0x0000eab0                __clz_tab
 .rodata        0x0000ebb0        0xc ../w5500_test_bsp/\libhal_bsp.a(alt_dev.o)
 .rodata        0x0000ebbc        0xc ../w5500_test_bsp/\libhal_bsp.a(alt_main.o)
 .rodata        0x0000ebc8       0x18 ../w5500_test_bsp/\libhal_bsp.a(alt_sys_init.o)
 *(.rodata1)
                0x0000ebe0                . = ALIGN (0x4)
                0x0000ebe0                PROVIDE (__ram_rodata_end, ABSOLUTE (.))
                0x0000e880                PROVIDE (__flash_rodata_start, LOADADDR (.rodata))

.rwdata         0x0000ebe0      0xb8c
                0x0000ebe0                PROVIDE (__ram_rwdata_start, ABSOLUTE (.))
                0x0000ebe0                . = ALIGN (0x4)
 *(.got.plt)
 *(.got)
 *(.data1)
 *(.data .data.* .gnu.linkonce.d.*)
 .data          0x0000ebe0        0x0 ../w5500_test_bsp//obj/HAL/src/crt0.o
 .data          0x0000ebe0        0x0 obj/default/W5500.o
 .data          0x0000ebe0        0x0 obj/default/main.o
 .data          0x0000ebe0        0x0 d:/altera/13.0/nios2eds/bin/gnu/h-i686-mingw32/bin/../lib/gcc/nios2-elf/4.1.2/../../../../nios2-elf/lib\libc.a(lib_a-memcpy.o)
 .data          0x0000ebe0        0x0 d:/altera/13.0/nios2eds/bin/gnu/h-i686-mingw32/bin/../lib/gcc/nios2-elf/4.1.2/../../../../nios2-elf/lib\libc.a(lib_a-printf.o)
 .data          0x0000ebe0        0x0 d:/altera/13.0/nios2eds/bin/gnu/h-i686-mingw32/bin/../lib/gcc/nios2-elf/4.1.2/../../../../nios2-elf/lib\libc.a(lib_a-putchar.o)
 .data          0x0000ebe0        0x0 d:/altera/13.0/nios2eds/bin/gnu/h-i686-mingw32/bin/../lib/gcc/nios2-elf/4.1.2/../../../../nios2-elf/lib\libc.a(lib_a-vfprintf.o)
 .data          0x0000ebe0        0x0 d:/altera/13.0/nios2eds/bin/gnu/h-i686-mingw32/bin/../lib/gcc/nios2-elf/4.1.2/../../../../nios2-elf/lib\libc.a(lib_a-wsetup.o)
 .data          0x0000ebe0        0x0 d:/altera/13.0/nios2eds/bin/gnu/h-i686-mingw32/bin/../lib/gcc/nios2-elf/4.1.2/../../../../nios2-elf/lib\libc.a(lib_a-dtoa.o)
 .data          0x0000ebe0        0x0 d:/altera/13.0/nios2eds/bin/gnu/h-i686-mingw32/bin/../lib/gcc/nios2-elf/4.1.2/../../../../nios2-elf/lib\libc.a(lib_a-fflush.o)
 .data          0x0000ebe0        0x0 d:/altera/13.0/nios2eds/bin/gnu/h-i686-mingw32/bin/../lib/gcc/nios2-elf/4.1.2/../../../../nios2-elf/lib\libc.a(lib_a-findfp.o)
 .data          0x0000ebe0        0x0 d:/altera/13.0/nios2eds/bin/gnu/h-i686-mingw32/bin/../lib/gcc/nios2-elf/4.1.2/../../../../nios2-elf/lib\libc.a(lib_a-freer.o)
 .data          0x0000ebe0        0x0 d:/altera/13.0/nios2eds/bin/gnu/h-i686-mingw32/bin/../lib/gcc/nios2-elf/4.1.2/../../../../nios2-elf/lib\libc.a(lib_a-fvwrite.o)
 .data          0x0000ebe0        0x0 d:/altera/13.0/nios2eds/bin/gnu/h-i686-mingw32/bin/../lib/gcc/nios2-elf/4.1.2/../../../../nios2-elf/lib\libc.a(lib_a-fwalk.o)
 .data          0x0000ebe0      0x400 d:/altera/13.0/nios2eds/bin/gnu/h-i686-mingw32/bin/../lib/gcc/nios2-elf/4.1.2/../../../../nios2-elf/lib\libc.a(lib_a-impure.o)
 .data          0x0000efe0        0xc d:/altera/13.0/nios2eds/bin/gnu/h-i686-mingw32/bin/../lib/gcc/nios2-elf/4.1.2/../../../../nios2-elf/lib\libc.a(lib_a-locale.o)
                0x0000efe0                __lc_ctype
 .data          0x0000efec        0x0 d:/altera/13.0/nios2eds/bin/gnu/h-i686-mingw32/bin/../lib/gcc/nios2-elf/4.1.2/../../../../nios2-elf/lib\libc.a(lib_a-makebuf.o)
 .data          0x0000efec      0x408 d:/altera/13.0/nios2eds/bin/gnu/h-i686-mingw32/bin/../lib/gcc/nios2-elf/4.1.2/../../../../nios2-elf/lib\libc.a(lib_a-mallocr.o)
                0x0000efec                __malloc_av_
 .data          0x0000f3f4        0x0 d:/altera/13.0/nios2eds/bin/gnu/h-i686-mingw32/bin/../lib/gcc/nios2-elf/4.1.2/../../../../nios2-elf/lib\libc.a(lib_a-memchr.o)
 .data          0x0000f3f4        0x0 d:/altera/13.0/nios2eds/bin/gnu/h-i686-mingw32/bin/../lib/gcc/nios2-elf/4.1.2/../../../../nios2-elf/lib\libc.a(lib_a-memmove.o)
 .data          0x0000f3f4        0x0 d:/altera/13.0/nios2eds/bin/gnu/h-i686-mingw32/bin/../lib/gcc/nios2-elf/4.1.2/../../../../nios2-elf/lib\libc.a(lib_a-memset.o)
 .data          0x0000f3f4        0x0 d:/altera/13.0/nios2eds/bin/gnu/h-i686-mingw32/bin/../lib/gcc/nios2-elf/4.1.2/../../../../nios2-elf/lib\libc.a(lib_a-mprec.o)
 .data          0x0000f3f4        0x0 d:/altera/13.0/nios2eds/bin/gnu/h-i686-mingw32/bin/../lib/gcc/nios2-elf/4.1.2/../../../../nios2-elf/lib\libc.a(lib_a-putc.o)
 .data          0x0000f3f4        0x0 d:/altera/13.0/nios2eds/bin/gnu/h-i686-mingw32/bin/../lib/gcc/nios2-elf/4.1.2/../../../../nios2-elf/lib\libc.a(lib_a-reallocr.o)
 .data          0x0000f3f4        0x0 d:/altera/13.0/nios2eds/bin/gnu/h-i686-mingw32/bin/../lib/gcc/nios2-elf/4.1.2/../../../../nios2-elf/lib\libc.a(lib_a-s_isinfd.o)
 .data          0x0000f3f4        0x0 d:/altera/13.0/nios2eds/bin/gnu/h-i686-mingw32/bin/../lib/gcc/nios2-elf/4.1.2/../../../../nios2-elf/lib\libc.a(lib_a-s_isnand.o)
 .data          0x0000f3f4        0x0 d:/altera/13.0/nios2eds/bin/gnu/h-i686-mingw32/bin/../lib/gcc/nios2-elf/4.1.2/../../../../nios2-elf/lib\libc.a(lib_a-sbrkr.o)
 .data          0x0000f3f4        0x0 d:/altera/13.0/nios2eds/bin/gnu/h-i686-mingw32/bin/../lib/gcc/nios2-elf/4.1.2/../../../../nios2-elf/lib\libc.a(lib_a-stdio.o)
 .data          0x0000f3f4        0x0 d:/altera/13.0/nios2eds/bin/gnu/h-i686-mingw32/bin/../lib/gcc/nios2-elf/4.1.2/../../../../nios2-elf/lib\libc.a(lib_a-strcmp.o)
 .data          0x0000f3f4        0x0 d:/altera/13.0/nios2eds/bin/gnu/h-i686-mingw32/bin/../lib/gcc/nios2-elf/4.1.2/../../../../nios2-elf/lib\libc.a(lib_a-strlen.o)
 .data          0x0000f3f4        0x0 d:/altera/13.0/nios2eds/bin/gnu/h-i686-mingw32/bin/../lib/gcc/nios2-elf/4.1.2/../../../../nios2-elf/lib\libc.a(lib_a-wbuf.o)
 .data          0x0000f3f4        0x0 d:/altera/13.0/nios2eds/bin/gnu/h-i686-mingw32/bin/../lib/gcc/nios2-elf/4.1.2/../../../../nios2-elf/lib\libc.a(lib_a-writer.o)
 .data          0x0000f3f4        0x0 d:/altera/13.0/nios2eds/bin/gnu/h-i686-mingw32/bin/../lib/gcc/nios2-elf/4.1.2/../../../../nios2-elf/lib\libc.a(lib_a-callocr.o)
 .data          0x0000f3f4        0x0 d:/altera/13.0/nios2eds/bin/gnu/h-i686-mingw32/bin/../lib/gcc/nios2-elf/4.1.2/../../../../nios2-elf/lib\libc.a(lib_a-closer.o)
 .data          0x0000f3f4        0x0 d:/altera/13.0/nios2eds/bin/gnu/h-i686-mingw32/bin/../lib/gcc/nios2-elf/4.1.2/../../../../nios2-elf/lib\libc.a(lib_a-fclose.o)
 .data          0x0000f3f4        0x0 d:/altera/13.0/nios2eds/bin/gnu/h-i686-mingw32/bin/../lib/gcc/nios2-elf/4.1.2/../../../../nios2-elf/lib\libc.a(lib_a-fstatr.o)
 .data          0x0000f3f4        0x0 d:/altera/13.0/nios2eds/bin/gnu/h-i686-mingw32/bin/../lib/gcc/nios2-elf/4.1.2/../../../../nios2-elf/lib\libc.a(lib_a-int_errno.o)
 .data          0x0000f3f4        0x0 d:/altera/13.0/nios2eds/bin/gnu/h-i686-mingw32/bin/../lib/gcc/nios2-elf/4.1.2/../../../../nios2-elf/lib\libc.a(lib_a-isattyr.o)
 .data          0x0000f3f4        0x0 d:/altera/13.0/nios2eds/bin/gnu/h-i686-mingw32/bin/../lib/gcc/nios2-elf/4.1.2/../../../../nios2-elf/lib\libc.a(lib_a-lseekr.o)
 .data          0x0000f3f4        0x0 d:/altera/13.0/nios2eds/bin/gnu/h-i686-mingw32/bin/../lib/gcc/nios2-elf/4.1.2/../../../../nios2-elf/lib\libc.a(lib_a-readr.o)
 .data          0x0000f3f4        0x0 d:/altera/13.0/nios2eds/bin/gnu/h-i686-mingw32/bin/../lib/gcc/nios2-elf/4.1.2\libgcc.a(_udivdi3.o)
 .data          0x0000f3f4        0x0 d:/altera/13.0/nios2eds/bin/gnu/h-i686-mingw32/bin/../lib/gcc/nios2-elf/4.1.2\libgcc.a(_umoddi3.o)
 .data          0x0000f3f4        0x0 d:/altera/13.0/nios2eds/bin/gnu/h-i686-mingw32/bin/../lib/gcc/nios2-elf/4.1.2\libgcc.a(_addsub_df.o)
 .data          0x0000f3f4        0x0 d:/altera/13.0/nios2eds/bin/gnu/h-i686-mingw32/bin/../lib/gcc/nios2-elf/4.1.2\libgcc.a(_mul_df.o)
 .data          0x0000f3f4        0x0 d:/altera/13.0/nios2eds/bin/gnu/h-i686-mingw32/bin/../lib/gcc/nios2-elf/4.1.2\libgcc.a(_div_df.o)
 .data          0x0000f3f4        0x0 d:/altera/13.0/nios2eds/bin/gnu/h-i686-mingw32/bin/../lib/gcc/nios2-elf/4.1.2\libgcc.a(_eq_df.o)
 .data          0x0000f3f4        0x0 d:/altera/13.0/nios2eds/bin/gnu/h-i686-mingw32/bin/../lib/gcc/nios2-elf/4.1.2\libgcc.a(_ne_df.o)
 .data          0x0000f3f4        0x0 d:/altera/13.0/nios2eds/bin/gnu/h-i686-mingw32/bin/../lib/gcc/nios2-elf/4.1.2\libgcc.a(_gt_df.o)
 .data          0x0000f3f4        0x0 d:/altera/13.0/nios2eds/bin/gnu/h-i686-mingw32/bin/../lib/gcc/nios2-elf/4.1.2\libgcc.a(_ge_df.o)
 .data          0x0000f3f4        0x0 d:/altera/13.0/nios2eds/bin/gnu/h-i686-mingw32/bin/../lib/gcc/nios2-elf/4.1.2\libgcc.a(_lt_df.o)
 .data          0x0000f3f4        0x0 d:/altera/13.0/nios2eds/bin/gnu/h-i686-mingw32/bin/../lib/gcc/nios2-elf/4.1.2\libgcc.a(_si_to_df.o)
 .data          0x0000f3f4        0x0 d:/altera/13.0/nios2eds/bin/gnu/h-i686-mingw32/bin/../lib/gcc/nios2-elf/4.1.2\libgcc.a(_df_to_si.o)
 .data          0x0000f3f4        0x0 d:/altera/13.0/nios2eds/bin/gnu/h-i686-mingw32/bin/../lib/gcc/nios2-elf/4.1.2\libgcc.a(_thenan_df.o)
 .data          0x0000f3f4        0x0 d:/altera/13.0/nios2eds/bin/gnu/h-i686-mingw32/bin/../lib/gcc/nios2-elf/4.1.2\libgcc.a(_usi_to_df.o)
 .data          0x0000f3f4        0x0 d:/altera/13.0/nios2eds/bin/gnu/h-i686-mingw32/bin/../lib/gcc/nios2-elf/4.1.2\libgcc.a(lib2-divmod.o)
 .data          0x0000f3f4        0x0 d:/altera/13.0/nios2eds/bin/gnu/h-i686-mingw32/bin/../lib/gcc/nios2-elf/4.1.2\libgcc.a(_muldi3.o)
 .data          0x0000f3f4        0x0 d:/altera/13.0/nios2eds/bin/gnu/h-i686-mingw32/bin/../lib/gcc/nios2-elf/4.1.2\libgcc.a(_clz.o)
 .data          0x0000f3f4        0x0 d:/altera/13.0/nios2eds/bin/gnu/h-i686-mingw32/bin/../lib/gcc/nios2-elf/4.1.2\libgcc.a(_clzsi2.o)
 .data          0x0000f3f4        0x0 d:/altera/13.0/nios2eds/bin/gnu/h-i686-mingw32/bin/../lib/gcc/nios2-elf/4.1.2\libgcc.a(_pack_df.o)
 .data          0x0000f3f4        0x0 d:/altera/13.0/nios2eds/bin/gnu/h-i686-mingw32/bin/../lib/gcc/nios2-elf/4.1.2\libgcc.a(_unpack_df.o)
 .data          0x0000f3f4        0x0 d:/altera/13.0/nios2eds/bin/gnu/h-i686-mingw32/bin/../lib/gcc/nios2-elf/4.1.2\libgcc.a(_fpcmp_parts_df.o)
 .data          0x0000f3f4        0x0 ../w5500_test_bsp/\libhal_bsp.a(alt_close.o)
 .data          0x0000f3f4      0x1a8 ../w5500_test_bsp/\libhal_bsp.a(alt_dev.o)
                0x0000f3f4                alt_dev_null
                0x0000f41c                alt_fd_list
 .data          0x0000f59c        0x0 ../w5500_test_bsp/\libhal_bsp.a(alt_errno.o)
 .data          0x0000f59c        0x0 ../w5500_test_bsp/\libhal_bsp.a(alt_fstat.o)
 .data          0x0000f59c        0x0 ../w5500_test_bsp/\libhal_bsp.a(alt_isatty.o)
 .data          0x0000f59c        0x0 ../w5500_test_bsp/\libhal_bsp.a(alt_lseek.o)
 .data          0x0000f59c        0x0 ../w5500_test_bsp/\libhal_bsp.a(alt_main.o)
 .data          0x0000f59c        0x0 ../w5500_test_bsp/\libhal_bsp.a(alt_malloc_lock.o)
 .data          0x0000f59c        0x0 ../w5500_test_bsp/\libhal_bsp.a(alt_read.o)
 .data          0x0000f59c        0x0 ../w5500_test_bsp/\libhal_bsp.a(alt_release_fd.o)
 .data          0x0000f59c        0x0 ../w5500_test_bsp/\libhal_bsp.a(alt_sbrk.o)
 .data          0x0000f59c        0x0 ../w5500_test_bsp/\libhal_bsp.a(alt_write.o)
 .data          0x0000f59c      0x18c ../w5500_test_bsp/\libhal_bsp.a(alt_sys_init.o)
 .data          0x0000f728        0x0 ../w5500_test_bsp/\libhal_bsp.a(altera_avalon_epcs_flash_controller.o)
 .data          0x0000f728        0x0 ../w5500_test_bsp/\libhal_bsp.a(altera_avalon_uart_fd.o)
 .data          0x0000f728        0x0 ../w5500_test_bsp/\libhal_bsp.a(altera_avalon_uart_init.o)
 .data          0x0000f728        0x0 ../w5500_test_bsp/\libhal_bsp.a(altera_avalon_uart_read.o)
 .data          0x0000f728        0x0 ../w5500_test_bsp/\libhal_bsp.a(altera_avalon_uart_write.o)
 .data          0x0000f728        0x0 ../w5500_test_bsp/\libhal_bsp.a(epcs_commands.o)
 .data          0x0000f728        0x0 ../w5500_test_bsp/\libhal_bsp.a(alt_dev_llist_insert.o)
 .data          0x0000f728        0x0 ../w5500_test_bsp/\libhal_bsp.a(alt_do_ctors.o)
 .data          0x0000f728        0x0 ../w5500_test_bsp/\libhal_bsp.a(alt_do_dtors.o)
 .data          0x0000f728        0x0 ../w5500_test_bsp/\libhal_bsp.a(alt_flash_dev.o)
 .data          0x0000f728        0x0 ../w5500_test_bsp/\libhal_bsp.a(alt_iic.o)
 .data          0x0000f728        0x0 ../w5500_test_bsp/\libhal_bsp.a(alt_iic_isr_register.o)
 .data          0x0000f728        0x0 ../w5500_test_bsp/\libhal_bsp.a(alt_io_redirect.o)
 .data          0x0000f728        0x0 ../w5500_test_bsp/\libhal_bsp.a(alt_irq_entry.o)
 .data          0x0000f728        0x0 ../w5500_test_bsp/\libhal_bsp.a(alt_irq_handler.o)
 .data          0x0000f728        0x0 ../w5500_test_bsp/\libhal_bsp.a(alt_irq_vars.o)
 .data          0x0000f728        0x0 ../w5500_test_bsp/\libhal_bsp.a(alt_open.o)
 .data          0x0000f728        0x0 ../w5500_test_bsp/\libhal_bsp.a(altera_nios2_qsys_irq.o)
 .data          0x0000f728        0x0 ../w5500_test_bsp/\libhal_bsp.a(altera_avalon_spi.o)
 .data          0x0000f728        0x0 ../w5500_test_bsp/\libhal_bsp.a(alt_exception_entry.o)
 .data          0x0000f728        0x0 ../w5500_test_bsp/\libhal_bsp.a(alt_find_dev.o)
 .data          0x0000f728        0x0 ../w5500_test_bsp/\libhal_bsp.a(alt_find_file.o)
 .data          0x0000f728        0x0 ../w5500_test_bsp/\libhal_bsp.a(alt_get_fd.o)
 .data          0x0000f728        0x0 d:/altera/13.0/nios2eds/bin/gnu/h-i686-mingw32/bin/../lib/gcc/nios2-elf/4.1.2/../../../../nios2-elf/lib\libc.a(lib_a-atexit.o)
 .data          0x0000f728        0x0 d:/altera/13.0/nios2eds/bin/gnu/h-i686-mingw32/bin/../lib/gcc/nios2-elf/4.1.2/../../../../nios2-elf/lib\libc.a(lib_a-exit.o)
 .data          0x0000f728        0x0 d:/altera/13.0/nios2eds/bin/gnu/h-i686-mingw32/bin/../lib/gcc/nios2-elf/4.1.2/../../../../nios2-elf/lib\libc.a(lib_a-memcmp.o)
 .data          0x0000f728        0x0 d:/altera/13.0/nios2eds/bin/gnu/h-i686-mingw32/bin/../lib/gcc/nios2-elf/4.1.2/../../../../nios2-elf/lib\libc.a(lib_a-__atexit.o)
 .data          0x0000f728        0x0 d:/altera/13.0/nios2eds/bin/gnu/h-i686-mingw32/bin/../lib/gcc/nios2-elf/4.1.2/../../../../nios2-elf/lib\libc.a(lib_a-__call_atexit.o)
 .data          0x0000f728        0x0 ../w5500_test_bsp/\libhal_bsp.a(alt_exit.o)
                0x00017728                _gp = ABSOLUTE ((. + 0x8000))
                0x00017728                PROVIDE (gp, _gp)
 *(.rwdata .rwdata.*)
 *(.sdata .sdata.* .gnu.linkonce.s.*)
 .sdata         0x0000f728        0x1 obj/default/W5500.o
                0x0000f728                S0_Mode
 *fill*         0x0000f729        0x3 00
 .sdata         0x0000f72c        0x8 d:/altera/13.0/nios2eds/bin/gnu/h-i686-mingw32/bin/../lib/gcc/nios2-elf/4.1.2/../../../../nios2-elf/lib\libc.a(lib_a-impure.o)
                0x0000f72c                _impure_ptr
                0x0000f730                _global_impure_ptr
 .sdata         0x0000f734        0x8 d:/altera/13.0/nios2eds/bin/gnu/h-i686-mingw32/bin/../lib/gcc/nios2-elf/4.1.2/../../../../nios2-elf/lib\libc.a(lib_a-locale.o)
                0x0000f734                __mb_cur_max
 .sdata         0x0000f73c        0x8 d:/altera/13.0/nios2eds/bin/gnu/h-i686-mingw32/bin/../lib/gcc/nios2-elf/4.1.2/../../../../nios2-elf/lib\libc.a(lib_a-mallocr.o)
                0x0000f73c                __malloc_trim_threshold
                0x0000f740                __malloc_sbrk_base
 .sdata         0x0000f744       0x14 ../w5500_test_bsp/\libhal_bsp.a(alt_dev.o)
                0x0000f744                alt_fs_list
                0x0000f74c                alt_dev_list
                0x0000f754                alt_max_fd
 .sdata         0x0000f758        0x4 ../w5500_test_bsp/\libhal_bsp.a(alt_errno.o)
                0x0000f758                alt_errno
 .sdata         0x0000f75c        0x4 ../w5500_test_bsp/\libhal_bsp.a(alt_sbrk.o)
 .sdata         0x0000f760        0x8 ../w5500_test_bsp/\libhal_bsp.a(alt_flash_dev.o)
                0x0000f760                alt_flash_dev_list
 .sdata         0x0000f768        0x4 ../w5500_test_bsp/\libhal_bsp.a(alt_irq_vars.o)
                0x0000f768                alt_priority_mask
 *(.sdata2 .sdata2.* .gnu.linkonce.s2.*)
                0x0000f76c                . = ALIGN (0x4)
                0x0000f76c                _edata = ABSOLUTE (.)
                0x0000f76c                PROVIDE (edata, ABSOLUTE (.))
                0x0000f76c                PROVIDE (__ram_rwdata_end, ABSOLUTE (.))
                0x0000ebe0                PROVIDE (__flash_rwdata_start, LOADADDR (.rwdata))

.bss            0x0000f76c     0x1a88
                0x0000f76c                __bss_start = ABSOLUTE (.)
                0x0000f76c                PROVIDE (__sbss_start, ABSOLUTE (.))
                0x0000f76c                PROVIDE (___sbss_start, ABSOLUTE (.))
 *(.dynsbss)
 *(.sbss .sbss.* .gnu.linkonce.sb.*)
 .sbss          0x0000f76c        0x1 obj/default/W5500.o
                0x0000f76c                S0_State
 *fill*         0x0000f76d        0x3 00
 .sbss          0x0000f770       0x30 obj/default/W5500.o
                0x0000f770                UDP_DPORT
                0x0000f774                S0_Port
                0x0000f778                Phy_Addr
                0x0000f780                S0_DPort
                0x0000f784                Sub_Mask
                0x0000f788                W5500_Interrupt
                0x0000f78c                Gateway_IP
                0x0000f790                S0_Data
                0x0000f794                UDP_DIPR
                0x0000f798                S0_DIP
                0x0000f79c                IP_Addr
 .sbss          0x0000f7a0        0xc d:/altera/13.0/nios2eds/bin/gnu/h-i686-mingw32/bin/../lib/gcc/nios2-elf/4.1.2/../../../../nios2-elf/lib\libc.a(lib_a-locale.o)
                0x0000f7a0                __nlocale_changed
                0x0000f7a4                __mlocale_changed
                0x0000f7a8                _PathLocale
 .sbss          0x0000f7ac        0xc d:/altera/13.0/nios2eds/bin/gnu/h-i686-mingw32/bin/../lib/gcc/nios2-elf/4.1.2/../../../../nios2-elf/lib\libc.a(lib_a-mallocr.o)
                0x0000f7ac                __malloc_top_pad
                0x0000f7b0                __malloc_max_sbrked_mem
                0x0000f7b4                __malloc_max_total_mem
 .sbss          0x0000f7b8        0x4 d:/altera/13.0/nios2eds/bin/gnu/h-i686-mingw32/bin/../lib/gcc/nios2-elf/4.1.2/../../../../nios2-elf/lib\libc.a(lib_a-int_errno.o)
                0x0000f7b8                errno
 .sbss          0x0000f7bc        0xc ../w5500_test_bsp/\libhal_bsp.a(alt_main.o)
                0x0000f7bc                alt_argc
                0x0000f7c0                alt_argv
                0x0000f7c4                alt_envp
 .sbss          0x0000f7c8        0x4 ../w5500_test_bsp/\libhal_bsp.a(alt_irq_vars.o)
                0x0000f7c8                alt_irq_active
 *(.sbss2 .sbss2.* .gnu.linkonce.sb2.*)
 *(.scommon)
                0x0000f7cc                PROVIDE (__sbss_end, ABSOLUTE (.))
                0x0000f7cc                PROVIDE (___sbss_end, ABSOLUTE (.))
 *(.dynbss)
 *(.bss .bss.* .gnu.linkonce.b.*)
 .bss           0x0000f7cc        0x0 ../w5500_test_bsp//obj/HAL/src/crt0.o
 .bss           0x0000f7cc        0x0 obj/default/W5500.o
 .bss           0x0000f7cc        0x0 obj/default/main.o
 .bss           0x0000f7cc        0x0 d:/altera/13.0/nios2eds/bin/gnu/h-i686-mingw32/bin/../lib/gcc/nios2-elf/4.1.2/../../../../nios2-elf/lib\libc.a(lib_a-memcpy.o)
 .bss           0x0000f7cc        0x0 d:/altera/13.0/nios2eds/bin/gnu/h-i686-mingw32/bin/../lib/gcc/nios2-elf/4.1.2/../../../../nios2-elf/lib\libc.a(lib_a-printf.o)
 .bss           0x0000f7cc        0x0 d:/altera/13.0/nios2eds/bin/gnu/h-i686-mingw32/bin/../lib/gcc/nios2-elf/4.1.2/../../../../nios2-elf/lib\libc.a(lib_a-putchar.o)
 .bss           0x0000f7cc        0x0 d:/altera/13.0/nios2eds/bin/gnu/h-i686-mingw32/bin/../lib/gcc/nios2-elf/4.1.2/../../../../nios2-elf/lib\libc.a(lib_a-vfprintf.o)
 .bss           0x0000f7cc        0x0 d:/altera/13.0/nios2eds/bin/gnu/h-i686-mingw32/bin/../lib/gcc/nios2-elf/4.1.2/../../../../nios2-elf/lib\libc.a(lib_a-wsetup.o)
 .bss           0x0000f7cc        0x0 d:/altera/13.0/nios2eds/bin/gnu/h-i686-mingw32/bin/../lib/gcc/nios2-elf/4.1.2/../../../../nios2-elf/lib\libc.a(lib_a-dtoa.o)
 .bss           0x0000f7cc        0x0 d:/altera/13.0/nios2eds/bin/gnu/h-i686-mingw32/bin/../lib/gcc/nios2-elf/4.1.2/../../../../nios2-elf/lib\libc.a(lib_a-fflush.o)
 .bss           0x0000f7cc        0x0 d:/altera/13.0/nios2eds/bin/gnu/h-i686-mingw32/bin/../lib/gcc/nios2-elf/4.1.2/../../../../nios2-elf/lib\libc.a(lib_a-findfp.o)
 .bss           0x0000f7cc        0x0 d:/altera/13.0/nios2eds/bin/gnu/h-i686-mingw32/bin/../lib/gcc/nios2-elf/4.1.2/../../../../nios2-elf/lib\libc.a(lib_a-freer.o)
 .bss           0x0000f7cc        0x0 d:/altera/13.0/nios2eds/bin/gnu/h-i686-mingw32/bin/../lib/gcc/nios2-elf/4.1.2/../../../../nios2-elf/lib\libc.a(lib_a-fvwrite.o)
 .bss           0x0000f7cc        0x0 d:/altera/13.0/nios2eds/bin/gnu/h-i686-mingw32/bin/../lib/gcc/nios2-elf/4.1.2/../../../../nios2-elf/lib\libc.a(lib_a-fwalk.o)
 .bss           0x0000f7cc        0x0 d:/altera/13.0/nios2eds/bin/gnu/h-i686-mingw32/bin/../lib/gcc/nios2-elf/4.1.2/../../../../nios2-elf/lib\libc.a(lib_a-impure.o)
 .bss           0x0000f7cc        0x0 d:/altera/13.0/nios2eds/bin/gnu/h-i686-mingw32/bin/../lib/gcc/nios2-elf/4.1.2/../../../../nios2-elf/lib\libc.a(lib_a-locale.o)
 .bss           0x0000f7cc        0x0 d:/altera/13.0/nios2eds/bin/gnu/h-i686-mingw32/bin/../lib/gcc/nios2-elf/4.1.2/../../../../nios2-elf/lib\libc.a(lib_a-makebuf.o)
 .bss           0x0000f7cc       0x28 d:/altera/13.0/nios2eds/bin/gnu/h-i686-mingw32/bin/../lib/gcc/nios2-elf/4.1.2/../../../../nios2-elf/lib\libc.a(lib_a-mallocr.o)
                0x0000f7cc                __malloc_current_mallinfo
 .bss           0x0000f7f4        0x0 d:/altera/13.0/nios2eds/bin/gnu/h-i686-mingw32/bin/../lib/gcc/nios2-elf/4.1.2/../../../../nios2-elf/lib\libc.a(lib_a-memchr.o)
 .bss           0x0000f7f4        0x0 d:/altera/13.0/nios2eds/bin/gnu/h-i686-mingw32/bin/../lib/gcc/nios2-elf/4.1.2/../../../../nios2-elf/lib\libc.a(lib_a-memmove.o)
 .bss           0x0000f7f4        0x0 d:/altera/13.0/nios2eds/bin/gnu/h-i686-mingw32/bin/../lib/gcc/nios2-elf/4.1.2/../../../../nios2-elf/lib\libc.a(lib_a-memset.o)
 .bss           0x0000f7f4        0x0 d:/altera/13.0/nios2eds/bin/gnu/h-i686-mingw32/bin/../lib/gcc/nios2-elf/4.1.2/../../../../nios2-elf/lib\libc.a(lib_a-mprec.o)
 .bss           0x0000f7f4        0x0 d:/altera/13.0/nios2eds/bin/gnu/h-i686-mingw32/bin/../lib/gcc/nios2-elf/4.1.2/../../../../nios2-elf/lib\libc.a(lib_a-putc.o)
 .bss           0x0000f7f4        0x0 d:/altera/13.0/nios2eds/bin/gnu/h-i686-mingw32/bin/../lib/gcc/nios2-elf/4.1.2/../../../../nios2-elf/lib\libc.a(lib_a-reallocr.o)
 .bss           0x0000f7f4        0x0 d:/altera/13.0/nios2eds/bin/gnu/h-i686-mingw32/bin/../lib/gcc/nios2-elf/4.1.2/../../../../nios2-elf/lib\libc.a(lib_a-s_isinfd.o)
 .bss           0x0000f7f4        0x0 d:/altera/13.0/nios2eds/bin/gnu/h-i686-mingw32/bin/../lib/gcc/nios2-elf/4.1.2/../../../../nios2-elf/lib\libc.a(lib_a-s_isnand.o)
 .bss           0x0000f7f4        0x0 d:/altera/13.0/nios2eds/bin/gnu/h-i686-mingw32/bin/../lib/gcc/nios2-elf/4.1.2/../../../../nios2-elf/lib\libc.a(lib_a-sbrkr.o)
 .bss           0x0000f7f4        0x0 d:/altera/13.0/nios2eds/bin/gnu/h-i686-mingw32/bin/../lib/gcc/nios2-elf/4.1.2/../../../../nios2-elf/lib\libc.a(lib_a-stdio.o)
 .bss           0x0000f7f4        0x0 d:/altera/13.0/nios2eds/bin/gnu/h-i686-mingw32/bin/../lib/gcc/nios2-elf/4.1.2/../../../../nios2-elf/lib\libc.a(lib_a-strcmp.o)
 .bss           0x0000f7f4        0x0 d:/altera/13.0/nios2eds/bin/gnu/h-i686-mingw32/bin/../lib/gcc/nios2-elf/4.1.2/../../../../nios2-elf/lib\libc.a(lib_a-strlen.o)
 .bss           0x0000f7f4        0x0 d:/altera/13.0/nios2eds/bin/gnu/h-i686-mingw32/bin/../lib/gcc/nios2-elf/4.1.2/../../../../nios2-elf/lib\libc.a(lib_a-wbuf.o)
 .bss           0x0000f7f4        0x0 d:/altera/13.0/nios2eds/bin/gnu/h-i686-mingw32/bin/../lib/gcc/nios2-elf/4.1.2/../../../../nios2-elf/lib\libc.a(lib_a-writer.o)
 .bss           0x0000f7f4        0x0 d:/altera/13.0/nios2eds/bin/gnu/h-i686-mingw32/bin/../lib/gcc/nios2-elf/4.1.2/../../../../nios2-elf/lib\libc.a(lib_a-callocr.o)
 .bss           0x0000f7f4        0x0 d:/altera/13.0/nios2eds/bin/gnu/h-i686-mingw32/bin/../lib/gcc/nios2-elf/4.1.2/../../../../nios2-elf/lib\libc.a(lib_a-closer.o)
 .bss           0x0000f7f4        0x0 d:/altera/13.0/nios2eds/bin/gnu/h-i686-mingw32/bin/../lib/gcc/nios2-elf/4.1.2/../../../../nios2-elf/lib\libc.a(lib_a-fclose.o)
 .bss           0x0000f7f4        0x0 d:/altera/13.0/nios2eds/bin/gnu/h-i686-mingw32/bin/../lib/gcc/nios2-elf/4.1.2/../../../../nios2-elf/lib\libc.a(lib_a-fstatr.o)
 .bss           0x0000f7f4        0x0 d:/altera/13.0/nios2eds/bin/gnu/h-i686-mingw32/bin/../lib/gcc/nios2-elf/4.1.2/../../../../nios2-elf/lib\libc.a(lib_a-int_errno.o)
 .bss           0x0000f7f4        0x0 d:/altera/13.0/nios2eds/bin/gnu/h-i686-mingw32/bin/../lib/gcc/nios2-elf/4.1.2/../../../../nios2-elf/lib\libc.a(lib_a-isattyr.o)
 .bss           0x0000f7f4        0x0 d:/altera/13.0/nios2eds/bin/gnu/h-i686-mingw32/bin/../lib/gcc/nios2-elf/4.1.2/../../../../nios2-elf/lib\libc.a(lib_a-lseekr.o)
 .bss           0x0000f7f4        0x0 d:/altera/13.0/nios2eds/bin/gnu/h-i686-mingw32/bin/../lib/gcc/nios2-elf/4.1.2/../../../../nios2-elf/lib\libc.a(lib_a-readr.o)
 .bss           0x0000f7f4        0x0 d:/altera/13.0/nios2eds/bin/gnu/h-i686-mingw32/bin/../lib/gcc/nios2-elf/4.1.2\libgcc.a(_udivdi3.o)
 .bss           0x0000f7f4        0x0 d:/altera/13.0/nios2eds/bin/gnu/h-i686-mingw32/bin/../lib/gcc/nios2-elf/4.1.2\libgcc.a(_umoddi3.o)
 .bss           0x0000f7f4        0x0 d:/altera/13.0/nios2eds/bin/gnu/h-i686-mingw32/bin/../lib/gcc/nios2-elf/4.1.2\libgcc.a(_addsub_df.o)
 .bss           0x0000f7f4        0x0 d:/altera/13.0/nios2eds/bin/gnu/h-i686-mingw32/bin/../lib/gcc/nios2-elf/4.1.2\libgcc.a(_mul_df.o)
 .bss           0x0000f7f4        0x0 d:/altera/13.0/nios2eds/bin/gnu/h-i686-mingw32/bin/../lib/gcc/nios2-elf/4.1.2\libgcc.a(_div_df.o)
 .bss           0x0000f7f4        0x0 d:/altera/13.0/nios2eds/bin/gnu/h-i686-mingw32/bin/../lib/gcc/nios2-elf/4.1.2\libgcc.a(_eq_df.o)
 .bss           0x0000f7f4        0x0 d:/altera/13.0/nios2eds/bin/gnu/h-i686-mingw32/bin/../lib/gcc/nios2-elf/4.1.2\libgcc.a(_ne_df.o)
 .bss           0x0000f7f4        0x0 d:/altera/13.0/nios2eds/bin/gnu/h-i686-mingw32/bin/../lib/gcc/nios2-elf/4.1.2\libgcc.a(_gt_df.o)
 .bss           0x0000f7f4        0x0 d:/altera/13.0/nios2eds/bin/gnu/h-i686-mingw32/bin/../lib/gcc/nios2-elf/4.1.2\libgcc.a(_ge_df.o)
 .bss           0x0000f7f4        0x0 d:/altera/13.0/nios2eds/bin/gnu/h-i686-mingw32/bin/../lib/gcc/nios2-elf/4.1.2\libgcc.a(_lt_df.o)
 .bss           0x0000f7f4        0x0 d:/altera/13.0/nios2eds/bin/gnu/h-i686-mingw32/bin/../lib/gcc/nios2-elf/4.1.2\libgcc.a(_si_to_df.o)
 .bss           0x0000f7f4        0x0 d:/altera/13.0/nios2eds/bin/gnu/h-i686-mingw32/bin/../lib/gcc/nios2-elf/4.1.2\libgcc.a(_df_to_si.o)
 .bss           0x0000f7f4        0x0 d:/altera/13.0/nios2eds/bin/gnu/h-i686-mingw32/bin/../lib/gcc/nios2-elf/4.1.2\libgcc.a(_thenan_df.o)
 .bss           0x0000f7f4        0x0 d:/altera/13.0/nios2eds/bin/gnu/h-i686-mingw32/bin/../lib/gcc/nios2-elf/4.1.2\libgcc.a(_usi_to_df.o)
 .bss           0x0000f7f4        0x0 d:/altera/13.0/nios2eds/bin/gnu/h-i686-mingw32/bin/../lib/gcc/nios2-elf/4.1.2\libgcc.a(lib2-divmod.o)
 .bss           0x0000f7f4        0x0 d:/altera/13.0/nios2eds/bin/gnu/h-i686-mingw32/bin/../lib/gcc/nios2-elf/4.1.2\libgcc.a(_muldi3.o)
 .bss           0x0000f7f4        0x0 d:/altera/13.0/nios2eds/bin/gnu/h-i686-mingw32/bin/../lib/gcc/nios2-elf/4.1.2\libgcc.a(_clz.o)
 .bss           0x0000f7f4        0x0 d:/altera/13.0/nios2eds/bin/gnu/h-i686-mingw32/bin/../lib/gcc/nios2-elf/4.1.2\libgcc.a(_clzsi2.o)
 .bss           0x0000f7f4        0x0 d:/altera/13.0/nios2eds/bin/gnu/h-i686-mingw32/bin/../lib/gcc/nios2-elf/4.1.2\libgcc.a(_pack_df.o)
 .bss           0x0000f7f4        0x0 d:/altera/13.0/nios2eds/bin/gnu/h-i686-mingw32/bin/../lib/gcc/nios2-elf/4.1.2\libgcc.a(_unpack_df.o)
 .bss           0x0000f7f4        0x0 d:/altera/13.0/nios2eds/bin/gnu/h-i686-mingw32/bin/../lib/gcc/nios2-elf/4.1.2\libgcc.a(_fpcmp_parts_df.o)
 .bss           0x0000f7f4        0x0 ../w5500_test_bsp/\libhal_bsp.a(alt_close.o)
 .bss           0x0000f7f4        0x0 ../w5500_test_bsp/\libhal_bsp.a(alt_dev.o)
 .bss           0x0000f7f4        0x0 ../w5500_test_bsp/\libhal_bsp.a(alt_errno.o)
 .bss           0x0000f7f4        0x0 ../w5500_test_bsp/\libhal_bsp.a(alt_fstat.o)
 .bss           0x0000f7f4        0x0 ../w5500_test_bsp/\libhal_bsp.a(alt_isatty.o)
 .bss           0x0000f7f4        0x0 ../w5500_test_bsp/\libhal_bsp.a(alt_lseek.o)
 .bss           0x0000f7f4        0x0 ../w5500_test_bsp/\libhal_bsp.a(alt_main.o)
 .bss           0x0000f7f4        0x0 ../w5500_test_bsp/\libhal_bsp.a(alt_malloc_lock.o)
 .bss           0x0000f7f4        0x0 ../w5500_test_bsp/\libhal_bsp.a(alt_read.o)
 .bss           0x0000f7f4        0x0 ../w5500_test_bsp/\libhal_bsp.a(alt_release_fd.o)
 .bss           0x0000f7f4        0x0 ../w5500_test_bsp/\libhal_bsp.a(alt_sbrk.o)
 .bss           0x0000f7f4        0x0 ../w5500_test_bsp/\libhal_bsp.a(alt_write.o)
 .bss           0x0000f7f4        0x0 ../w5500_test_bsp/\libhal_bsp.a(alt_sys_init.o)
 .bss           0x0000f7f4        0x0 ../w5500_test_bsp/\libhal_bsp.a(altera_avalon_epcs_flash_controller.o)
 .bss           0x0000f7f4        0x0 ../w5500_test_bsp/\libhal_bsp.a(altera_avalon_uart_fd.o)
 .bss           0x0000f7f4        0x0 ../w5500_test_bsp/\libhal_bsp.a(altera_avalon_uart_init.o)
 .bss           0x0000f7f4        0x0 ../w5500_test_bsp/\libhal_bsp.a(altera_avalon_uart_read.o)
 .bss           0x0000f7f4        0x0 ../w5500_test_bsp/\libhal_bsp.a(altera_avalon_uart_write.o)
 .bss           0x0000f7f4        0x0 ../w5500_test_bsp/\libhal_bsp.a(epcs_commands.o)
 .bss           0x0000f7f4        0x0 ../w5500_test_bsp/\libhal_bsp.a(alt_dev_llist_insert.o)
 .bss           0x0000f7f4        0x0 ../w5500_test_bsp/\libhal_bsp.a(alt_do_ctors.o)
 .bss           0x0000f7f4        0x0 ../w5500_test_bsp/\libhal_bsp.a(alt_do_dtors.o)
 .bss           0x0000f7f4        0x0 ../w5500_test_bsp/\libhal_bsp.a(alt_flash_dev.o)
 .bss           0x0000f7f4        0x0 ../w5500_test_bsp/\libhal_bsp.a(alt_iic.o)
 .bss           0x0000f7f4        0x0 ../w5500_test_bsp/\libhal_bsp.a(alt_iic_isr_register.o)
 .bss           0x0000f7f4        0x0 ../w5500_test_bsp/\libhal_bsp.a(alt_io_redirect.o)
 .bss           0x0000f7f4        0x0 ../w5500_test_bsp/\libhal_bsp.a(alt_irq_entry.o)
 .bss           0x0000f7f4        0x0 ../w5500_test_bsp/\libhal_bsp.a(alt_irq_handler.o)
 .bss           0x0000f7f4        0x0 ../w5500_test_bsp/\libhal_bsp.a(alt_irq_vars.o)
 .bss           0x0000f7f4        0x0 ../w5500_test_bsp/\libhal_bsp.a(alt_open.o)
 .bss           0x0000f7f4        0x0 ../w5500_test_bsp/\libhal_bsp.a(altera_nios2_qsys_irq.o)
 .bss           0x0000f7f4        0x0 ../w5500_test_bsp/\libhal_bsp.a(altera_avalon_spi.o)
 .bss           0x0000f7f4        0x0 ../w5500_test_bsp/\libhal_bsp.a(alt_exception_entry.o)
 .bss           0x0000f7f4        0x0 ../w5500_test_bsp/\libhal_bsp.a(alt_find_dev.o)
 .bss           0x0000f7f4        0x0 ../w5500_test_bsp/\libhal_bsp.a(alt_find_file.o)
 .bss           0x0000f7f4        0x0 ../w5500_test_bsp/\libhal_bsp.a(alt_get_fd.o)
 .bss           0x0000f7f4        0x0 d:/altera/13.0/nios2eds/bin/gnu/h-i686-mingw32/bin/../lib/gcc/nios2-elf/4.1.2/../../../../nios2-elf/lib\libc.a(lib_a-atexit.o)
 .bss           0x0000f7f4        0x0 d:/altera/13.0/nios2eds/bin/gnu/h-i686-mingw32/bin/../lib/gcc/nios2-elf/4.1.2/../../../../nios2-elf/lib\libc.a(lib_a-exit.o)
 .bss           0x0000f7f4        0x0 d:/altera/13.0/nios2eds/bin/gnu/h-i686-mingw32/bin/../lib/gcc/nios2-elf/4.1.2/../../../../nios2-elf/lib\libc.a(lib_a-memcmp.o)
 .bss           0x0000f7f4        0x0 d:/altera/13.0/nios2eds/bin/gnu/h-i686-mingw32/bin/../lib/gcc/nios2-elf/4.1.2/../../../../nios2-elf/lib\libc.a(lib_a-__atexit.o)
 .bss           0x0000f7f4        0x0 d:/altera/13.0/nios2eds/bin/gnu/h-i686-mingw32/bin/../lib/gcc/nios2-elf/4.1.2/../../../../nios2-elf/lib\libc.a(lib_a-__call_atexit.o)
 .bss           0x0000f7f4        0x0 ../w5500_test_bsp/\libhal_bsp.a(alt_exit.o)
 *(COMMON)
 COMMON         0x0000f7f4     0x1770 obj/default/W5500.o
                0x0000f7f4                Tx_Buffer
                0x000103ac                Rx_Buffer
 COMMON         0x00010f64      0x100 ../w5500_test_bsp/\libhal_bsp.a(alt_irq_handler.o)
                0x00010f64                alt_irq
 COMMON         0x00011064      0x190 d:/altera/13.0/nios2eds/bin/gnu/h-i686-mingw32/bin/../lib/gcc/nios2-elf/4.1.2/../../../../nios2-elf/lib\libc.a(lib_a-atexit.o)
                0x00011064                _atexit0
                0x000111f4                . = ALIGN (0x4)
                0x000111f4                __bss_end = ABSOLUTE (.)

.sdram          0x000111f4        0x0
                0x000111f4                PROVIDE (_alt_partition_sdram_start, ABSOLUTE (.))
 *(.sdram. sdram.*)
                0x000111f4                . = ALIGN (0x4)
                0x000111f4                PROVIDE (_alt_partition_sdram_end, ABSOLUTE (.))
                0x000111f4                _end = ABSOLUTE (.)
                0x000111f4                end = ABSOLUTE (.)
                0x000111f4                __alt_stack_base = ABSOLUTE (.)
                0x000111f4                PROVIDE (_alt_partition_sdram_load_addr, LOADADDR (.sdram))

.epcs           0x01001020        0x0
                0x01001020                PROVIDE (_alt_partition_epcs_start, ABSOLUTE (.))
 *(.epcs. epcs.*)
                0x01001020                . = ALIGN (0x4)
                0x01001020                PROVIDE (_alt_partition_epcs_end, ABSOLUTE (.))
                0x01001020                PROVIDE (_alt_partition_epcs_load_addr, LOADADDR (.epcs))

.stab
 *(.stab)

.stabstr
 *(.stabstr)

.stab.excl
 *(.stab.excl)

.stab.exclstr
 *(.stab.exclstr)

.stab.index
 *(.stab.index)

.stab.indexstr
 *(.stab.indexstr)

.comment        0x00000000       0x23
 *(.comment)
 .comment       0x00000000       0x23 obj/default/W5500.o
                                 0x24 (size before relaxing)
 .comment       0x00000000       0x24 obj/default/main.o
 .comment       0x00000000       0x24 d:/altera/13.0/nios2eds/bin/gnu/h-i686-mingw32/bin/../lib/gcc/nios2-elf/4.1.2/../../../../nios2-elf/lib\libc.a(lib_a-memcpy.o)
 .comment       0x00000000       0x24 d:/altera/13.0/nios2eds/bin/gnu/h-i686-mingw32/bin/../lib/gcc/nios2-elf/4.1.2/../../../../nios2-elf/lib\libc.a(lib_a-printf.o)
 .comment       0x00000000       0x24 d:/altera/13.0/nios2eds/bin/gnu/h-i686-mingw32/bin/../lib/gcc/nios2-elf/4.1.2/../../../../nios2-elf/lib\libc.a(lib_a-putchar.o)
 .comment       0x00000000       0x24 d:/altera/13.0/nios2eds/bin/gnu/h-i686-mingw32/bin/../lib/gcc/nios2-elf/4.1.2/../../../../nios2-elf/lib\libc.a(lib_a-vfprintf.o)
 .comment       0x00000000       0x24 d:/altera/13.0/nios2eds/bin/gnu/h-i686-mingw32/bin/../lib/gcc/nios2-elf/4.1.2/../../../../nios2-elf/lib\libc.a(lib_a-wsetup.o)
 .comment       0x00000000       0x24 d:/altera/13.0/nios2eds/bin/gnu/h-i686-mingw32/bin/../lib/gcc/nios2-elf/4.1.2/../../../../nios2-elf/lib\libc.a(lib_a-dtoa.o)
 .comment       0x00000000       0x24 d:/altera/13.0/nios2eds/bin/gnu/h-i686-mingw32/bin/../lib/gcc/nios2-elf/4.1.2/../../../../nios2-elf/lib\libc.a(lib_a-fflush.o)
 .comment       0x00000000       0x24 d:/altera/13.0/nios2eds/bin/gnu/h-i686-mingw32/bin/../lib/gcc/nios2-elf/4.1.2/../../../../nios2-elf/lib\libc.a(lib_a-findfp.o)
 .comment       0x00000000       0x24 d:/altera/13.0/nios2eds/bin/gnu/h-i686-mingw32/bin/../lib/gcc/nios2-elf/4.1.2/../../../../nios2-elf/lib\libc.a(lib_a-freer.o)
 .comment       0x00000000       0x24 d:/altera/13.0/nios2eds/bin/gnu/h-i686-mingw32/bin/../lib/gcc/nios2-elf/4.1.2/../../../../nios2-elf/lib\libc.a(lib_a-fvwrite.o)
 .comment       0x00000000       0x24 d:/altera/13.0/nios2eds/bin/gnu/h-i686-mingw32/bin/../lib/gcc/nios2-elf/4.1.2/../../../../nios2-elf/lib\libc.a(lib_a-fwalk.o)
 .comment       0x00000000       0x24 d:/altera/13.0/nios2eds/bin/gnu/h-i686-mingw32/bin/../lib/gcc/nios2-elf/4.1.2/../../../../nios2-elf/lib\libc.a(lib_a-impure.o)
 .comment       0x00000000       0x24 d:/altera/13.0/nios2eds/bin/gnu/h-i686-mingw32/bin/../lib/gcc/nios2-elf/4.1.2/../../../../nios2-elf/lib\libc.a(lib_a-locale.o)
 .comment       0x00000000       0x24 d:/altera/13.0/nios2eds/bin/gnu/h-i686-mingw32/bin/../lib/gcc/nios2-elf/4.1.2/../../../../nios2-elf/lib\libc.a(lib_a-makebuf.o)
 .comment       0x00000000       0x24 d:/altera/13.0/nios2eds/bin/gnu/h-i686-mingw32/bin/../lib/gcc/nios2-elf/4.1.2/../../../../nios2-elf/lib\libc.a(lib_a-mallocr.o)
 .comment       0x00000000       0x24 d:/altera/13.0/nios2eds/bin/gnu/h-i686-mingw32/bin/../lib/gcc/nios2-elf/4.1.2/../../../../nios2-elf/lib\libc.a(lib_a-memchr.o)
 .comment       0x00000000       0x24 d:/altera/13.0/nios2eds/bin/gnu/h-i686-mingw32/bin/../lib/gcc/nios2-elf/4.1.2/../../../../nios2-elf/lib\libc.a(lib_a-memmove.o)
 .comment       0x00000000       0x24 d:/altera/13.0/nios2eds/bin/gnu/h-i686-mingw32/bin/../lib/gcc/nios2-elf/4.1.2/../../../../nios2-elf/lib\libc.a(lib_a-memset.o)
 .comment       0x00000000       0x24 d:/altera/13.0/nios2eds/bin/gnu/h-i686-mingw32/bin/../lib/gcc/nios2-elf/4.1.2/../../../../nios2-elf/lib\libc.a(lib_a-mprec.o)
 .comment       0x00000000       0x24 d:/altera/13.0/nios2eds/bin/gnu/h-i686-mingw32/bin/../lib/gcc/nios2-elf/4.1.2/../../../../nios2-elf/lib\libc.a(lib_a-putc.o)
 .comment       0x00000000       0x24 d:/altera/13.0/nios2eds/bin/gnu/h-i686-mingw32/bin/../lib/gcc/nios2-elf/4.1.2/../../../../nios2-elf/lib\libc.a(lib_a-reallocr.o)
 .comment       0x00000000       0x24 d:/altera/13.0/nios2eds/bin/gnu/h-i686-mingw32/bin/../lib/gcc/nios2-elf/4.1.2/../../../../nios2-elf/lib\libc.a(lib_a-s_isinfd.o)
 .comment       0x00000000       0x24 d:/altera/13.0/nios2eds/bin/gnu/h-i686-mingw32/bin/../lib/gcc/nios2-elf/4.1.2/../../../../nios2-elf/lib\libc.a(lib_a-s_isnand.o)
 .comment       0x00000000       0x24 d:/altera/13.0/nios2eds/bin/gnu/h-i686-mingw32/bin/../lib/gcc/nios2-elf/4.1.2/../../../../nios2-elf/lib\libc.a(lib_a-sbrkr.o)
 .comment       0x00000000       0x24 d:/altera/13.0/nios2eds/bin/gnu/h-i686-mingw32/bin/../lib/gcc/nios2-elf/4.1.2/../../../../nios2-elf/lib\libc.a(lib_a-stdio.o)
 .comment       0x00000000       0x24 d:/altera/13.0/nios2eds/bin/gnu/h-i686-mingw32/bin/../lib/gcc/nios2-elf/4.1.2/../../../../nios2-elf/lib\libc.a(lib_a-strcmp.o)
 .comment       0x00000000       0x24 d:/altera/13.0/nios2eds/bin/gnu/h-i686-mingw32/bin/../lib/gcc/nios2-elf/4.1.2/../../../../nios2-elf/lib\libc.a(lib_a-strlen.o)
 .comment       0x00000000       0x24 d:/altera/13.0/nios2eds/bin/gnu/h-i686-mingw32/bin/../lib/gcc/nios2-elf/4.1.2/../../../../nios2-elf/lib\libc.a(lib_a-wbuf.o)
 .comment       0x00000000       0x24 d:/altera/13.0/nios2eds/bin/gnu/h-i686-mingw32/bin/../lib/gcc/nios2-elf/4.1.2/../../../../nios2-elf/lib\libc.a(lib_a-writer.o)
 .comment       0x00000000       0x24 d:/altera/13.0/nios2eds/bin/gnu/h-i686-mingw32/bin/../lib/gcc/nios2-elf/4.1.2/../../../../nios2-elf/lib\libc.a(lib_a-callocr.o)
 .comment       0x00000000       0x24 d:/altera/13.0/nios2eds/bin/gnu/h-i686-mingw32/bin/../lib/gcc/nios2-elf/4.1.2/../../../../nios2-elf/lib\libc.a(lib_a-closer.o)
 .comment       0x00000000       0x24 d:/altera/13.0/nios2eds/bin/gnu/h-i686-mingw32/bin/../lib/gcc/nios2-elf/4.1.2/../../../../nios2-elf/lib\libc.a(lib_a-fclose.o)
 .comment       0x00000000       0x24 d:/altera/13.0/nios2eds/bin/gnu/h-i686-mingw32/bin/../lib/gcc/nios2-elf/4.1.2/../../../../nios2-elf/lib\libc.a(lib_a-fstatr.o)
 .comment       0x00000000       0x24 d:/altera/13.0/nios2eds/bin/gnu/h-i686-mingw32/bin/../lib/gcc/nios2-elf/4.1.2/../../../../nios2-elf/lib\libc.a(lib_a-int_errno.o)
 .comment       0x00000000       0x24 d:/altera/13.0/nios2eds/bin/gnu/h-i686-mingw32/bin/../lib/gcc/nios2-elf/4.1.2/../../../../nios2-elf/lib\libc.a(lib_a-isattyr.o)
 .comment       0x00000000       0x24 d:/altera/13.0/nios2eds/bin/gnu/h-i686-mingw32/bin/../lib/gcc/nios2-elf/4.1.2/../../../../nios2-elf/lib\libc.a(lib_a-lseekr.o)
 .comment       0x00000000       0x24 d:/altera/13.0/nios2eds/bin/gnu/h-i686-mingw32/bin/../lib/gcc/nios2-elf/4.1.2/../../../../nios2-elf/lib\libc.a(lib_a-readr.o)
 .comment       0x00000000       0x24 d:/altera/13.0/nios2eds/bin/gnu/h-i686-mingw32/bin/../lib/gcc/nios2-elf/4.1.2\libgcc.a(_udivdi3.o)
 .comment       0x00000000       0x24 d:/altera/13.0/nios2eds/bin/gnu/h-i686-mingw32/bin/../lib/gcc/nios2-elf/4.1.2\libgcc.a(_umoddi3.o)
 .comment       0x00000000       0x24 d:/altera/13.0/nios2eds/bin/gnu/h-i686-mingw32/bin/../lib/gcc/nios2-elf/4.1.2\libgcc.a(_addsub_df.o)
 .comment       0x00000000       0x24 d:/altera/13.0/nios2eds/bin/gnu/h-i686-mingw32/bin/../lib/gcc/nios2-elf/4.1.2\libgcc.a(_mul_df.o)
 .comment       0x00000000       0x24 d:/altera/13.0/nios2eds/bin/gnu/h-i686-mingw32/bin/../lib/gcc/nios2-elf/4.1.2\libgcc.a(_div_df.o)
 .comment       0x00000000       0x24 d:/altera/13.0/nios2eds/bin/gnu/h-i686-mingw32/bin/../lib/gcc/nios2-elf/4.1.2\libgcc.a(_eq_df.o)
 .comment       0x00000000       0x24 d:/altera/13.0/nios2eds/bin/gnu/h-i686-mingw32/bin/../lib/gcc/nios2-elf/4.1.2\libgcc.a(_ne_df.o)
 .comment       0x00000000       0x24 d:/altera/13.0/nios2eds/bin/gnu/h-i686-mingw32/bin/../lib/gcc/nios2-elf/4.1.2\libgcc.a(_gt_df.o)
 .comment       0x00000000       0x24 d:/altera/13.0/nios2eds/bin/gnu/h-i686-mingw32/bin/../lib/gcc/nios2-elf/4.1.2\libgcc.a(_ge_df.o)
 .comment       0x00000000       0x24 d:/altera/13.0/nios2eds/bin/gnu/h-i686-mingw32/bin/../lib/gcc/nios2-elf/4.1.2\libgcc.a(_lt_df.o)
 .comment       0x00000000       0x24 d:/altera/13.0/nios2eds/bin/gnu/h-i686-mingw32/bin/../lib/gcc/nios2-elf/4.1.2\libgcc.a(_si_to_df.o)
 .comment       0x00000000       0x24 d:/altera/13.0/nios2eds/bin/gnu/h-i686-mingw32/bin/../lib/gcc/nios2-elf/4.1.2\libgcc.a(_df_to_si.o)
 .comment       0x00000000       0x24 d:/altera/13.0/nios2eds/bin/gnu/h-i686-mingw32/bin/../lib/gcc/nios2-elf/4.1.2\libgcc.a(_thenan_df.o)
 .comment       0x00000000       0x24 d:/altera/13.0/nios2eds/bin/gnu/h-i686-mingw32/bin/../lib/gcc/nios2-elf/4.1.2\libgcc.a(_usi_to_df.o)
 .comment       0x00000000       0x24 d:/altera/13.0/nios2eds/bin/gnu/h-i686-mingw32/bin/../lib/gcc/nios2-elf/4.1.2\libgcc.a(lib2-divmod.o)
 .comment       0x00000000       0x24 d:/altera/13.0/nios2eds/bin/gnu/h-i686-mingw32/bin/../lib/gcc/nios2-elf/4.1.2\libgcc.a(_muldi3.o)
 .comment       0x00000000       0x24 d:/altera/13.0/nios2eds/bin/gnu/h-i686-mingw32/bin/../lib/gcc/nios2-elf/4.1.2\libgcc.a(_clz.o)
 .comment       0x00000000       0x24 d:/altera/13.0/nios2eds/bin/gnu/h-i686-mingw32/bin/../lib/gcc/nios2-elf/4.1.2\libgcc.a(_clzsi2.o)
 .comment       0x00000000       0x24 d:/altera/13.0/nios2eds/bin/gnu/h-i686-mingw32/bin/../lib/gcc/nios2-elf/4.1.2\libgcc.a(_pack_df.o)
 .comment       0x00000000       0x24 d:/altera/13.0/nios2eds/bin/gnu/h-i686-mingw32/bin/../lib/gcc/nios2-elf/4.1.2\libgcc.a(_unpack_df.o)
 .comment       0x00000000       0x24 d:/altera/13.0/nios2eds/bin/gnu/h-i686-mingw32/bin/../lib/gcc/nios2-elf/4.1.2\libgcc.a(_fpcmp_parts_df.o)
 .comment       0x00000000       0x24 ../w5500_test_bsp/\libhal_bsp.a(alt_close.o)
 .comment       0x00000000       0x24 ../w5500_test_bsp/\libhal_bsp.a(alt_dev.o)
 .comment       0x00000000       0x24 ../w5500_test_bsp/\libhal_bsp.a(alt_errno.o)
 .comment       0x00000000       0x24 ../w5500_test_bsp/\libhal_bsp.a(alt_fstat.o)
 .comment       0x00000000       0x24 ../w5500_test_bsp/\libhal_bsp.a(alt_isatty.o)
 .comment       0x00000000       0x24 ../w5500_test_bsp/\libhal_bsp.a(alt_lseek.o)
 .comment       0x00000000       0x24 ../w5500_test_bsp/\libhal_bsp.a(alt_main.o)
 .comment       0x00000000       0x24 ../w5500_test_bsp/\libhal_bsp.a(alt_malloc_lock.o)
 .comment       0x00000000       0x24 ../w5500_test_bsp/\libhal_bsp.a(alt_read.o)
 .comment       0x00000000       0x24 ../w5500_test_bsp/\libhal_bsp.a(alt_release_fd.o)
 .comment       0x00000000       0x24 ../w5500_test_bsp/\libhal_bsp.a(alt_sbrk.o)
 .comment       0x00000000       0x24 ../w5500_test_bsp/\libhal_bsp.a(alt_write.o)
 .comment       0x00000000       0x24 ../w5500_test_bsp/\libhal_bsp.a(alt_sys_init.o)
 .comment       0x00000000       0x24 ../w5500_test_bsp/\libhal_bsp.a(altera_avalon_epcs_flash_controller.o)
 .comment       0x00000000       0x24 ../w5500_test_bsp/\libhal_bsp.a(altera_avalon_uart_fd.o)
 .comment       0x00000000       0x24 ../w5500_test_bsp/\libhal_bsp.a(altera_avalon_uart_init.o)
 .comment       0x00000000       0x24 ../w5500_test_bsp/\libhal_bsp.a(altera_avalon_uart_read.o)
 .comment       0x00000000       0x24 ../w5500_test_bsp/\libhal_bsp.a(altera_avalon_uart_write.o)
 .comment       0x00000000       0x24 ../w5500_test_bsp/\libhal_bsp.a(epcs_commands.o)
 .comment       0x00000000       0x24 ../w5500_test_bsp/\libhal_bsp.a(alt_dev_llist_insert.o)
 .comment       0x00000000       0x24 ../w5500_test_bsp/\libhal_bsp.a(alt_do_ctors.o)
 .comment       0x00000000       0x24 ../w5500_test_bsp/\libhal_bsp.a(alt_do_dtors.o)
 .comment       0x00000000       0x24 ../w5500_test_bsp/\libhal_bsp.a(alt_flash_dev.o)
 .comment       0x00000000       0x24 ../w5500_test_bsp/\libhal_bsp.a(alt_iic.o)
 .comment       0x00000000       0x24 ../w5500_test_bsp/\libhal_bsp.a(alt_iic_isr_register.o)
 .comment       0x00000000       0x24 ../w5500_test_bsp/\libhal_bsp.a(alt_io_redirect.o)
 .comment       0x00000000       0x24 ../w5500_test_bsp/\libhal_bsp.a(alt_irq_handler.o)
 .comment       0x00000000       0x24 ../w5500_test_bsp/\libhal_bsp.a(alt_irq_vars.o)
 .comment       0x00000000       0x24 ../w5500_test_bsp/\libhal_bsp.a(alt_open.o)
 .comment       0x00000000       0x24 ../w5500_test_bsp/\libhal_bsp.a(altera_nios2_qsys_irq.o)
 .comment       0x00000000       0x24 ../w5500_test_bsp/\libhal_bsp.a(altera_avalon_spi.o)
 .comment       0x00000000       0x24 ../w5500_test_bsp/\libhal_bsp.a(alt_find_dev.o)
 .comment       0x00000000       0x24 ../w5500_test_bsp/\libhal_bsp.a(alt_find_file.o)
 .comment       0x00000000       0x24 ../w5500_test_bsp/\libhal_bsp.a(alt_get_fd.o)
 .comment       0x00000000       0x24 d:/altera/13.0/nios2eds/bin/gnu/h-i686-mingw32/bin/../lib/gcc/nios2-elf/4.1.2/../../../../nios2-elf/lib\libc.a(lib_a-atexit.o)
 .comment       0x00000000       0x24 d:/altera/13.0/nios2eds/bin/gnu/h-i686-mingw32/bin/../lib/gcc/nios2-elf/4.1.2/../../../../nios2-elf/lib\libc.a(lib_a-exit.o)
 .comment       0x00000000       0x24 d:/altera/13.0/nios2eds/bin/gnu/h-i686-mingw32/bin/../lib/gcc/nios2-elf/4.1.2/../../../../nios2-elf/lib\libc.a(lib_a-memcmp.o)
 .comment       0x00000000       0x24 d:/altera/13.0/nios2eds/bin/gnu/h-i686-mingw32/bin/../lib/gcc/nios2-elf/4.1.2/../../../../nios2-elf/lib\libc.a(lib_a-__atexit.o)
 .comment       0x00000000       0x24 d:/altera/13.0/nios2eds/bin/gnu/h-i686-mingw32/bin/../lib/gcc/nios2-elf/4.1.2/../../../../nios2-elf/lib\libc.a(lib_a-__call_atexit.o)
 .comment       0x00000000       0x24 ../w5500_test_bsp/\libhal_bsp.a(alt_exit.o)

.debug
 *(.debug)

.line
 *(.line)

.debug_srcinfo
 *(.debug_srcinfo)

.debug_sfnames
 *(.debug_sfnames)

.debug_aranges  0x00000000      0xc50
 *(.debug_aranges)
 .debug_aranges
                0x00000000       0x20 ../w5500_test_bsp//obj/HAL/src/crt0.o
 .debug_aranges
                0x00000020       0x20 obj/default/W5500.o
 .debug_aranges
                0x00000040       0x20 obj/default/main.o
 .debug_aranges
                0x00000060       0x20 d:/altera/13.0/nios2eds/bin/gnu/h-i686-mingw32/bin/../lib/gcc/nios2-elf/4.1.2/../../../../nios2-elf/lib\libc.a(lib_a-memcpy.o)
 .debug_aranges
                0x00000080       0x20 d:/altera/13.0/nios2eds/bin/gnu/h-i686-mingw32/bin/../lib/gcc/nios2-elf/4.1.2/../../../../nios2-elf/lib\libc.a(lib_a-printf.o)
 .debug_aranges
                0x000000a0       0x20 d:/altera/13.0/nios2eds/bin/gnu/h-i686-mingw32/bin/../lib/gcc/nios2-elf/4.1.2/../../../../nios2-elf/lib\libc.a(lib_a-putchar.o)
 .debug_aranges
                0x000000c0       0x20 d:/altera/13.0/nios2eds/bin/gnu/h-i686-mingw32/bin/../lib/gcc/nios2-elf/4.1.2/../../../../nios2-elf/lib\libc.a(lib_a-vfprintf.o)
 .debug_aranges
                0x000000e0       0x20 d:/altera/13.0/nios2eds/bin/gnu/h-i686-mingw32/bin/../lib/gcc/nios2-elf/4.1.2/../../../../nios2-elf/lib\libc.a(lib_a-wsetup.o)
 .debug_aranges
                0x00000100       0x20 d:/altera/13.0/nios2eds/bin/gnu/h-i686-mingw32/bin/../lib/gcc/nios2-elf/4.1.2/../../../../nios2-elf/lib\libc.a(lib_a-dtoa.o)
 .debug_aranges
                0x00000120       0x20 d:/altera/13.0/nios2eds/bin/gnu/h-i686-mingw32/bin/../lib/gcc/nios2-elf/4.1.2/../../../../nios2-elf/lib\libc.a(lib_a-fflush.o)
 .debug_aranges
                0x00000140       0x20 d:/altera/13.0/nios2eds/bin/gnu/h-i686-mingw32/bin/../lib/gcc/nios2-elf/4.1.2/../../../../nios2-elf/lib\libc.a(lib_a-findfp.o)
 .debug_aranges
                0x00000160       0x20 d:/altera/13.0/nios2eds/bin/gnu/h-i686-mingw32/bin/../lib/gcc/nios2-elf/4.1.2/../../../../nios2-elf/lib\libc.a(lib_a-freer.o)
 .debug_aranges
                0x00000180       0x20 d:/altera/13.0/nios2eds/bin/gnu/h-i686-mingw32/bin/../lib/gcc/nios2-elf/4.1.2/../../../../nios2-elf/lib\libc.a(lib_a-fvwrite.o)
 .debug_aranges
                0x000001a0       0x20 d:/altera/13.0/nios2eds/bin/gnu/h-i686-mingw32/bin/../lib/gcc/nios2-elf/4.1.2/../../../../nios2-elf/lib\libc.a(lib_a-fwalk.o)
 .debug_aranges
                0x000001c0       0x20 d:/altera/13.0/nios2eds/bin/gnu/h-i686-mingw32/bin/../lib/gcc/nios2-elf/4.1.2/../../../../nios2-elf/lib\libc.a(lib_a-locale.o)
 .debug_aranges
                0x000001e0       0x20 d:/altera/13.0/nios2eds/bin/gnu/h-i686-mingw32/bin/../lib/gcc/nios2-elf/4.1.2/../../../../nios2-elf/lib\libc.a(lib_a-makebuf.o)
 .debug_aranges
                0x00000200       0x20 d:/altera/13.0/nios2eds/bin/gnu/h-i686-mingw32/bin/../lib/gcc/nios2-elf/4.1.2/../../../../nios2-elf/lib\libc.a(lib_a-mallocr.o)
 .debug_aranges
                0x00000220       0x20 d:/altera/13.0/nios2eds/bin/gnu/h-i686-mingw32/bin/../lib/gcc/nios2-elf/4.1.2/../../../../nios2-elf/lib\libc.a(lib_a-memchr.o)
 .debug_aranges
                0x00000240       0x20 d:/altera/13.0/nios2eds/bin/gnu/h-i686-mingw32/bin/../lib/gcc/nios2-elf/4.1.2/../../../../nios2-elf/lib\libc.a(lib_a-memmove.o)
 .debug_aranges
                0x00000260       0x20 d:/altera/13.0/nios2eds/bin/gnu/h-i686-mingw32/bin/../lib/gcc/nios2-elf/4.1.2/../../../../nios2-elf/lib\libc.a(lib_a-memset.o)
 .debug_aranges
                0x00000280       0x20 d:/altera/13.0/nios2eds/bin/gnu/h-i686-mingw32/bin/../lib/gcc/nios2-elf/4.1.2/../../../../nios2-elf/lib\libc.a(lib_a-mprec.o)
 .debug_aranges
                0x000002a0       0x20 d:/altera/13.0/nios2eds/bin/gnu/h-i686-mingw32/bin/../lib/gcc/nios2-elf/4.1.2/../../../../nios2-elf/lib\libc.a(lib_a-putc.o)
 .debug_aranges
                0x000002c0       0x20 d:/altera/13.0/nios2eds/bin/gnu/h-i686-mingw32/bin/../lib/gcc/nios2-elf/4.1.2/../../../../nios2-elf/lib\libc.a(lib_a-reallocr.o)
 .debug_aranges
                0x000002e0       0x20 d:/altera/13.0/nios2eds/bin/gnu/h-i686-mingw32/bin/../lib/gcc/nios2-elf/4.1.2/../../../../nios2-elf/lib\libc.a(lib_a-s_isinfd.o)
 .debug_aranges
                0x00000300       0x20 d:/altera/13.0/nios2eds/bin/gnu/h-i686-mingw32/bin/../lib/gcc/nios2-elf/4.1.2/../../../../nios2-elf/lib\libc.a(lib_a-s_isnand.o)
 .debug_aranges
                0x00000320       0x20 d:/altera/13.0/nios2eds/bin/gnu/h-i686-mingw32/bin/../lib/gcc/nios2-elf/4.1.2/../../../../nios2-elf/lib\libc.a(lib_a-sbrkr.o)
 .debug_aranges
                0x00000340       0x20 d:/altera/13.0/nios2eds/bin/gnu/h-i686-mingw32/bin/../lib/gcc/nios2-elf/4.1.2/../../../../nios2-elf/lib\libc.a(lib_a-stdio.o)
 .debug_aranges
                0x00000360       0x20 d:/altera/13.0/nios2eds/bin/gnu/h-i686-mingw32/bin/../lib/gcc/nios2-elf/4.1.2/../../../../nios2-elf/lib\libc.a(lib_a-strcmp.o)
 .debug_aranges
                0x00000380       0x20 d:/altera/13.0/nios2eds/bin/gnu/h-i686-mingw32/bin/../lib/gcc/nios2-elf/4.1.2/../../../../nios2-elf/lib\libc.a(lib_a-strlen.o)
 .debug_aranges
                0x000003a0       0x20 d:/altera/13.0/nios2eds/bin/gnu/h-i686-mingw32/bin/../lib/gcc/nios2-elf/4.1.2/../../../../nios2-elf/lib\libc.a(lib_a-wbuf.o)
 .debug_aranges
                0x000003c0       0x20 d:/altera/13.0/nios2eds/bin/gnu/h-i686-mingw32/bin/../lib/gcc/nios2-elf/4.1.2/../../../../nios2-elf/lib\libc.a(lib_a-writer.o)
 .debug_aranges
                0x000003e0       0x20 d:/altera/13.0/nios2eds/bin/gnu/h-i686-mingw32/bin/../lib/gcc/nios2-elf/4.1.2/../../../../nios2-elf/lib\libc.a(lib_a-callocr.o)
 .debug_aranges
                0x00000400       0x20 d:/altera/13.0/nios2eds/bin/gnu/h-i686-mingw32/bin/../lib/gcc/nios2-elf/4.1.2/../../../../nios2-elf/lib\libc.a(lib_a-closer.o)
 .debug_aranges
                0x00000420       0x20 d:/altera/13.0/nios2eds/bin/gnu/h-i686-mingw32/bin/../lib/gcc/nios2-elf/4.1.2/../../../../nios2-elf/lib\libc.a(lib_a-fclose.o)
 .debug_aranges
                0x00000440       0x20 d:/altera/13.0/nios2eds/bin/gnu/h-i686-mingw32/bin/../lib/gcc/nios2-elf/4.1.2/../../../../nios2-elf/lib\libc.a(lib_a-fstatr.o)
 .debug_aranges
                0x00000460       0x20 d:/altera/13.0/nios2eds/bin/gnu/h-i686-mingw32/bin/../lib/gcc/nios2-elf/4.1.2/../../../../nios2-elf/lib\libc.a(lib_a-isattyr.o)
 .debug_aranges
                0x00000480       0x20 d:/altera/13.0/nios2eds/bin/gnu/h-i686-mingw32/bin/../lib/gcc/nios2-elf/4.1.2/../../../../nios2-elf/lib\libc.a(lib_a-lseekr.o)
 .debug_aranges
                0x000004a0       0x20 d:/altera/13.0/nios2eds/bin/gnu/h-i686-mingw32/bin/../lib/gcc/nios2-elf/4.1.2/../../../../nios2-elf/lib\libc.a(lib_a-readr.o)
 .debug_aranges
                0x000004c0       0x20 d:/altera/13.0/nios2eds/bin/gnu/h-i686-mingw32/bin/../lib/gcc/nios2-elf/4.1.2\libgcc.a(_udivdi3.o)
 .debug_aranges
                0x000004e0       0x20 d:/altera/13.0/nios2eds/bin/gnu/h-i686-mingw32/bin/../lib/gcc/nios2-elf/4.1.2\libgcc.a(_umoddi3.o)
 .debug_aranges
                0x00000500       0x20 d:/altera/13.0/nios2eds/bin/gnu/h-i686-mingw32/bin/../lib/gcc/nios2-elf/4.1.2\libgcc.a(_addsub_df.o)
 .debug_aranges
                0x00000520       0x20 d:/altera/13.0/nios2eds/bin/gnu/h-i686-mingw32/bin/../lib/gcc/nios2-elf/4.1.2\libgcc.a(_mul_df.o)
 .debug_aranges
                0x00000540       0x20 d:/altera/13.0/nios2eds/bin/gnu/h-i686-mingw32/bin/../lib/gcc/nios2-elf/4.1.2\libgcc.a(_div_df.o)
 .debug_aranges
                0x00000560       0x20 d:/altera/13.0/nios2eds/bin/gnu/h-i686-mingw32/bin/../lib/gcc/nios2-elf/4.1.2\libgcc.a(_eq_df.o)
 .debug_aranges
                0x00000580       0x20 d:/altera/13.0/nios2eds/bin/gnu/h-i686-mingw32/bin/../lib/gcc/nios2-elf/4.1.2\libgcc.a(_ne_df.o)
 .debug_aranges
                0x000005a0       0x20 d:/altera/13.0/nios2eds/bin/gnu/h-i686-mingw32/bin/../lib/gcc/nios2-elf/4.1.2\libgcc.a(_gt_df.o)
 .debug_aranges
                0x000005c0       0x20 d:/altera/13.0/nios2eds/bin/gnu/h-i686-mingw32/bin/../lib/gcc/nios2-elf/4.1.2\libgcc.a(_ge_df.o)
 .debug_aranges
                0x000005e0       0x20 d:/altera/13.0/nios2eds/bin/gnu/h-i686-mingw32/bin/../lib/gcc/nios2-elf/4.1.2\libgcc.a(_lt_df.o)
 .debug_aranges
                0x00000600       0x20 d:/altera/13.0/nios2eds/bin/gnu/h-i686-mingw32/bin/../lib/gcc/nios2-elf/4.1.2\libgcc.a(_si_to_df.o)
 .debug_aranges
                0x00000620       0x20 d:/altera/13.0/nios2eds/bin/gnu/h-i686-mingw32/bin/../lib/gcc/nios2-elf/4.1.2\libgcc.a(_df_to_si.o)
 .debug_aranges
                0x00000640       0x20 d:/altera/13.0/nios2eds/bin/gnu/h-i686-mingw32/bin/../lib/gcc/nios2-elf/4.1.2\libgcc.a(_usi_to_df.o)
 .debug_aranges
                0x00000660       0x20 d:/altera/13.0/nios2eds/bin/gnu/h-i686-mingw32/bin/../lib/gcc/nios2-elf/4.1.2\libgcc.a(lib2-divmod.o)
 .debug_aranges
                0x00000680       0x20 d:/altera/13.0/nios2eds/bin/gnu/h-i686-mingw32/bin/../lib/gcc/nios2-elf/4.1.2\libgcc.a(_muldi3.o)
 .debug_aranges
                0x000006a0       0x20 d:/altera/13.0/nios2eds/bin/gnu/h-i686-mingw32/bin/../lib/gcc/nios2-elf/4.1.2\libgcc.a(_clzsi2.o)
 .debug_aranges
                0x000006c0       0x20 d:/altera/13.0/nios2eds/bin/gnu/h-i686-mingw32/bin/../lib/gcc/nios2-elf/4.1.2\libgcc.a(_pack_df.o)
 .debug_aranges
                0x000006e0       0x20 d:/altera/13.0/nios2eds/bin/gnu/h-i686-mingw32/bin/../lib/gcc/nios2-elf/4.1.2\libgcc.a(_unpack_df.o)
 .debug_aranges
                0x00000700       0x20 d:/altera/13.0/nios2eds/bin/gnu/h-i686-mingw32/bin/../lib/gcc/nios2-elf/4.1.2\libgcc.a(_fpcmp_parts_df.o)
 .debug_aranges
                0x00000720       0x20 ../w5500_test_bsp/\libhal_bsp.a(alt_close.o)
 .debug_aranges
                0x00000740       0x20 ../w5500_test_bsp/\libhal_bsp.a(alt_dev.o)
 .debug_aranges
                0x00000760       0x20 ../w5500_test_bsp/\libhal_bsp.a(alt_fstat.o)
 .debug_aranges
                0x00000780       0x20 ../w5500_test_bsp/\libhal_bsp.a(alt_isatty.o)
 .debug_aranges
                0x000007a0       0x20 ../w5500_test_bsp/\libhal_bsp.a(alt_lseek.o)
 .debug_aranges
                0x000007c0       0x20 ../w5500_test_bsp/\libhal_bsp.a(alt_main.o)
 .debug_aranges
                0x000007e0       0x20 ../w5500_test_bsp/\libhal_bsp.a(alt_malloc_lock.o)
 .debug_aranges
                0x00000800       0x20 ../w5500_test_bsp/\libhal_bsp.a(alt_read.o)
 .debug_aranges
                0x00000820       0x20 ../w5500_test_bsp/\libhal_bsp.a(alt_release_fd.o)
 .debug_aranges
                0x00000840       0x20 ../w5500_test_bsp/\libhal_bsp.a(alt_sbrk.o)
 .debug_aranges
                0x00000860       0x20 ../w5500_test_bsp/\libhal_bsp.a(alt_write.o)
 .debug_aranges
                0x00000880       0x20 ../w5500_test_bsp/\libhal_bsp.a(alt_sys_init.o)
 .debug_aranges
                0x000008a0       0x20 ../w5500_test_bsp/\libhal_bsp.a(altera_avalon_epcs_flash_controller.o)
 .debug_aranges
                0x000008c0       0x20 ../w5500_test_bsp/\libhal_bsp.a(altera_avalon_uart_fd.o)
 .debug_aranges
                0x000008e0       0x20 ../w5500_test_bsp/\libhal_bsp.a(altera_avalon_uart_init.o)
 .debug_aranges
                0x00000900       0x20 ../w5500_test_bsp/\libhal_bsp.a(altera_avalon_uart_read.o)
 .debug_aranges
                0x00000920       0x20 ../w5500_test_bsp/\libhal_bsp.a(altera_avalon_uart_write.o)
 .debug_aranges
                0x00000940       0x20 ../w5500_test_bsp/\libhal_bsp.a(epcs_commands.o)
 .debug_aranges
                0x00000960       0x20 ../w5500_test_bsp/\libhal_bsp.a(alt_dev_llist_insert.o)
 .debug_aranges
                0x00000980       0x20 ../w5500_test_bsp/\libhal_bsp.a(alt_do_ctors.o)
 .debug_aranges
                0x000009a0       0x20 ../w5500_test_bsp/\libhal_bsp.a(alt_do_dtors.o)
 .debug_aranges
                0x000009c0       0x20 ../w5500_test_bsp/\libhal_bsp.a(alt_flash_dev.o)
 .debug_aranges
                0x000009e0       0x20 ../w5500_test_bsp/\libhal_bsp.a(alt_iic.o)
 .debug_aranges
                0x00000a00       0x20 ../w5500_test_bsp/\libhal_bsp.a(alt_iic_isr_register.o)
 .debug_aranges
                0x00000a20       0x20 ../w5500_test_bsp/\libhal_bsp.a(alt_io_redirect.o)
 .debug_aranges
                0x00000a40       0x30 ../w5500_test_bsp/\libhal_bsp.a(alt_irq_entry.o)
 .debug_aranges
                0x00000a70       0x28 ../w5500_test_bsp/\libhal_bsp.a(alt_irq_handler.o)
 .debug_aranges
                0x00000a98       0x20 ../w5500_test_bsp/\libhal_bsp.a(alt_open.o)
 .debug_aranges
                0x00000ab8       0x20 ../w5500_test_bsp/\libhal_bsp.a(altera_nios2_qsys_irq.o)
 .debug_aranges
                0x00000ad8       0x20 ../w5500_test_bsp/\libhal_bsp.a(altera_avalon_spi.o)
 .debug_aranges
                0x00000af8       0x38 ../w5500_test_bsp/\libhal_bsp.a(alt_exception_entry.o)
 .debug_aranges
                0x00000b30       0x20 ../w5500_test_bsp/\libhal_bsp.a(alt_find_dev.o)
 .debug_aranges
                0x00000b50       0x20 ../w5500_test_bsp/\libhal_bsp.a(alt_find_file.o)
 .debug_aranges
                0x00000b70       0x20 ../w5500_test_bsp/\libhal_bsp.a(alt_get_fd.o)
 .debug_aranges
                0x00000b90       0x20 d:/altera/13.0/nios2eds/bin/gnu/h-i686-mingw32/bin/../lib/gcc/nios2-elf/4.1.2/../../../../nios2-elf/lib\libc.a(lib_a-atexit.o)
 .debug_aranges
                0x00000bb0       0x20 d:/altera/13.0/nios2eds/bin/gnu/h-i686-mingw32/bin/../lib/gcc/nios2-elf/4.1.2/../../../../nios2-elf/lib\libc.a(lib_a-exit.o)
 .debug_aranges
                0x00000bd0       0x20 d:/altera/13.0/nios2eds/bin/gnu/h-i686-mingw32/bin/../lib/gcc/nios2-elf/4.1.2/../../../../nios2-elf/lib\libc.a(lib_a-memcmp.o)
 .debug_aranges
                0x00000bf0       0x20 d:/altera/13.0/nios2eds/bin/gnu/h-i686-mingw32/bin/../lib/gcc/nios2-elf/4.1.2/../../../../nios2-elf/lib\libc.a(lib_a-__atexit.o)
 .debug_aranges
                0x00000c10       0x20 d:/altera/13.0/nios2eds/bin/gnu/h-i686-mingw32/bin/../lib/gcc/nios2-elf/4.1.2/../../../../nios2-elf/lib\libc.a(lib_a-__call_atexit.o)
 .debug_aranges
                0x00000c30       0x20 ../w5500_test_bsp/\libhal_bsp.a(alt_exit.o)

.debug_pubnames
                0x00000000     0x1727
 *(.debug_pubnames)
 .debug_pubnames
                0x00000000      0x31c obj/default/W5500.o
 .debug_pubnames