Archive member included because of file (symbol)

c:/program/altera/13.0/nios2eds/bin/gnu/h-i686-mingw32/bin/../lib/gcc/nios2-elf/4.1.2/../../../../nios2-elf/lib/mno-hw-mul\libsmallc.a(lib_a-puts.o)
                              obj/default/seg_pio.o (puts)
c:/program/altera/13.0/nios2eds/bin/gnu/h-i686-mingw32/bin/../lib/gcc/nios2-elf/4.1.2/../../../../nios2-elf/lib/mno-hw-mul\libsmallc.a(lib_a-strlen.o)
                              c:/program/altera/13.0/nios2eds/bin/gnu/h-i686-mingw32/bin/../lib/gcc/nios2-elf/4.1.2/../../../../nios2-elf/lib/mno-hw-mul\libsmallc.a(lib_a-puts.o) (strlen)
c:/program/altera/13.0/nios2eds/bin/gnu/h-i686-mingw32/bin/../lib/gcc/nios2-elf/4.1.2/../../../../nios2-elf/lib/mno-hw-mul\libsmallc.a(lib_a-fvwrite_small_dev.o)
                              c:/program/altera/13.0/nios2eds/bin/gnu/h-i686-mingw32/bin/../lib/gcc/nios2-elf/4.1.2/../../../../nios2-elf/lib/mno-hw-mul\libsmallc.a(lib_a-puts.o) (__sfvwrite_small_dev)
c:/program/altera/13.0/nios2eds/bin/gnu/h-i686-mingw32/bin/../lib/gcc/nios2-elf/4.1.2/../../../../nios2-elf/lib/mno-hw-mul\libsmallc.a(lib_a-impure.o)
                              c:/program/altera/13.0/nios2eds/bin/gnu/h-i686-mingw32/bin/../lib/gcc/nios2-elf/4.1.2/../../../../nios2-elf/lib/mno-hw-mul\libsmallc.a(lib_a-puts.o) (_impure_ptr)
c:/program/altera/13.0/nios2eds/bin/gnu/h-i686-mingw32/bin/../lib/gcc/nios2-elf/4.1.2/../../../../nios2-elf/lib/mno-hw-mul\libsmallc.a(lib_a-writer.o)
                              c:/program/altera/13.0/nios2eds/bin/gnu/h-i686-mingw32/bin/../lib/gcc/nios2-elf/4.1.2/../../../../nios2-elf/lib/mno-hw-mul\libsmallc.a(lib_a-fvwrite_small_dev.o) (_write_r)
c:/program/altera/13.0/nios2eds/bin/gnu/h-i686-mingw32/bin/../lib/gcc/nios2-elf/4.1.2/../../../../nios2-elf/lib/mno-hw-mul\libsmallc.a(lib_a-int_errno.o)
                              c:/program/altera/13.0/nios2eds/bin/gnu/h-i686-mingw32/bin/../lib/gcc/nios2-elf/4.1.2/../../../../nios2-elf/lib/mno-hw-mul\libsmallc.a(lib_a-writer.o) (errno)
../seg7_bsp/\libhal_bsp.a(alt_load.o)
                              ../seg7_bsp//obj/HAL/src/crt0.o (alt_load)
../seg7_bsp/\libhal_bsp.a(alt_main.o)
                              ../seg7_bsp//obj/HAL/src/crt0.o (alt_main)
../seg7_bsp/\libhal_bsp.a(alt_usleep.o)
                              obj/default/seg_pio.o (usleep)
../seg7_bsp/\libhal_bsp.a(alt_write.o)
                              c:/program/altera/13.0/nios2eds/bin/gnu/h-i686-mingw32/bin/../lib/gcc/nios2-elf/4.1.2/../../../../nios2-elf/lib/mno-hw-mul\libsmallc.a(lib_a-writer.o) (write)
../seg7_bsp/\libhal_bsp.a(alt_sys_init.o)
                              ../seg7_bsp/\libhal_bsp.a(alt_write.o) (jtag_uart)
../seg7_bsp/\libhal_bsp.a(altera_avalon_jtag_uart_write.o)
                              ../seg7_bsp/\libhal_bsp.a(alt_write.o) (altera_avalon_jtag_uart_write)
../seg7_bsp/\libhal_bsp.a(alt_busy_sleep.o)
                              ../seg7_bsp/\libhal_bsp.a(alt_usleep.o) (alt_busy_sleep)
../seg7_bsp/\libhal_bsp.a(alt_dcache_flush_all.o)
                              ../seg7_bsp/\libhal_bsp.a(alt_load.o) (alt_dcache_flush_all)
../seg7_bsp/\libhal_bsp.a(alt_errno.o)
                              ../seg7_bsp/\libhal_bsp.a(alt_write.o) (alt_errno)
../seg7_bsp/\libhal_bsp.a(alt_icache_flush_all.o)
                              ../seg7_bsp/\libhal_bsp.a(alt_load.o) (alt_icache_flush_all)
../seg7_bsp/\libhal_bsp.a(altera_nios2_qsys_irq.o)
                              ../seg7_bsp/\libhal_bsp.a(alt_sys_init.o) (altera_nios2_qsys_irq_init)
c:/program/altera/13.0/nios2eds/bin/gnu/h-i686-mingw32/bin/../lib/gcc/nios2-elf/4.1.2/mno-hw-mul\libgcc.a(lib2-divmod.o)
                              ../seg7_bsp/\libhal_bsp.a(alt_busy_sleep.o) (__udivsi3)
c:/program/altera/13.0/nios2eds/bin/gnu/h-i686-mingw32/bin/../lib/gcc/nios2-elf/4.1.2/mno-hw-mul\libgcc.a(lib2-mul.o)
                              ../seg7_bsp/\libhal_bsp.a(alt_busy_sleep.o) (__mulsi3)

Allocating common symbols
Common symbol       size              file

errno               0x4               c:/program/altera/13.0/nios2eds/bin/gnu/h-i686-mingw32/bin/../lib/gcc/nios2-elf/4.1.2/../../../../nios2-elf/lib/mno-hw-mul\libsmallc.a(lib_a-int_errno.o)

Memory Configuration

Name             Origin             Length             Attributes
reset            0x00001000         0x00000020
onchip_memory    0x00001020         0x00000fe0
*default*        0x00000000         0xffffffff

Linker script and memory map

LOAD ../seg7_bsp//obj/HAL/src/crt0.o
                0x0000100c                exit = _exit
LOAD obj/default/seg_pio.o
LOAD c:/program/altera/13.0/nios2eds/bin/gnu/h-i686-mingw32/bin/../lib/gcc/nios2-elf/4.1.2/../../../../nios2-elf/lib/mno-hw-mul\libstdc++.a
LOAD c:/program/altera/13.0/nios2eds/bin/gnu/h-i686-mingw32/bin/../lib/gcc/nios2-elf/4.1.2/../../../../nios2-elf/lib/mno-hw-mul\libm.a
LOAD c:/program/altera/13.0/nios2eds/bin/gnu/h-i686-mingw32/bin/../lib/gcc/nios2-elf/4.1.2/mno-hw-mul\libgcc.a
START GROUP
LOAD c:/program/altera/13.0/nios2eds/bin/gnu/h-i686-mingw32/bin/../lib/gcc/nios2-elf/4.1.2/../../../../nios2-elf/lib/mno-hw-mul\libsmallc.a
LOAD c:/program/altera/13.0/nios2eds/bin/gnu/h-i686-mingw32/bin/../lib/gcc/nios2-elf/4.1.2/mno-hw-mul\libgcc.a
LOAD ../seg7_bsp/\libhal_bsp.a
END GROUP
LOAD c:/program/altera/13.0/nios2eds/bin/gnu/h-i686-mingw32/bin/../lib/gcc/nios2-elf/4.1.2/mno-hw-mul\libgcc.a
                0x00001000                __alt_mem_onchip_memory = 0x1000

.entry          0x00001000       0x20
 *(.entry)
 .entry         0x00001000       0x20 ../seg7_bsp//obj/HAL/src/crt0.o
                0x00001000                __reset
                0x0000100c                _exit

.exceptions     0x00001020        0x0
                0x00001020                PROVIDE (__ram_exceptions_start, ABSOLUTE (.))
                0x00001020                . = ALIGN (0x20)
 *(.irq)
 *(.exceptions.entry.label)
 *(.exceptions.entry.user)
 *(.exceptions.entry)
 *(.exceptions.irqtest.user)
 *(.exceptions.irqtest)
 *(.exceptions.irqhandler.user)
 *(.exceptions.irqhandler)
 *(.exceptions.irqreturn.user)
 *(.exceptions.irqreturn)
 *(.exceptions.notirq.label)
 *(.exceptions.notirq.user)
 *(.exceptions.notirq)
 *(.exceptions.soft.user)
 *(.exceptions.soft)
 *(.exceptions.unknown.user)
 *(.exceptions.unknown)
 *(.exceptions.exit.label)
 *(.exceptions.exit.user)
 *(.exceptions.exit)
 *(.exceptions)
                0x00001020                PROVIDE (__ram_exceptions_end, ABSOLUTE (.))
                0x00001020                PROVIDE (__flash_exceptions_start, LOADADDR (.exceptions))

.text           0x00001020      0x93c
                0x00001020                PROVIDE (stext, ABSOLUTE (.))
 *(.interp)
 *(.hash)
 *(.dynsym)
 *(.dynstr)
 *(.gnu.version)
 *(.gnu.version_d)
 *(.gnu.version_r)
 *(.rel.init)
 *(.rela.init)
 *(.rel.text .rel.text.* .rel.gnu.linkonce.t.*)
 *(.rela.text .rela.text.* .rela.gnu.linkonce.t.*)
 *(.rel.fini)
 *(.rela.fini)
 *(.rel.rodata .rel.rodata.* .rel.gnu.linkonce.r.*)
 *(.rela.rodata .rela.rodata.* .rela.gnu.linkonce.r.*)
 *(.rel.data .rel.data.* .rel.gnu.linkonce.d.*)
 *(.rela.data .rela.data.* .rela.gnu.linkonce.d.*)
 *(.rel.tdata .rel.tdata.* .rel.gnu.linkonce.td.*)
 *(.rela.tdata .rela.tdata.* .rela.gnu.linkonce.td.*)
 *(.rel.tbss .rel.tbss.* .rel.gnu.linkonce.tb.*)
 *(.rela.tbss .rela.tbss.* .rela.gnu.linkonce.tb.*)
 *(.rel.ctors)
 *(.rela.ctors)
 *(.rel.dtors)
 *(.rela.dtors)
 *(.rel.got)
 *(.rela.got)
 *(.rel.sdata .rel.sdata.* .rel.gnu.linkonce.s.*)
 *(.rela.sdata .rela.sdata.* .rela.gnu.linkonce.s.*)
 *(.rel.sbss .rel.sbss.* .rel.gnu.linkonce.sb.*)
 *(.rela.sbss .rela.sbss.* .rela.gnu.linkonce.sb.*)
 *(.rel.sdata2 .rel.sdata2.* .rel.gnu.linkonce.s2.*)
 *(.rela.sdata2 .rela.sdata2.* .rela.gnu.linkonce.s2.*)
 *(.rel.sbss2 .rel.sbss2.* .rel.gnu.linkonce.sb2.*)
 *(.rela.sbss2 .rela.sbss2.* .rela.gnu.linkonce.sb2.*)
 *(.rel.bss .rel.bss.* .rel.gnu.linkonce.b.*)
 *(.rela.bss .rela.bss.* .rela.gnu.linkonce.b.*)
 *(.rel.plt)
 *(.rela.plt)
 *(.rel.dyn)
 *(.init)
 *(.plt)
 *(.text .stub .text.* .gnu.linkonce.t.*)
 .text          0x00001020       0x3c ../seg7_bsp//obj/HAL/src/crt0.o
                0x00001020                _start
 .text          0x0000105c       0x70 obj/default/seg_pio.o
                0x0000105c                main
 .text          0x000010cc       0xa4 c:/program/altera/13.0/nios2eds/bin/gnu/h-i686-mingw32/bin/../lib/gcc/nios2-elf/4.1.2/../../../../nios2-elf/lib/mno-hw-mul\libsmallc.a(lib_a-puts.o)
                0x000010cc                _puts_r
                0x0000115c                puts
 .text          0x00001170       0x20 c:/program/altera/13.0/nios2eds/bin/gnu/h-i686-mingw32/bin/../lib/gcc/nios2-elf/4.1.2/../../../../nios2-elf/lib/mno-hw-mul\libsmallc.a(lib_a-strlen.o)
                0x00001170                strlen
 .text          0x00001190       0xbc c:/program/altera/13.0/nios2eds/bin/gnu/h-i686-mingw32/bin/../lib/gcc/nios2-elf/4.1.2/../../../../nios2-elf/lib/mno-hw-mul\libsmallc.a(lib_a-fvwrite_small_dev.o)
                0x00001190                __sfvwrite_small_dev
 .text          0x0000124c        0x0 c:/program/altera/13.0/nios2eds/bin/gnu/h-i686-mingw32/bin/../lib/gcc/nios2-elf/4.1.2/../../../../nios2-elf/lib/mno-hw-mul\libsmallc.a(lib_a-impure.o)
 .text          0x0000124c       0x78 c:/program/altera/13.0/nios2eds/bin/gnu/h-i686-mingw32/bin/../lib/gcc/nios2-elf/4.1.2/../../../../nios2-elf/lib/mno-hw-mul\libsmallc.a(lib_a-writer.o)
                0x0000124c                _write_r
 .text          0x000012c4        0x0 c:/program/altera/13.0/nios2eds/bin/gnu/h-i686-mingw32/bin/../lib/gcc/nios2-elf/4.1.2/../../../../nios2-elf/lib/mno-hw-mul\libsmallc.a(lib_a-int_errno.o)
 .text          0x000012c4       0xec ../seg7_bsp/\libhal_bsp.a(alt_load.o)
                0x000012c4                alt_load
 .text          0x000013b0       0x40 ../seg7_bsp/\libhal_bsp.a(alt_main.o)
                0x000013b0                alt_main
 .text          0x000013f0       0x30 ../seg7_bsp/\libhal_bsp.a(alt_usleep.o)
                0x000013f0                usleep
 .text          0x00001420      0x110 ../seg7_bsp/\libhal_bsp.a(alt_write.o)
                0x00001420                write
 .text          0x00001530       0x50 ../seg7_bsp/\libhal_bsp.a(alt_sys_init.o)
                0x00001530                alt_irq_init
                0x00001564                alt_sys_init
 .text          0x00001580       0xa4 ../seg7_bsp/\libhal_bsp.a(altera_avalon_jtag_uart_write.o)
                0x00001580                altera_avalon_jtag_uart_write
 .text          0x00001624      0x15c ../seg7_bsp/\libhal_bsp.a(alt_busy_sleep.o)
                0x00001624                alt_busy_sleep
 .text          0x00001780       0x1c ../seg7_bsp/\libhal_bsp.a(alt_dcache_flush_all.o)
                0x00001780                alt_dcache_flush_all
 .text          0x0000179c        0x0 ../seg7_bsp/\libhal_bsp.a(alt_errno.o)
 .text          0x0000179c       0x1c ../seg7_bsp/\libhal_bsp.a(alt_icache_flush_all.o)
                0x0000179c                alt_icache_flush_all
 .text          0x000017b8       0x20 ../seg7_bsp/\libhal_bsp.a(altera_nios2_qsys_irq.o)
                0x000017b8                altera_nios2_qsys_irq_init
 .text          0x000017d8      0x14c c:/program/altera/13.0/nios2eds/bin/gnu/h-i686-mingw32/bin/../lib/gcc/nios2-elf/4.1.2/mno-hw-mul\libgcc.a(lib2-divmod.o)
                0x00001854                __divsi3
                0x000018b4                __modsi3
                0x00001914                __udivsi3
                0x0000191c                __umodsi3
 .text          0x00001924       0x38 c:/program/altera/13.0/nios2eds/bin/gnu/h-i686-mingw32/bin/../lib/gcc/nios2-elf/4.1.2/mno-hw-mul\libgcc.a(lib2-mul.o)
                0x00001924                __mulsi3
 *(.gnu.warning.*)
 *(.fini)
                0x0000195c                PROVIDE (__etext, ABSOLUTE (.))
                0x0000195c                PROVIDE (_etext, ABSOLUTE (.))
                0x0000195c                PROVIDE (etext, ABSOLUTE (.))
 *(.eh_frame_hdr)
                0x0000195c                . = ALIGN (0x4)
                0x0000195c                PROVIDE (__preinit_array_start, ABSOLUTE (.))
 *(.preinit_array)
                0x0000195c                PROVIDE (__preinit_array_end, ABSOLUTE (.))
                0x0000195c                PROVIDE (__init_array_start, ABSOLUTE (.))
 *(.init_array)
                0x0000195c                PROVIDE (__init_array_end, ABSOLUTE (.))
                0x0000195c                PROVIDE (__fini_array_start, ABSOLUTE (.))
 *(.fini_array)
                0x0000195c                PROVIDE (__fini_array_end, ABSOLUTE (.))
 *(.eh_frame)
 *(.gcc_except_table)
 *(.dynamic)
                0x0000195c                PROVIDE (__CTOR_LIST__, ABSOLUTE (.))
 *(.ctors)
 *(SORT(.ctors.*))
                0x0000195c                PROVIDE (__CTOR_END__, ABSOLUTE (.))
                0x0000195c                PROVIDE (__DTOR_LIST__, ABSOLUTE (.))
 *(.dtors)
 *(SORT(.dtors.*))
                0x0000195c                PROVIDE (__DTOR_END__, ABSOLUTE (.))
 *(.jcr)
                0x0000195c                . = ALIGN (0x4)

.rodata         0x0000195c        0xc
                0x0000195c                PROVIDE (__ram_rodata_start, ABSOLUTE (.))
                0x0000195c                . = ALIGN (0x4)
 *(.rodata .rodata.* .gnu.linkonce.r.*)
 .rodata        0x0000195c        0x8 obj/default/seg_pio.o
 .rodata.str1.4
                0x00001964        0x4 c:/program/altera/13.0/nios2eds/bin/gnu/h-i686-mingw32/bin/../lib/gcc/nios2-elf/4.1.2/../../../../nios2-elf/lib/mno-hw-mul\libsmallc.a(lib_a-puts.o)
 *(.rodata1)
                0x00001968                . = ALIGN (0x4)
                0x00001968                PROVIDE (__ram_rodata_end, ABSOLUTE (.))
                0x0000195c                PROVIDE (__flash_rodata_start, LOADADDR (.rodata))

.rwdata         0x00001968       0xfc load address 0x00001a64
                0x00001968                PROVIDE (__ram_rwdata_start, ABSOLUTE (.))
                0x00001968                . = ALIGN (0x4)
 *(.got.plt)
 *(.got)
 *(.data1)
 *(.data .data.* .gnu.linkonce.d.*)
 .data          0x00001968        0x0 ../seg7_bsp//obj/HAL/src/crt0.o
 .data          0x00001968       0x10 obj/default/seg_pio.o
 .data          0x00001978        0x0 c:/program/altera/13.0/nios2eds/bin/gnu/h-i686-mingw32/bin/../lib/gcc/nios2-elf/4.1.2/../../../../nios2-elf/lib/mno-hw-mul\libsmallc.a(lib_a-puts.o)
 .data          0x00001978        0x0 c:/program/altera/13.0/nios2eds/bin/gnu/h-i686-mingw32/bin/../lib/gcc/nios2-elf/4.1.2/../../../../nios2-elf/lib/mno-hw-mul\libsmallc.a(lib_a-strlen.o)
 .data          0x00001978        0x0 c:/program/altera/13.0/nios2eds/bin/gnu/h-i686-mingw32/bin/../lib/gcc/nios2-elf/4.1.2/../../../../nios2-elf/lib/mno-hw-mul\libsmallc.a(lib_a-fvwrite_small_dev.o)
 .data          0x00001978       0xe0 c:/program/altera/13.0/nios2eds/bin/gnu/h-i686-mingw32/bin/../lib/gcc/nios2-elf/4.1.2/../../../../nios2-elf/lib/mno-hw-mul\libsmallc.a(lib_a-impure.o)
 .data          0x00001a58        0x0 c:/program/altera/13.0/nios2eds/bin/gnu/h-i686-mingw32/bin/../lib/gcc/nios2-elf/4.1.2/../../../../nios2-elf/lib/mno-hw-mul\libsmallc.a(lib_a-writer.o)
 .data          0x00001a58        0x0 c:/program/altera/13.0/nios2eds/bin/gnu/h-i686-mingw32/bin/../lib/gcc/nios2-elf/4.1.2/../../../../nios2-elf/lib/mno-hw-mul\libsmallc.a(lib_a-int_errno.o)
 .data          0x00001a58        0x0 ../seg7_bsp/\libhal_bsp.a(alt_load.o)
 .data          0x00001a58        0x0 ../seg7_bsp/\libhal_bsp.a(alt_main.o)
 .data          0x00001a58        0x0 ../seg7_bsp/\libhal_bsp.a(alt_usleep.o)
 .data          0x00001a58        0x0 ../seg7_bsp/\libhal_bsp.a(alt_write.o)
 .data          0x00001a58        0x0 ../seg7_bsp/\libhal_bsp.a(alt_sys_init.o)
 .data          0x00001a58        0x0 ../seg7_bsp/\libhal_bsp.a(altera_avalon_jtag_uart_write.o)
 .data          0x00001a58        0x0 ../seg7_bsp/\libhal_bsp.a(alt_busy_sleep.o)
 .data          0x00001a58        0x0 ../seg7_bsp/\libhal_bsp.a(alt_dcache_flush_all.o)
 .data          0x00001a58        0x0 ../seg7_bsp/\libhal_bsp.a(alt_errno.o)
 .data          0x00001a58        0x0 ../seg7_bsp/\libhal_bsp.a(alt_icache_flush_all.o)
 .data          0x00001a58        0x0 ../seg7_bsp/\libhal_bsp.a(altera_nios2_qsys_irq.o)
 .data          0x00001a58        0x0 c:/program/altera/13.0/nios2eds/bin/gnu/h-i686-mingw32/bin/../lib/gcc/nios2-elf/4.1.2/mno-hw-mul\libgcc.a(lib2-divmod.o)
 .data          0x00001a58        0x0 c:/program/altera/13.0/nios2eds/bin/gnu/h-i686-mingw32/bin/../lib/gcc/nios2-elf/4.1.2/mno-hw-mul\libgcc.a(lib2-mul.o)
                0x00009a58                _gp = ABSOLUTE ((. + 0x8000))
                0x00009a58                PROVIDE (gp, _gp)
 *(.rwdata .rwdata.*)
 *(.sdata .sdata.* .gnu.linkonce.s.*)
 .sdata         0x00001a58        0x8 c:/program/altera/13.0/nios2eds/bin/gnu/h-i686-mingw32/bin/../lib/gcc/nios2-elf/4.1.2/../../../../nios2-elf/lib/mno-hw-mul\libsmallc.a(lib_a-impure.o)
                0x00001a58                _impure_ptr
                0x00001a5c                _global_impure_ptr
 .sdata         0x00001a60        0x4 ../seg7_bsp/\libhal_bsp.a(alt_errno.o)
                0x00001a60                alt_errno
 *(.sdata2 .sdata2.* .gnu.linkonce.s2.*)
                0x00001a64                . = ALIGN (0x4)
                0x00001a64                _edata = ABSOLUTE (.)
                0x00001a64                PROVIDE (edata, ABSOLUTE (.))
                0x00001a64                PROVIDE (__ram_rwdata_end, ABSOLUTE (.))
                0x00001a64                PROVIDE (__flash_rwdata_start, LOADADDR (.rwdata))

.bss            0x00001b60       0x14
                0x00001b60                __bss_start = ABSOLUTE (.)
                0x00001b60                PROVIDE (__sbss_start, ABSOLUTE (.))
                0x00001b60                PROVIDE (___sbss_start, ABSOLUTE (.))
 *(.dynsbss)
 *(.sbss .sbss.* .gnu.linkonce.sb.*)
 .sbss          0x00001b60        0x4 c:/program/altera/13.0/nios2eds/bin/gnu/h-i686-mingw32/bin/../lib/gcc/nios2-elf/4.1.2/../../../../nios2-elf/lib/mno-hw-mul\libsmallc.a(lib_a-int_errno.o)
                0x00001b60                errno
 .sbss          0x00001b64        0xc ../seg7_bsp/\libhal_bsp.a(alt_main.o)
                0x00001b64                alt_argc
                0x00001b68                alt_argv
                0x00001b6c                alt_envp
 .sbss          0x00001b70        0x4 ../seg7_bsp/\libhal_bsp.a(alt_sys_init.o)
                0x00001b70                jtag_uart
 *(.sbss2 .sbss2.* .gnu.linkonce.sb2.*)
 *(.scommon)
                0x00001b74                PROVIDE (__sbss_end, ABSOLUTE (.))
                0x00001b74                PROVIDE (___sbss_end, ABSOLUTE (.))
 *(.dynbss)
 *(.bss .bss.* .gnu.linkonce.b.*)
 .bss           0x00001b74        0x0 ../seg7_bsp//obj/HAL/src/crt0.o
 .bss           0x00001b74        0x0 obj/default/seg_pio.o
 .bss           0x00001b74        0x0 c:/program/altera/13.0/nios2eds/bin/gnu/h-i686-mingw32/bin/../lib/gcc/nios2-elf/4.1.2/../../../../nios2-elf/lib/mno-hw-mul\libsmallc.a(lib_a-puts.o)
 .bss           0x00001b74        0x0 c:/program/altera/13.0/nios2eds/bin/gnu/h-i686-mingw32/bin/../lib/gcc/nios2-elf/4.1.2/../../../../nios2-elf/lib/mno-hw-mul\libsmallc.a(lib_a-strlen.o)
 .bss           0x00001b74        0x0 c:/program/altera/13.0/nios2eds/bin/gnu/h-i686-mingw32/bin/../lib/gcc/nios2-elf/4.1.2/../../../../nios2-elf/lib/mno-hw-mul\libsmallc.a(lib_a-fvwrite_small_dev.o)
 .bss           0x00001b74        0x0 c:/program/altera/13.0/nios2eds/bin/gnu/h-i686-mingw32/bin/../lib/gcc/nios2-elf/4.1.2/../../../../nios2-elf/lib/mno-hw-mul\libsmallc.a(lib_a-impure.o)
 .bss           0x00001b74        0x0 c:/program/altera/13.0/nios2eds/bin/gnu/h-i686-mingw32/bin/../lib/gcc/nios2-elf/4.1.2/../../../../nios2-elf/lib/mno-hw-mul\libsmallc.a(lib_a-writer.o)
 .bss           0x00001b74        0x0 c:/program/altera/13.0/nios2eds/bin/gnu/h-i686-mingw32/bin/../lib/gcc/nios2-elf/4.1.2/../../../../nios2-elf/lib/mno-hw-mul\libsmallc.a(lib_a-int_errno.o)
 .bss           0x00001b74        0x0 ../seg7_bsp/\libhal_bsp.a(alt_load.o)
 .bss           0x00001b74        0x0 ../seg7_bsp/\libhal_bsp.a(alt_main.o)
 .bss           0x00001b74        0x0 ../seg7_bsp/\libhal_bsp.a(alt_usleep.o)
 .bss           0x00001b74        0x0 ../seg7_bsp/\libhal_bsp.a(alt_write.o)
 .bss           0x00001b74        0x0 ../seg7_bsp/\libhal_bsp.a(alt_sys_init.o)
 .bss           0x00001b74        0x0 ../seg7_bsp/\libhal_bsp.a(altera_avalon_jtag_uart_write.o)
 .bss           0x00001b74        0x0 ../seg7_bsp/\libhal_bsp.a(alt_busy_sleep.o)
 .bss           0x00001b74        0x0 ../seg7_bsp/\libhal_bsp.a(alt_dcache_flush_all.o)
 .bss           0x00001b74        0x0 ../seg7_bsp/\libhal_bsp.a(alt_errno.o)
 .bss           0x00001b74        0x0 ../seg7_bsp/\libhal_bsp.a(alt_icache_flush_all.o)
 .bss           0x00001b74        0x0 ../seg7_bsp/\libhal_bsp.a(altera_nios2_qsys_irq.o)
 .bss           0x00001b74        0x0 c:/program/altera/13.0/nios2eds/bin/gnu/h-i686-mingw32/bin/../lib/gcc/nios2-elf/4.1.2/mno-hw-mul\libgcc.a(lib2-divmod.o)
 .bss           0x00001b74        0x0 c:/program/altera/13.0/nios2eds/bin/gnu/h-i686-mingw32/bin/../lib/gcc/nios2-elf/4.1.2/mno-hw-mul\libgcc.a(lib2-mul.o)
 *(COMMON)
                0x00001b74                . = ALIGN (0x4)
                0x00001b74                __bss_end = ABSOLUTE (.)

.onchip_memory  0x00001b74        0x0
                0x00001b74                PROVIDE (_alt_partition_onchip_memory_start, ABSOLUTE (.))
 *(.onchip_memory. onchip_memory.*)
                0x00001b74                . = ALIGN (0x4)
                0x00001b74                PROVIDE (_alt_partition_onchip_memory_end, ABSOLUTE (.))
                0x00001b74                _end = ABSOLUTE (.)
                0x00001b74                end = ABSOLUTE (.)
                0x00001b74                __alt_stack_base = ABSOLUTE (.)
                0x00001b74                PROVIDE (_alt_partition_onchip_memory_load_addr, LOADADDR (.onchip_memory))

.stab
 *(.stab)

.stabstr
 *(.stabstr)

.stab.excl
 *(.stab.excl)

.stab.exclstr
 *(.stab.exclstr)

.stab.index
 *(.stab.index)

.stab.indexstr
 *(.stab.indexstr)

.comment        0x00000000       0x23
 *(.comment)
 .comment       0x00000000       0x23 obj/default/seg_pio.o
                                 0x24 (size before relaxing)
 .comment       0x00000000       0x24 c:/program/altera/13.0/nios2eds/bin/gnu/h-i686-mingw32/bin/../lib/gcc/nios2-elf/4.1.2/../../../../nios2-elf/lib/mno-hw-mul\libsmallc.a(lib_a-puts.o)
 .comment       0x00000000       0x24 c:/program/altera/13.0/nios2eds/bin/gnu/h-i686-mingw32/bin/../lib/gcc/nios2-elf/4.1.2/../../../../nios2-elf/lib/mno-hw-mul\libsmallc.a(lib_a-strlen.o)
 .comment       0x00000000       0x24 c:/program/altera/13.0/nios2eds/bin/gnu/h-i686-mingw32/bin/../lib/gcc/nios2-elf/4.1.2/../../../../nios2-elf/lib/mno-hw-mul\libsmallc.a(lib_a-fvwrite_small_dev.o)
 .comment       0x00000000       0x24 c:/program/altera/13.0/nios2eds/bin/gnu/h-i686-mingw32/bin/../lib/gcc/nios2-elf/4.1.2/../../../../nios2-elf/lib/mno-hw-mul\libsmallc.a(lib_a-impure.o)
 .comment       0x00000000       0x24 c:/program/altera/13.0/nios2eds/bin/gnu/h-i686-mingw32/bin/../lib/gcc/nios2-elf/4.1.2/../../../../nios2-elf/lib/mno-hw-mul\libsmallc.a(lib_a-writer.o)
 .comment       0x00000000       0x24 c:/program/altera/13.0/nios2eds/bin/gnu/h-i686-mingw32/bin/../lib/gcc/nios2-elf/4.1.2/../../../../nios2-elf/lib/mno-hw-mul\libsmallc.a(lib_a-int_errno.o)
 .comment       0x00000000       0x24 ../seg7_bsp/\libhal_bsp.a(alt_load.o)
 .comment       0x00000000       0x24 ../seg7_bsp/\libhal_bsp.a(alt_main.o)
 .comment       0x00000000       0x24 ../seg7_bsp/\libhal_bsp.a(alt_usleep.o)
 .comment       0x00000000       0x24 ../seg7_bsp/\libhal_bsp.a(alt_write.o)
 .comment       0x00000000       0x24 ../seg7_bsp/\libhal_bsp.a(alt_sys_init.o)
 .comment       0x00000000       0x24 ../seg7_bsp/\libhal_bsp.a(altera_avalon_jtag_uart_write.o)
 .comment       0x00000000       0x24 ../seg7_bsp/\libhal_bsp.a(alt_busy_sleep.o)
 .comment       0x00000000       0x24 ../seg7_bsp/\libhal_bsp.a(alt_dcache_flush_all.o)
 .comment       0x00000000       0x24 ../seg7_bsp/\libhal_bsp.a(alt_errno.o)
 .comment       0x00000000       0x24 ../seg7_bsp/\libhal_bsp.a(alt_icache_flush_all.o)
 .comment       0x00000000       0x24 ../seg7_bsp/\libhal_bsp.a(altera_nios2_qsys_irq.o)
 .comment       0x00000000       0x24 c:/program/altera/13.0/nios2eds/bin/gnu/h-i686-mingw32/bin/../lib/gcc/nios2-elf/4.1.2/mno-hw-mul\libgcc.a(lib2-divmod.o)
 .comment       0x00000000       0x24 c:/program/altera/13.0/nios2eds/bin/gnu/h-i686-mingw32/bin/../lib/gcc/nios2-elf/4.1.2/mno-hw-mul\libgcc.a(lib2-mul.o)

.debug
 *(.debug)

.line
 *(.line)

.debug_srcinfo
 *(.debug_srcinfo)

.debug_sfnames
 *(.debug_sfnames)

.debug_aranges  0x00000000      0x248
 *(.debug_aranges)
 .debug_aranges
                0x00000000       0x28 ../seg7_bsp//obj/HAL/src/crt0.o
 .debug_aranges
                0x00000028       0x20 obj/default/seg_pio.o
 .debug_aranges
                0x00000048       0x20 c:/program/altera/13.0/nios2eds/bin/gnu/h-i686-mingw32/bin/../lib/gcc/nios2-elf/4.1.2/../../../../nios2-elf/lib/mno-hw-mul\libsmallc.a(lib_a-puts.o)
 .debug_aranges
                0x00000068       0x20 c:/program/altera/13.0/nios2eds/bin/gnu/h-i686-mingw32/bin/../lib/gcc/nios2-elf/4.1.2/../../../../nios2-elf/lib/mno-hw-mul\libsmallc.a(lib_a-strlen.o)
 .debug_aranges
                0x00000088       0x20 c:/program/altera/13.0/nios2eds/bin/gnu/h-i686-mingw32/bin/../lib/gcc/nios2-elf/4.1.2/../../../../nios2-elf/lib/mno-hw-mul\libsmallc.a(lib_a-fvwrite_small_dev.o)
 .debug_aranges
                0x000000a8       0x20 c:/program/altera/13.0/nios2eds/bin/gnu/h-i686-mingw32/bin/../lib/gcc/nios2-elf/4.1.2/../../../../nios2-elf/lib/mno-hw-mul\libsmallc.a(lib_a-writer.o)
 .debug_aranges
                0x000000c8       0x20 ../seg7_bsp/\libhal_bsp.a(alt_load.o)
 .debug_aranges
                0x000000e8       0x20 ../seg7_bsp/\libhal_bsp.a(alt_main.o)
 .debug_aranges
                0x00000108       0x20 ../seg7_bsp/\libhal_bsp.a(alt_usleep.o)
 .debug_aranges
                0x00000128       0x20 ../seg7_bsp/\libhal_bsp.a(alt_write.o)
 .debug_aranges
                0x00000148       0x20 ../seg7_bsp/\libhal_bsp.a(alt_sys_init.o)
 .debug_aranges
                0x00000168       0x20 ../seg7_bsp/\libhal_bsp.a(altera_avalon_jtag_uart_write.o)
 .debug_aranges
                0x00000188       0x20 ../seg7_bsp/\libhal_bsp.a(alt_busy_sleep.o)
 .debug_aranges
                0x000001a8       0x20 ../seg7_bsp/\libhal_bsp.a(alt_dcache_flush_all.o)
 .debug_aranges
                0x000001c8       0x20 ../seg7_bsp/\libhal_bsp.a(alt_icache_flush_all.o)
 .debug_aranges
                0x000001e8       0x20 ../seg7_bsp/\libhal_bsp.a(altera_nios2_qsys_irq.o)
 .debug_aranges
                0x00000208       0x20 c:/program/altera/13.0/nios2eds/bin/gnu/h-i686-mingw32/bin/../lib/gcc/nios2-elf/4.1.2/mno-hw-mul\libgcc.a(lib2-divmod.o)
 .debug_aranges
                0x00000228       0x20 c:/program/altera/13.0/nios2eds/bin/gnu/h-i686-mingw32/bin/../lib/gcc/nios2-elf/4.1.2/mno-hw-mul\libgcc.a(lib2-mul.o)

.debug_pubnames
                0x00000000      0x345
 *(.debug_pubnames)
 .debug_pubnames
                0x00000000       0x1b obj/default/seg_pio.o
 .debug_pubnames
                0x0000001b       0x27 c:/program/altera/13.0/nios2eds/bin/gnu/h-i686-mingw32/bin/../lib/gcc/nios2-elf/4.1.2/../../../../nios2-elf/lib/mno-hw-mul\libsmallc.a(lib_a-puts.o)
 .debug_pubnames
                0x00000042       0x1d c:/program/altera/13.0/nios2eds/bin/gnu/h-i686-mingw32/bin/../lib/gcc/nios2-elf/4.1.2/../../../../nios2-elf/lib/mno-hw-mul\libsmallc.a(lib_a-strlen.o)
 .debug_pubnames
                0x0000005f       0x2b c:/program/altera/13.0/nios2eds/bin/gnu/h-i686-mingw32/bin/../lib/gcc/nios2-elf/4.1.2/../../../../nios2-elf/lib/mno-hw-mul\libsmallc.a(lib_a-fvwrite_small_dev.o)
 .debug_pubnames
                0x0000008a       0x39 c:/program/altera/13.0/nios2eds/bin/gnu/h-i686-mingw32/bin/../lib/gcc/nios2-elf/4.1.2/../../../../nios2-elf/lib/mno-hw-mul\libsmallc.a(lib_a-impure.o)
 .debug_pubnames
                0x000000c3       0x1f c:/program/altera/13.0/nios2eds/bin/gnu/h-i686-mingw32/bin/../lib/gcc/nios2-elf/4.1.2/../../../../nios2-elf/lib/mno-hw-mul\libsmallc.a(lib_a-writer.o)
 .debug_pubnames
                0x000000e2       0x1c c:/program/altera/13.0/nios2eds/bin/gnu/h-i686-mingw32/bin/../lib/gcc/nios2-elf/4.1.2/../../../../nios2-elf/lib/mno-hw-mul\libsmallc.a(lib_a-int_errno.o)
 .debug_pubnames
                0x000000fe       0x1f ../seg7_bsp/\libhal_bsp.a(alt_load.o)
 .debug_pubnames
                0x0000011d       0x46 ../seg7_bsp/\libhal_bsp.a(alt_main.o)
 .debug_pubnames
                0x00000163       0x1d ../seg7_bsp/\libhal_bsp.a(alt_usleep.o)
 .debug_pubnames
                0x00000180       0x1c ../seg7_bsp/\libhal_bsp.a(alt_write.o)
 .debug_pubnames
                0x0000019c       0x42 ../seg7_bsp/\libhal_bsp.a(alt_sys_init.o)
 .debug_pubnames
                0x000001de       0x34 ../seg7_bsp/\libhal_bsp.a(altera_avalon_jtag_uart_write.o)
 .debug_pubnames
                0x00000212       0x25 ../seg7_bsp/\libhal_bsp.a(alt_busy_sleep.o)
 .debug_pubnames
                0x00000237       0x2b ../seg7_bsp/\libhal_bsp.a(alt_dcache_flush_all.o)
 .debug_pubnames
                0x00000262       0x20 ../seg7_bsp/\libhal_bsp.a(alt_errno.o)
 .debug_pubnames
                0x00000282       0x2b ../seg7_bsp/\libhal_bsp.a(alt_icache_flush_all.o)
 .debug_pubnames
                0x000002ad       0x31 ../seg7_bsp/\libhal_bsp.a(altera_nios2_qsys_irq.o)
 .debug_pubnames
                0x000002de       0x48 c:/program/altera/13.0/nios2eds/bin/gnu/h-i686-mingw32/bin/../lib/gcc/nios2-elf/4.1.2/mno-hw-mul\libgcc.a(lib2-divmod.o)
 .debug_pubnames
                0x00000326       0x1f c:/program/altera/13.0/nios2eds/bin/gnu/h-i686-mingw32/bin/../lib/gcc/nios2-elf/4.1.2/mno-hw-mul\libgcc.a(lib2-mul.o)

.debug_info     0x00000000     0x35ef
 *(.debug_info .gnu.linkonce.wi.*)
 .debug_info    0x00000000       0x85 ../seg7_bsp//obj/HAL/src/crt0.o
 .debug_info    0x00000085      0x174 obj/default/seg_pio.o
 .debug_info    0x000001f9      0x685 c:/program/altera/13.0/nios2eds/bin/gnu/h-i686-mingw32/bin/../lib/gcc/nios2-elf/4.1.2/../../../../nios2-elf/lib/mno-hw-mul\libsmallc.a(lib_a-puts.o)
 .debug_info    0x0000087e       0xc2 c:/program/altera/13.0/nios2eds/bin/gnu/h-i686-mingw32/bin/../lib/gcc/nios2-elf/4.1.2/../../../../nios2-elf/lib/mno-hw-mul\libsmallc.a(lib_a-strlen.o)
 .debug_info    0x00000940      0x68e c:/program/altera/13.0/nios2eds/bin/gnu/h-i686-mingw32/bin/../lib/gcc/nios2-elf/4.1.2/../../../../nios2-elf/lib/mno-hw-mul\libsmallc.a(lib_a-fvwrite_small_dev.o)
 .debug_info    0x00000fce      0x636 c:/program/altera/13.0/nios2eds/bin/gnu/h-i686-mingw32/bin/../lib/gcc/nios2-elf/4.1.2/../../../../nios2-elf/lib/mno-hw-mul\libsmallc.a(lib_a-impure.o)
 .debug_info    0x00001604      0x68c c:/program/altera/13.0/nios2eds/bin/gnu/h-i686-mingw32/bin/../lib/gcc/nios2-elf/4.1.2/../../../../nios2-elf/lib/mno-hw-mul\libsmallc.a(lib_a-writer.o)
 .debug_info    0x00001c90       0x8c c:/program/altera/13.0/nios2eds/bin/gnu/h-i686-mingw32/bin/../lib/gcc/nios2-elf/4.1.2/../../../../nios2-elf/lib/mno-hw-mul\libsmallc.a(lib_a-int_errno.o)
 .debug_info    0x00001d1c      0x297 ../seg7_bsp/\libhal_bsp.a(alt_load.o)
 .debug_info    0x00001fb3      0x219 ../seg7_bsp/\libhal_bsp.a(alt_main.o)
 .debug_info    0x000021cc      0x172 ../seg7_bsp/\libhal_bsp.a(alt_usleep.o)
 .debug_info    0x0000233e      0x284 ../seg7_bsp/\libhal_bsp.a(alt_write.o)
 .debug_info    0x000025c2      0x2d2 ../seg7_bsp/\libhal_bsp.a(alt_sys_init.o)
 .debug_info    0x00002894      0x2f0 ../seg7_bsp/\libhal_bsp.a(altera_avalon_jtag_uart_write.o)
 .debug_info    0x00002b84      0x1b5 ../seg7_bsp/\libhal_bsp.a(alt_busy_sleep.o)
 .debug_info    0x00002d39      0x166 ../seg7_bsp/\libhal_bsp.a(alt_dcache_flush_all.o)
 .debug_info    0x00002e9f      0x16e ../seg7_bsp/\libhal_bsp.a(alt_errno.o)
 .debug_info    0x0000300d      0x166 ../seg7_bsp/\libhal_bsp.a(alt_icache_flush_all.o)
 .debug_info    0x00003173      0x16d ../seg7_bsp/\libhal_bsp.a(altera_nios2_qsys_irq.o)
 .debug_info    0x000032e0      0x21c c:/program/altera/13.0/nios2eds/bin/gnu/h-i686-mingw32/bin/../lib/gcc/nios2-elf/4.1.2/mno-hw-mul\libgcc.a(lib2-divmod.o)
 .debug_info    0x000034fc       0xf3 c:/program/altera/13.0/nios2eds/bin/gnu/h-i686-mingw32/bin/../lib/gcc/nios2-elf/4.1.2/mno-hw-mul\libgcc.a(lib2-mul.o)

.debug_abbrev   0x00000000      0xd94
 *(.debug_abbrev)
 .debug_abbrev  0x00000000       0x12 ../seg7_bsp//obj/HAL/src/crt0.o
 .debug_abbrev  0x00000012       0x62 obj/default/seg_pio.o
 .debug_abbrev  0x00000074      0x180 c:/program/altera/13.0/nios2eds/bin/gnu/h-i686-mingw32/bin/../lib/gcc/nios2-elf/4.1.2/../../../../nios2-elf/lib/mno-hw-mul\libsmallc.a(lib_a-puts.o)
 .debug_abbrev  0x000001f4       0x7a c:/program/altera/13.0/nios2eds/bin/gnu/h-i686-mingw32/bin/../lib/gcc/nios2-elf/4.1.2/../../../../nios2-elf/lib/mno-hw-mul\libsmallc.a(lib_a-strlen.o)
 .debug_abbrev  0x0000026e      0x179 c:/program/altera/13.0/nios2eds/bin/gnu/h-i686-mingw32/bin/../lib/gcc/nios2-elf/4.1.2/../../../../nios2-elf/lib/mno-hw-mul\libsmallc.a(lib_a-fvwrite_small_dev.o)
 .debug_abbrev  0x000003e7      0x13f c:/program/altera/13.0/nios2eds/bin/gnu/h-i686-mingw32/bin/../lib/gcc/nios2-elf/4.1.2/../../../../nios2-elf/lib/mno-hw-mul\libsmallc.a(lib_a-impure.o)
 .debug_abbrev  0x00000526      0x16c c:/program/altera/13.0/nios2eds/bin/gnu/h-i686-mingw32/bin/../lib/gcc/nios2-elf/4.1.2/../../../../nios2-elf/lib/mno-hw-mul\libsmallc.a(lib_a-writer.o)
 .debug_abbrev  0x00000692       0x3b c:/program/altera/13.0/nios2eds/bin/gnu/h-i686-mingw32/bin/../lib/gcc/nios2-elf/4.1.2/../../../../nios2-elf/lib/mno-hw-mul\libsmallc.a(lib_a-int_errno.o)
 .debug_abbrev  0x000006cd       0x88 ../seg7_bsp/\libhal_bsp.a(alt_load.o)
 .debug_abbrev  0x00000755       0xa6 ../seg7_bsp/\libhal_bsp.a(alt_main.o)
 .debug_abbrev  0x000007fb       0x5d ../seg7_bsp/\libhal_bsp.a(alt_usleep.o)
 .debug_abbrev  0x00000858       0xc3 ../seg7_bsp/\libhal_bsp.a(alt_write.o)
 .debug_abbrev  0x0000091b       0xe3 ../seg7_bsp/\libhal_bsp.a(alt_sys_init.o)
 .debug_abbrev  0x000009fe       0xb4 ../seg7_bsp/\libhal_bsp.a(altera_avalon_jtag_uart_write.o)
 .debug_abbrev  0x00000ab2       0x6c ../seg7_bsp/\libhal_bsp.a(alt_busy_sleep.o)
 .debug_abbrev  0x00000b1e       0x3f ../seg7_bsp/\libhal_bsp.a(alt_dcache_flush_all.o)
 .debug_abbrev  0x00000b5d       0x5e ../seg7_bsp/\libhal_bsp.a(alt_errno.o)
 .debug_abbrev  0x00000bbb       0x3f ../seg7_bsp/\libhal_bsp.a(alt_icache_flush_all.o)
 .debug_abbrev  0x00000bfa       0x3f ../seg7_bsp/\libhal_bsp.a(altera_nios2_qsys_irq.o)
 .debug_abbrev  0x00000c39       0xe0 c:/program/altera/13.0/nios2eds/bin/gnu/h-i686-mingw32/bin/../lib/gcc/nios2-elf/4.1.2/mno-hw-mul\libgcc.a(lib2-divmod.o)
 .debug_abbrev  0x00000d19       0x7b c:/program/altera/13.0/nios2eds/bin/gnu/h-i686-mingw32/bin/../lib/gcc/nios2-elf/4.1.2/mno-hw-mul\libgcc.a(lib2-mul.o)

.debug_line     0x00000000     0x2cb0
 *(.debug_line)
 .debug_line    0x00000000       0x66 ../seg7_bsp//obj/HAL/src/crt0.o
 .debug_line    0x00000066      0x214 obj/default/seg_pio.o
 .debug_line    0x0000027a      0x2ac c:/program/altera/13.0/nios2eds/bin/gnu/h-i686-mingw32/bin/../lib/gcc/nios2-elf/4.1.2/../../../../nios2-elf/lib/mno-hw-mul\libsmallc.a(lib_a-puts.o)
 .debug_line    0x00000526      0x247 c:/program/altera/13.0/nios2eds/bin/gnu/h-i686-mingw32/bin/../lib/gcc/nios2-elf/4.1.2/../../../../nios2-elf/lib/mno-hw-mul\libsmallc.a(lib_a-strlen.o)
 .debug_line    0x0000076d      0x2a3 c:/program/altera/13.0/nios2eds/bin/gnu/h-i686-mingw32/bin/../lib/gcc/nios2-elf/4.1.2/../../../../nios2-elf/lib/mno-hw-mul\libsmallc.a(lib_a-fvwrite_small_dev.o)
 .debug_line    0x00000a10      0x227 c:/program/altera/13.0/nios2eds/bin/gnu/h-i686-mingw32/bin/../lib/gcc/nios2-elf/4.1.2/../../../../nios2-elf/lib/mno-hw-mul\libsmallc.a(lib_a-impure.o)
 .debug_line    0x00000c37      0x294 c:/program/altera/13.0/nios2eds/bin/gnu/h-i686-mingw32/bin/../lib/gcc/nios2-elf/4.1.2/../../../../nios2-elf/lib/mno-hw-mul\libsmallc.a(lib_a-writer.o)
 .debug_line    0x00000ecb      0x1dc c:/program/altera/13.0/nios2eds/bin/gnu/h-i686-mingw32/bin/../lib/gcc/nios2-elf/4.1.2/../../../../nios2-elf/lib/mno-hw-mul\libsmallc.a(lib_a-int_errno.o)
 .debug_line    0x000010a7      0x221 ../seg7_bsp/\libhal_bsp.a(alt_load.o)
 .debug_line    0x000012c8      0x2b4 ../seg7_bsp/\libhal_bsp.a(alt_main.o)
 .debug_line    0x0000157c      0x211 ../seg7_bsp/\libhal_bsp.a(alt_usleep.o)
 .debug_line    0x0000178d      0x2a9 ../seg7_bsp/\libhal_bsp.a(alt_write.o)
 .debug_line    0x00001a36      0x28e ../seg7_bsp/\libhal_bsp.a(alt_sys_init.o)
 .debug_line    0x00001cc4      0x30e ../seg7_bsp/\libhal_bsp.a(altera_avalon_jtag_uart_write.o)
 .debug_line    0x00001fd2      0x26b ../seg7_bsp/\libhal_bsp.a(alt_busy_sleep.o)
 .debug_line    0x0000223d      0x1bf ../seg7_bsp/\libhal_bsp.a(alt_dcache_flush_all.o)
 .debug_line    0x000023fc      0x1b4 ../seg7_bsp/\libhal_bsp.a(alt_errno.o)
 .debug_line    0x000025b0      0x1bf ../seg7_bsp/\libhal_bsp.a(alt_icache_flush_all.o)
 .debug_line    0x0000276f      0x1d8 ../seg7_bsp/\libhal_bsp.a(altera_nios2_qsys_irq.o)
 .debug_line    0x00002947      0x24f c:/program/altera/13.0/nios2eds/bin/gnu/h-i686-mingw32/bin/../lib/gcc/nios2-elf/4.1.2/mno-hw-mul\libgcc.a(lib2-divmod.o)
 .debug_line    0x00002b96      0x11a c:/program/altera/13.0/nios2eds/bin/gnu/h-i686-mingw32/bin/../lib/gcc/nios2-elf/4.1.2/mno-hw-mul\libgcc.a(lib2-mul.o)

.debug_frame    0x00000000      0x380
 *(.debug_frame)
 .debug_frame   0x00000000       0x2c obj/default/seg_pio.o
 .debug_frame   0x0000002c       0x3c c:/program/altera/13.0/nios2eds/bin/gnu/h-i686-mingw32/bin/../lib/gcc/nios2-elf/4.1.2/../../../../nios2-elf/lib/mno-hw-mul\libsmallc.a(lib_a-puts.o)
 .debug_frame   0x00000068       0x20 c:/program/altera/13.0/nios2eds/bin/gnu/h-i686-mingw32/bin/../lib/gcc/nios2-elf/4.1.2/../../../../nios2-elf/lib/mno-hw-mul\libsmallc.a(lib_a-strlen.o)
 .debug_frame   0x00000088       0x30 c:/program/altera/13.0/nios2eds/bin/gnu/h-i686-mingw32/bin/../lib/gcc/nios2-elf/4.1.2/../../../../nios2-elf/lib/mno-hw-mul\libsmallc.a(lib_a-fvwrite_small_dev.o)
 .debug_frame   0x000000b8       0x2c c:/program/altera/13.0/nios2eds/bin/gnu/h-i686-mingw32/bin/../lib/gcc/nios2-elf/4.1.2/../../../../nios2-elf/lib/mno-hw-mul\libsmallc.a(lib_a-writer.o)
 .debug_frame   0x000000e4       0x48 ../seg7_bsp/\libhal_bsp.a(alt_load.o)
 .debug_frame   0x0000012c       0x2c ../seg7_bsp/\libhal_bsp.a(alt_main.o)
 .debug_frame   0x00000158       0x2c ../seg7_bsp/\libhal_bsp.a(alt_usleep.o)
 .debug_frame   0x00000184       0x48 ../seg7_bsp/\libhal_bsp.a(alt_write.o)
 .debug_frame   0x000001cc       0x48 ../seg7_bsp/\libhal_bsp.a(alt_sys_init.o)
 .debug_frame   0x00000214       0x2c ../seg7_bsp/\libhal_bsp.a(altera_avalon_jtag_uart_write.o)
 .debug_frame   0x00000240       0x2c ../seg7_bsp/\libhal_bsp.a(alt_busy_sleep.o)
 .debug_frame   0x0000026c       0x2c ../seg7_bsp/\libhal_bsp.a(alt_dcache_flush_all.o)
 .debug_frame   0x00000298       0x2c ../seg7_bsp/\libhal_bsp.a(alt_icache_flush_all.o)
 .debug_frame   0x000002c4       0x2c ../seg7_bsp/\libhal_bsp.a(altera_nios2_qsys_irq.o)
 .debug_frame   0x000002f0       0x70 c:/program/altera/13.0/nios2eds/bin/gnu/h-i686-mingw32/bin/../lib/gcc/nios2-elf/4.1.2/mno-hw-mul\libgcc.a(lib2-divmod.o)
 .debug_frame   0x00000360       0x20 c:/program/altera/13.0/nios2eds/bin/gnu/h-i686-mingw32/bin/../lib/gcc/nios2-elf/4.1.2/mno-hw-mul\libgcc.a(lib2-mul.o)

.debug_str      0x00000000      0x8de
 *(.debug_str)
 .debug_str     0x00000000       0x12 obj/default/seg_pio.o
 .debug_str     0x00000012      0x3ee c:/program/altera/13.0/nios2eds/bin/gnu/h-i686-mingw32/bin/../lib/gcc/nios2-elf/4.1.2/../../../../nios2-elf/lib/mno-hw-mul\libsmallc.a(lib_a-puts.o)
                                0x44d (size before relaxing)
 .debug_str     0x00000400       0xe5 c:/program/altera/13.0/nios2eds/bin/gnu/h-i686-mingw32/bin/../lib/gcc/nios2-elf/4.1.2/../../../../nios2-elf/lib/mno-hw-mul\libsmallc.a(lib_a-strlen.o)
                                0x181 (size before relaxing)
 .debug_str     0x000004e5       0x70 c:/program/altera/13.0/nios2eds/bin/gnu/h-i686-mingw32/bin/../lib/gcc/nios2-elf/4.1.2/../../../../nios2-elf/lib/mno-hw-mul\libsmallc.a(lib_a-fvwrite_small_dev.o)
                                0x467 (size before relaxing)
 .debug_str     0x00000555       0xf5 c:/program/altera/13.0/nios2eds/bin/gnu/h-i686-mingw32/bin/../lib/gcc/nios2-elf/4.1.2/../../../../nios2-elf/lib/mno-hw-mul\libsmallc.a(lib_a-impure.o)
                                0x45a (size before relaxing)
 .debug_str     0x0000064a       0x4f c:/program/altera/13.0/nios2eds/bin/gnu/h-i686-mingw32/bin/../lib/gcc/nios2-elf/4.1.2/../../../../nios2-elf/lib/mno-hw-mul\libsmallc.a(lib_a-writer.o)
                                0x44e (size before relaxing)
 .debug_str     0x00000699       0x40 c:/program/altera/13.0/nios2eds/bin/gnu/h-i686-mingw32/bin/../lib/gcc/nios2-elf/4.1.2/../../../../nios2-elf/lib/mno-hw-mul\libsmallc.a(lib_a-int_errno.o)
                                0x174 (size before relaxing)
 .debug_str     0x000006d9       0x12 ../seg7_bsp/\libhal_bsp.a(alt_load.o)
 .debug_str     0x000006eb       0x12 ../seg7_bsp/\libhal_bsp.a(alt_main.o)
 .debug_str     0x000006fd       0x12 ../seg7_bsp/\libhal_bsp.a(alt_usleep.o)
 .debug_str     0x0000070f       0x12 ../seg7_bsp/\libhal_bsp.a(alt_write.o)
 .debug_str     0x00000721       0x12 ../seg7_bsp/\libhal_bsp.a(alt_sys_init.o)
 .debug_str     0x00000733       0x12 ../seg7_bsp/\libhal_bsp.a(altera_avalon_jtag_uart_write.o)
 .debug_str     0x00000745       0x12 ../seg7_bsp/\libhal_bsp.a(alt_busy_sleep.o)
 .debug_str     0x00000757       0x12 ../seg7_bsp/\libhal_bsp.a(alt_dcache_flush_all.o)
 .debug_str     0x00000769       0x12 ../seg7_bsp/\libhal_bsp.a(alt_errno.o)
 .debug_str     0x0000077b       0x12 ../seg7_bsp/\libhal_bsp.a(alt_icache_flush_all.o)
 .debug_str     0x0000078d       0x12 ../seg7_bsp/\libhal_bsp.a(altera_nios2_qsys_irq.o)
 .debug_str     0x0000079f      0x108 c:/program/altera/13.0/nios2eds/bin/gnu/h-i686-mingw32/bin/../lib/gcc/nios2-elf/4.1.2/mno-hw-mul\libgcc.a(lib2-divmod.o)
                                0x1b1 (size before relaxing)
 .debug_str     0x000008a7       0x37 c:/program/altera/13.0/nios2eds/bin/gnu/h-i686-mingw32/bin/../lib/gcc/nios2-elf/4.1.2/mno-hw-mul\libgcc.a(lib2-mul.o)
                                0x172 (size before relaxing)

.debug_loc      0x00000000      0x734
 *(.debug_loc)
 .debug_loc     0x00000000       0x2b obj/default/seg_pio.o
 .debug_loc     0x0000002b       0xa2 c:/program/altera/13.0/nios2eds/bin/gnu/h-i686-mingw32/bin/../lib/gcc/nios2-elf/4.1.2/../../../../nios2-elf/lib/mno-hw-mul\libsmallc.a(lib_a-puts.o)
 .debug_loc     0x000000cd       0x1e c:/program/altera/13.0/nios2eds/bin/gnu/h-i686-mingw32/bin/../lib/gcc/nios2-elf/4.1.2/../../../../nios2-elf/lib/mno-hw-mul\libsmallc.a(lib_a-strlen.o)
 .debug_loc     0x000000eb      0x162 c:/program/altera/13.0/nios2eds/bin/gnu/h-i686-mingw32/bin/../lib/gcc/nios2-elf/4.1.2/../../../../nios2-elf/lib/mno-hw-mul\libsmallc.a(lib_a-fvwrite_small_dev.o)
 .debug_loc     0x0000024d       0x97 c:/program/altera/13.0/nios2eds/bin/gnu/h-i686-mingw32/bin/../lib/gcc/nios2-elf/4.1.2/../../../../nios2-elf/lib/mno-hw-mul\libsmallc.a(lib_a-writer.o)
 .debug_loc     0x000002e4       0x56 ../seg7_bsp/\libhal_bsp.a(alt_load.o)
 .debug_loc     0x0000033a       0x2b ../seg7_bsp/\libhal_bsp.a(alt_main.o)
 .debug_loc     0x00000365       0x2b ../seg7_bsp/\libhal_bsp.a(alt_usleep.o)
 .debug_loc     0x00000390       0x56 ../seg7_bsp/\libhal_bsp.a(alt_write.o)
 .debug_loc     0x000003e6       0x56 ../seg7_bsp/\libhal_bsp.a(alt_sys_init.o)
 .debug_loc     0x0000043c       0x2b ../seg7_bsp/\libhal_bsp.a(altera_avalon_jtag_uart_write.o)
 .debug_loc     0x00000467       0x2b ../seg7_bsp/\libhal_bsp.a(alt_busy_sleep.o)
 .debug_loc     0x00000492       0x2b ../seg7_bsp/\libhal_bsp.a(alt_dcache_flush_all.o)
 .debug_loc     0x000004bd       0x2b ../seg7_bsp/\libhal_bsp.a(alt_icache_flush_all.o)
 .debug_loc     0x000004e8       0x2b ../seg7_bsp/\libhal_bsp.a(altera_nios2_qsys_irq.o)
 .debug_loc     0x00000513      0x1d2 c:/program/altera/13.0/nios2eds/bin/gnu/h-i686-mingw32/bin/../lib/gcc/nios2-elf/4.1.2/mno-hw-mul\libgcc.a(lib2-divmod.o)
 .debug_loc     0x000006e5       0x4f c:/program/altera/13.0/nios2eds/bin/gnu/h-i686-mingw32/bin/../lib/gcc/nios2-elf/4.1.2/mno-hw-mul\libgcc.a(lib2-mul.o)

.debug_macinfo
 *(.debug_macinfo)

.debug_weaknames
 *(.debug_weaknames)

.debug_funcnames
 *(.debug_funcnames)

.debug_typenames
 *(.debug_typenames)

.debug_varnames
 *(.debug_varnames)

.debug_alt_sim_info
                0x00000000       0x40
 *(.debug_alt_sim_info)
 .debug_alt_sim_info
                0x00000000       0x10 ../seg7_bsp//obj/HAL/src/crt0.o
 .debug_alt_sim_info
                0x00000010       0x30 ../seg7_bsp/\libhal_bsp.a(alt_busy_sleep.o)
                0x00002000                __alt_data_end = 0x2000
                0x00002000                PROVIDE (__alt_stack_pointer, __alt_data_end)
                0x00001b74                PROVIDE (__alt_stack_limit, __alt_stack_base)
                0x00001b74                PROVIDE (__alt_heap_start, end)
                0x00002000                PROVIDE (__alt_heap_limit, 0x2000)
OUTPUT(seg7.elf elf32-littlenios2)

.debug_ranges   0x00000000       0x20
 .debug_ranges  0x00000000       0x20 ../seg7_bsp//obj/HAL/src/crt0.o
